Archive member included because of file (symbol)

/usr/local/gcc-arm-none-eabi-4_8-2014q2/bin/../lib/gcc/arm-none-eabi/4.8.4/../../../../arm-none-eabi/lib/armv7-m/libc.a(lib_a-assert.o)
                              build/obj/atmel_adc.o (__assert_func)
/usr/local/gcc-arm-none-eabi-4_8-2014q2/bin/../lib/gcc/arm-none-eabi/4.8.4/../../../../arm-none-eabi/lib/armv7-m/libc.a(lib_a-fiprintf.o)
                              /usr/local/gcc-arm-none-eabi-4_8-2014q2/bin/../lib/gcc/arm-none-eabi/4.8.4/../../../../arm-none-eabi/lib/armv7-m/libc.a(lib_a-assert.o) (fiprintf)
/usr/local/gcc-arm-none-eabi-4_8-2014q2/bin/../lib/gcc/arm-none-eabi/4.8.4/../../../../arm-none-eabi/lib/armv7-m/libc.a(lib_a-impure.o)
                              /usr/local/gcc-arm-none-eabi-4_8-2014q2/bin/../lib/gcc/arm-none-eabi/4.8.4/../../../../arm-none-eabi/lib/armv7-m/libc.a(lib_a-assert.o) (_impure_ptr)
/usr/local/gcc-arm-none-eabi-4_8-2014q2/bin/../lib/gcc/arm-none-eabi/4.8.4/../../../../arm-none-eabi/lib/armv7-m/libc.a(lib_a-memset.o)
                              build/obj/syscalls.o (memset)
/usr/local/gcc-arm-none-eabi-4_8-2014q2/bin/../lib/gcc/arm-none-eabi/4.8.4/../../../../arm-none-eabi/lib/armv7-m/libc.a(lib_a-vfiprintf.o)
                              /usr/local/gcc-arm-none-eabi-4_8-2014q2/bin/../lib/gcc/arm-none-eabi/4.8.4/../../../../arm-none-eabi/lib/armv7-m/libc.a(lib_a-fiprintf.o) (_vfiprintf_r)
/usr/local/gcc-arm-none-eabi-4_8-2014q2/bin/../lib/gcc/arm-none-eabi/4.8.4/../../../../arm-none-eabi/lib/armv7-m/libc.a(lib_a-wsetup.o)
                              /usr/local/gcc-arm-none-eabi-4_8-2014q2/bin/../lib/gcc/arm-none-eabi/4.8.4/../../../../arm-none-eabi/lib/armv7-m/libc.a(lib_a-vfiprintf.o) (__swsetup_r)
/usr/local/gcc-arm-none-eabi-4_8-2014q2/bin/../lib/gcc/arm-none-eabi/4.8.4/../../../../arm-none-eabi/lib/armv7-m/libc.a(lib_a-abort.o)
                              /usr/local/gcc-arm-none-eabi-4_8-2014q2/bin/../lib/gcc/arm-none-eabi/4.8.4/../../../../arm-none-eabi/lib/armv7-m/libc.a(lib_a-assert.o) (abort)
/usr/local/gcc-arm-none-eabi-4_8-2014q2/bin/../lib/gcc/arm-none-eabi/4.8.4/../../../../arm-none-eabi/lib/armv7-m/libc.a(lib_a-fflush.o)
                              /usr/local/gcc-arm-none-eabi-4_8-2014q2/bin/../lib/gcc/arm-none-eabi/4.8.4/../../../../arm-none-eabi/lib/armv7-m/libc.a(lib_a-vfiprintf.o) (_fflush_r)
/usr/local/gcc-arm-none-eabi-4_8-2014q2/bin/../lib/gcc/arm-none-eabi/4.8.4/../../../../arm-none-eabi/lib/armv7-m/libc.a(lib_a-findfp.o)
                              /usr/local/gcc-arm-none-eabi-4_8-2014q2/bin/../lib/gcc/arm-none-eabi/4.8.4/../../../../arm-none-eabi/lib/armv7-m/libc.a(lib_a-vfiprintf.o) (__sinit)
/usr/local/gcc-arm-none-eabi-4_8-2014q2/bin/../lib/gcc/arm-none-eabi/4.8.4/../../../../arm-none-eabi/lib/armv7-m/libc.a(lib_a-fputwc.o)
                              /usr/local/gcc-arm-none-eabi-4_8-2014q2/bin/../lib/gcc/arm-none-eabi/4.8.4/../../../../arm-none-eabi/lib/armv7-m/libc.a(lib_a-vfiprintf.o) (_fputwc_r)
/usr/local/gcc-arm-none-eabi-4_8-2014q2/bin/../lib/gcc/arm-none-eabi/4.8.4/../../../../arm-none-eabi/lib/armv7-m/libc.a(lib_a-freer.o)
                              /usr/local/gcc-arm-none-eabi-4_8-2014q2/bin/../lib/gcc/arm-none-eabi/4.8.4/../../../../arm-none-eabi/lib/armv7-m/libc.a(lib_a-wsetup.o) (_free_r)
/usr/local/gcc-arm-none-eabi-4_8-2014q2/bin/../lib/gcc/arm-none-eabi/4.8.4/../../../../arm-none-eabi/lib/armv7-m/libc.a(lib_a-fvwrite.o)
                              /usr/local/gcc-arm-none-eabi-4_8-2014q2/bin/../lib/gcc/arm-none-eabi/4.8.4/../../../../arm-none-eabi/lib/armv7-m/libc.a(lib_a-vfiprintf.o) (__sfvwrite_r)
/usr/local/gcc-arm-none-eabi-4_8-2014q2/bin/../lib/gcc/arm-none-eabi/4.8.4/../../../../arm-none-eabi/lib/armv7-m/libc.a(lib_a-fwalk.o)
                              /usr/local/gcc-arm-none-eabi-4_8-2014q2/bin/../lib/gcc/arm-none-eabi/4.8.4/../../../../arm-none-eabi/lib/armv7-m/libc.a(lib_a-findfp.o) (_fwalk)
/usr/local/gcc-arm-none-eabi-4_8-2014q2/bin/../lib/gcc/arm-none-eabi/4.8.4/../../../../arm-none-eabi/lib/armv7-m/libc.a(lib_a-locale.o)
                              /usr/local/gcc-arm-none-eabi-4_8-2014q2/bin/../lib/gcc/arm-none-eabi/4.8.4/../../../../arm-none-eabi/lib/armv7-m/libc.a(lib_a-fputwc.o) (__locale_mb_cur_max)
/usr/local/gcc-arm-none-eabi-4_8-2014q2/bin/../lib/gcc/arm-none-eabi/4.8.4/../../../../arm-none-eabi/lib/armv7-m/libc.a(lib_a-makebuf.o)
                              /usr/local/gcc-arm-none-eabi-4_8-2014q2/bin/../lib/gcc/arm-none-eabi/4.8.4/../../../../arm-none-eabi/lib/armv7-m/libc.a(lib_a-wsetup.o) (__smakebuf_r)
/usr/local/gcc-arm-none-eabi-4_8-2014q2/bin/../lib/gcc/arm-none-eabi/4.8.4/../../../../arm-none-eabi/lib/armv7-m/libc.a(lib_a-mallocr.o)
                              /usr/local/gcc-arm-none-eabi-4_8-2014q2/bin/../lib/gcc/arm-none-eabi/4.8.4/../../../../arm-none-eabi/lib/armv7-m/libc.a(lib_a-findfp.o) (_malloc_r)
[...]
Memory Configuration

Name             Origin             Length             Attributes
flash            0x00400000         0x00020000
ram              0x20000000         0x00008000
*default*        0x00000000         0xffffffff

Linker script and memory map

LOAD build/obj/crt0.o
LOAD build/obj/vectors.o
LOAD build/obj/chcore.o
LOAD build/obj/chcore_v7m.o
LOAD build/obj/nvic.o
LOAD build/obj/chsys.o
LOAD build/obj/chlists.o
LOAD build/obj/chvt.o
LOAD build/obj/chschd.o
LOAD build/obj/chthreads.o
LOAD build/obj/chdynamic.o
LOAD build/obj/chregistry.o
LOAD build/obj/chsem.o
LOAD build/obj/chmtx.o
LOAD build/obj/chcond.o
LOAD build/obj/chevents.o
LOAD build/obj/chmsg.o
LOAD build/obj/chmboxes.o
LOAD build/obj/chqueues.o
LOAD build/obj/chmemcore.o
LOAD build/obj/chheap.o
LOAD build/obj/chmempools.o
LOAD build/obj/test.o
LOAD build/obj/testthd.o
LOAD build/obj/testsem.o
LOAD build/obj/testmtx.o
LOAD build/obj/testmsg.o
LOAD build/obj/testmbox.o
LOAD build/obj/testevt.o
LOAD build/obj/testheap.o
LOAD build/obj/testpools.o
LOAD build/obj/testdyn.o
LOAD build/obj/testqueues.o
LOAD build/obj/testbmk.o
LOAD build/obj/hal.o
LOAD build/obj/pal.o
LOAD build/obj/serial.o
LOAD build/obj/hal_lld.o
LOAD build/obj/system_SAM3.o
LOAD build/obj/pal_lld.o
LOAD build/obj/serial_lld.o
LOAD build/obj/atmel_adc.o
LOAD build/obj/pio.o
LOAD build/obj/pmc.o
LOAD build/obj/board.o
LOAD build/obj/evtimer.o
LOAD build/obj/syscalls.o
LOAD build/obj/chprintf.o
LOAD build/obj/main.o
START GROUP
LOAD /usr/local/gcc-arm-none-eabi-4_8-2014q2/bin/../lib/gcc/arm-none-eabi/4.8.4/armv7-m/libgcc.a
LOAD /usr/local/gcc-arm-none-eabi-4_8-2014q2/bin/../lib/gcc/arm-none-eabi/4.8.4/../../../../arm-none-eabi/lib/armv7-m/libc.a
END GROUP
                0x00000400                __main_stack_size__ = 0x400
                0x00000400                __process_stack_size__ = 0x400
                0x00000800                __stacks_total_size__ = (__main_stack_size__ + __process_stack_size__)
                0x20000000                __ram_start__ = ORIGIN (ram)
                0x00008000                __ram_size__ = 0x8000
                0x20008000                __ram_end__ = (__ram_start__ + __ram_size__)
                0x00000000                . = 0x0
                0x00000000                _text = .

startup         0x00400000       0xd0
 *(vectors)
 vectors        0x00400000       0xd0 build/obj/vectors.o
                0x00400000                _vectors

constructors    0x004000d0        0x0
                0x004000d0                PROVIDE (__init_array_start, .)
 *(SORT(.init_array.*))
 *(.init_array)
                0x004000d0                PROVIDE (__init_array_end, .)

destructors     0x004000d0        0x0
                0x004000d0                PROVIDE (__fini_array_start, .)
 *(.fini_array)
 *(SORT(.fini_array.*))
                0x004000d0                PROVIDE (__fini_array_end, .)

.text           0x004000d0     0x4cd0
 *(.text.startup.*)
 .text.startup.main
                0x004000d0      0x120 build/obj/main.o
                0x004000d0                main
 *(.text)
 .text          0x004001f0       0xec /usr/local/gcc-arm-none-eabi-4_8-2014q2/bin/../lib/gcc/arm-none-eabi/4.8.4/../../../../arm-none-eabi/lib/armv7-m/libc.a(lib_a-memcpy.o)
                0x004001f0                memcpy
 *fill*         0x004002dc        0x4 
 .text          0x004002e0       0x2c /usr/local/gcc-arm-none-eabi-4_8-2014q2/bin/../lib/gcc/arm-none-eabi/4.8.4/armv7-m/libgcc.a(_aeabi_uldivmod.o)
                0x004002e0                __aeabi_uldivmod
 *fill*         0x0040030c        0x4 
 .text          0x00400310       0x60 /usr/local/gcc-arm-none-eabi-4_8-2014q2/bin/../lib/gcc/arm-none-eabi/4.8.4/armv7-m/libgcc.a(bpabi.o)
                0x00400310                __gnu_ldivmod_helper
                0x00400340                __gnu_uldivmod_helper
 .text          0x00400370        0x4 /usr/local/gcc-arm-none-eabi-4_8-2014q2/bin/../lib/gcc/arm-none-eabi/4.8.4/armv7-m/libgcc.a(_dvmd_tls.o)
                0x00400370                __aeabi_ldiv0
                0x00400370                __aeabi_idiv0
 *fill*         0x00400374        0xc 
 .text          0x00400380      0x2a0 /usr/local/gcc-arm-none-eabi-4_8-2014q2/bin/../lib/gcc/arm-none-eabi/4.8.4/armv7-m/libgcc.a(_divdi3.o)
                0x00400380                __divdi3
 .text          0x00400620      0x290 /usr/local/gcc-arm-none-eabi-4_8-2014q2/bin/../lib/gcc/arm-none-eabi/4.8.4/armv7-m/libgcc.a(_udivdi3.o)
                0x00400620                __udivdi3
 *(.text.*)
 .text.__late_init
                0x004008b0       0x10 build/obj/crt0.o
                0x004008b0                __late_init
 .text._default_exit
                0x004008c0       0x10 build/obj/crt0.o
                0x004008c0                _default_exit
 .text.ResetHandler
                0x004008d0      0x100 build/obj/crt0.o
                0x004008d0                ResetHandler
 .text._unhandled_exception
                0x004009d0       0x10 build/obj/vectors.o
                0x004009d0                Vector58
                0x004009d0                Vector9C
                0x004009d0                VectorAC
                0x004009d0                Vector5C
                0x004009d0                NMIVector
                0x004009d0                Vector8C
                0x004009d0                VectorC8
                0x004009d0                Vector94
                0x004009d0                VectorA8
                0x004009d0                VectorB4
                0x004009d0                Vector74
                0x004009d0                UsageFaultVector
                0x004009d0                DebugMonitorVector
                0x004009d0                Vector40
                0x004009d0                VectorBC
                0x004009d0                PendSVVector
                0x004009d0                VectorCC
                0x004009d0                Vector54
                0x004009d0                Vector98
                0x004009d0                Vector24
                0x004009d0                Vector84
                0x004009d0                BusFaultVector
                0x004009d0                VectorC0
                0x004009d0                HardFaultVector
                0x004009d0                MemManageVector
                0x004009d0                Vector6C
                0x004009d0                VectorA0
                0x004009d0                VectorC4
                0x004009d0                Vector7C
                0x004009d0                VectorB0
                0x004009d0                Vector90
                0x004009d0                Vector1C
                0x004009d0                Vector48
                0x004009d0                Vector70
                0x004009d0                Vector4C
                0x004009d0                Vector80
                0x004009d0                Vector68
                0x004009d0                Vector78
                0x004009d0                _unhandled_exception
                0x004009d0                Vector88
                0x004009d0                Vector50
                0x004009d0                Vector44
                0x004009d0                Vector28
                0x004009d0                VectorB8
                0x004009d0                Vector34
                0x004009d0                VectorA4
                0x004009d0                Vector20
 .text._port_switch_from_isr
                0x004009e0       0x10 build/obj/chcore_v7m.o
                0x004009e0                _port_switch_from_isr
 .text.SVCallVector
                0x004009f0       0x20 build/obj/chcore_v7m.o
                0x004009f0                SVCallVector
 .text._port_init
                0x00400a10       0x40 build/obj/chcore_v7m.o
                0x00400a10                _port_init
 .text._port_irq_epilogue
                0x00400a50       0x80 build/obj/chcore_v7m.o
                0x00400a50                _port_irq_epilogue
 .text.SysTickVector
                0x00400ad0       0x20 build/obj/chcore_v7m.o
                0x00400ad0                SysTickVector
 .text._port_switch
                0x00400af0       0x10 build/obj/chcore_v7m.o
                0x00400af0                _port_switch
 .text._port_thread_start
                0x00400b00       0x10 build/obj/chcore_v7m.o
                0x00400b00                _port_thread_start
 .text.nvicEnableVector
                0x00400b10       0x50 build/obj/nvic.o
                0x00400b10                nvicEnableVector
 .text.nvicSetSystemHandlerPriority
                0x00400b60       0x30 build/obj/nvic.o
                0x00400b60                nvicSetSystemHandlerPriority
 .text._idle_thread
                0x00400b90       0x20 build/obj/chsys.o
                0x00400b90                _idle_thread
 .text.chSysInit
                0x00400bb0       0x60 build/obj/chsys.o
                0x00400bb0                chSysInit
 .text.chSysTimerHandlerI
                0x00400c10       0x60 build/obj/chsys.o
                0x00400c10                chSysTimerHandlerI
 .text._vt_init
                0x00400c70       0x20 build/obj/chvt.o
                0x00400c70                _vt_init
 .text.chVTSetI
                0x00400c90       0x40 build/obj/chvt.o
                0x00400c90                chVTSetI
 .text.chVTResetI
                0x00400cd0       0x30 build/obj/chvt.o
                0x00400cd0                chVTResetI
 .text.wakeup   0x00400d00       0x60 build/obj/chschd.o
 .text._scheduler_init
                0x00400d60       0x20 build/obj/chschd.o
                0x00400d60                _scheduler_init
 .text.chSchReadyI
                0x00400d80       0x30 build/obj/chschd.o
                0x00400d80                chSchReadyI
 .text.chSchGoSleepS
                0x00400db0       0x30 build/obj/chschd.o
                0x00400db0                chSchGoSleepS
 .text.chSchGoSleepTimeoutS
                0x00400de0       0x50 build/obj/chschd.o
                0x00400de0                chSchGoSleepTimeoutS
 .text.chSchWakeupS
                0x00400e30       0x70 build/obj/chschd.o
                0x00400e30                chSchWakeupS
 .text.chSchDoReschedule
                0x00400ea0       0x40 build/obj/chschd.o
                0x00400ea0                chSchDoReschedule
 .text._thread_init
                0x00400ee0       0x50 build/obj/chthreads.o
                0x00400ee0                _thread_init
 .text.chThdCreateStatic
                0x00400f30       0x90 build/obj/chthreads.o
                0x00400f30                chThdCreateStatic
 .text.chThdSleep
                0x00400fc0       0x20 build/obj/chthreads.o
                0x00400fc0                chThdSleep
 .text.chThdExitS
                0x00400fe0       0x40 build/obj/chthreads.o
                0x00400fe0                chThdExitS
 .text.chThdExit
                0x00401020       0x10 build/obj/chthreads.o
                0x00401020                chThdExit
 .text.chMtxInit
                0x00401030       0x10 build/obj/chmtx.o
                0x00401030                chMtxInit
 .text.chEvtSignalFlagsI
                0x00401040       0x30 build/obj/chevents.o
                0x00401040                chEvtSignalFlagsI
 .text.chEvtBroadcastFlagsI
                0x00401070       0x20 build/obj/chevents.o
                0x00401070                chEvtBroadcastFlagsI
 .text.qwait    0x00401090       0x30 build/obj/chqueues.o
 .text.chIQInit
                0x004010c0       0x20 build/obj/chqueues.o
                0x004010c0                chIQInit
 .text.chIQPutI
                0x004010e0       0x50 build/obj/chqueues.o
                0x004010e0                chIQPutI
 .text.chIQGetTimeout
                0x00401130       0x50 build/obj/chqueues.o
                0x00401130                chIQGetTimeout
 .text.chIQReadTimeout
                0x00401180       0x80 build/obj/chqueues.o
                0x00401180                chIQReadTimeout
 .text.chOQInit
                0x00401200       0x20 build/obj/chqueues.o
                0x00401200                chOQInit
 .text.chOQPutTimeout
                0x00401220       0x60 build/obj/chqueues.o
                0x00401220                chOQPutTimeout
 .text.chOQGetI
                0x00401280       0x50 build/obj/chqueues.o
                0x00401280                chOQGetI
 .text.chOQWriteTimeout
                0x004012d0       0x80 build/obj/chqueues.o
                0x004012d0                chOQWriteTimeout
 .text._core_init
                0x00401350       0x30 build/obj/chmemcore.o
                0x00401350                _core_init
 .text.chCoreAlloc
                0x00401380       0x40 build/obj/chmemcore.o
                0x00401380                chCoreAlloc
 .text._heap_init
                0x004013c0       0x20 build/obj/chheap.o
                0x004013c0                _heap_init
 .text.halInit  0x004013e0       0x20 build/obj/hal.o
                0x004013e0                halInit
 .text.putwouldblock
                0x00401400       0x10 build/obj/serial.o
 .text.getwouldblock
                0x00401410       0x10 build/obj/serial.o
 .text.getflags
                0x00401420       0x20 build/obj/serial.o
 .text.readt    0x00401440       0x10 build/obj/serial.o
 .text.reads    0x00401450       0x10 build/obj/serial.o
 .text.writet   0x00401460       0x10 build/obj/serial.o
 .text.writes   0x00401470       0x10 build/obj/serial.o
 .text.gett     0x00401480       0x10 build/obj/serial.o
 .text.putt     0x00401490       0x10 build/obj/serial.o
 .text.sdInit   0x004014a0       0x10 build/obj/serial.o
                0x004014a0                sdInit
 .text.sdObjectInit
                0x004014b0       0x40 build/obj/serial.o
                0x004014b0                sdObjectInit
 .text.sdStart  0x004014f0       0x20 build/obj/serial.o
                0x004014f0                sdStart
 .text.sdIncomingDataI
                0x00401510       0x50 build/obj/serial.o
                0x00401510                sdIncomingDataI
 .text.hal_lld_init
                0x00401560       0x40 build/obj/hal_lld.o
                0x00401560                hal_lld_init
 .text.at91sam3_clock_init
                0x004015a0       0x10 build/obj/hal_lld.o
                0x004015a0                at91sam3_clock_init
 .text.SystemCoreClockUpdate
                0x004015b0      0x100 build/obj/system_SAM3.o
                0x004015b0                SystemCoreClockUpdate
 .text.SystemInit
                0x004016b0       0xa0 build/obj/system_SAM3.o
                0x004016b0                SystemInit
 .text._pal_lld_init
                0x00401750       0xc0 build/obj/pal_lld.o
                0x00401750                _pal_lld_init
 .text._pal_lld_setgroupmode
                0x00401810       0x40 build/obj/pal_lld.o
                0x00401810                _pal_lld_setgroupmode
 .text.notify1  0x00401850       0x10 build/obj/serial_lld.o
 .text.notify2  0x00401860       0x10 build/obj/serial_lld.o
 .text.serve_interrupt
                0x00401870       0xb0 build/obj/serial_lld.o
 .text.Vector60
                0x00401920       0x20 build/obj/serial_lld.o
                0x00401920                Vector60
 .text.Vector64
                0x00401940       0x20 build/obj/serial_lld.o
                0x00401940                Vector64
 .text.sd_lld_init
                0x00401960       0x60 build/obj/serial_lld.o
                0x00401960                sd_lld_init
 .text.sd_lld_start
                0x004019c0       0xb0 build/obj/serial_lld.o
                0x004019c0                sd_lld_start
 .text.calcul_startup
                0x00401a70       0x90 build/obj/atmel_adc.o
 .text.ADC_Initialize
                0x00401b00       0x30 build/obj/atmel_adc.o
                0x00401b00                ADC_Initialize
 .text.ADC_cfgFrequency
                0x00401b30       0x20 build/obj/atmel_adc.o
                0x00401b30                ADC_cfgFrequency
 .text.ADC_check
                0x00401b50      0x100 build/obj/atmel_adc.o
                0x00401b50                ADC_check
 .text.PIO_Configure
                0x00401c50      0x160 build/obj/pio.o
                0x00401c50                PIO_Configure
 .text.PMC_EnablePeripheral
                0x00401db0       0x60 build/obj/pmc.o
                0x00401db0                PMC_EnablePeripheral
 .text.PmcMasterClockSelection
                0x00401e10       0x90 build/obj/pmc.o
                0x00401e10                PmcMasterClockSelection
 .text.ConfigurePck
                0x00401ea0       0x30 build/obj/pmc.o
                0x00401ea0                ConfigurePck
 .text.PmcConfigurePllClock
                0x00401ed0       0x70 build/obj/pmc.o
                0x00401ed0                PmcConfigurePllClock
 .text.__early_init
                0x00401f40       0x10 build/obj/board.o
                0x00401f40                __early_init
 .text.boardInit
                0x00401f50       0x60 build/obj/board.o
                0x00401f50                boardInit
 .text._read_r  0x00401fb0       0x10 build/obj/syscalls.o
                0x00401fb0                _read_r
 .text._lseek_r
                0x00401fc0       0x10 build/obj/syscalls.o
                0x00401fc0                _lseek_r
 .text._write_r
                0x00401fd0       0x10 build/obj/syscalls.o
                0x00401fd0                _write_r
 .text._close_r
                0x00401fe0       0x10 build/obj/syscalls.o
                0x00401fe0                _close_r
 .text._sbrk_r  0x00401ff0       0x20 build/obj/syscalls.o
                0x00401ff0                _sbrk_r
 .text._fstat_r
                0x00402010       0x20 build/obj/syscalls.o
                0x00402010                _fstat_r
 .text._isatty_r
                0x00402030       0x10 build/obj/syscalls.o
                0x00402030                _isatty_r
 .text._getpid  0x00402040       0x10 build/obj/syscalls.o
                0x00402040                _getpid
 .text._exit    0x00402050       0x10 build/obj/syscalls.o
                0x00402050                _exit
 .text._kill    0x00402060       0x10 build/obj/syscalls.o
                0x00402060                _kill
 .text.ltoa     0x00402070       0x50 build/obj/chprintf.o
 .text.chprintf
                0x004020c0      0x270 build/obj/chprintf.o
                0x004020c0                chprintf
 .text.Thread1  0x00402330       0x20 build/obj/main.o
 .text.__assert_func
                0x00402350       0x3c /usr/local/gcc-arm-none-eabi-4_8-2014q2/bin/../lib/gcc/arm-none-eabi/4.8.4/../../../../arm-none-eabi/lib/armv7-m/libc.a(lib_a-assert.o)
                0x00402350                __assert_func
 *fill*         0x0040238c        0x4 
 .text.fiprintf
                0x00402390       0x28 /usr/local/gcc-arm-none-eabi-4_8-2014q2/bin/../lib/gcc/arm-none-eabi/4.8.4/../../../../arm-none-eabi/lib/armv7-m/libc.a(lib_a-fiprintf.o)
                0x00402390                fiprintf
 *fill*         0x004023b8        0x8 
 .text.memset   0x004023c0       0x94 /usr/local/gcc-arm-none-eabi-4_8-2014q2/bin/../lib/gcc/arm-none-eabi/4.8.4/../../../../arm-none-eabi/lib/armv7-m/libc.a(lib_a-memset.o)
                0x004023c0                memset
 *fill*         0x00402454        0xc 
 .text.__sprint_r.part.0
                0x00402460       0x78 /usr/local/gcc-arm-none-eabi-4_8-2014q2/bin/../lib/gcc/arm-none-eabi/4.8.4/../../../../arm-none-eabi/lib/armv7-m/libc.a(lib_a-vfiprintf.o)
 *fill*         0x004024d8        0x8 
 .text._vfiprintf_r
                0x004024e0      0xc54 /usr/local/gcc-arm-none-eabi-4_8-2014q2/bin/../lib/gcc/arm-none-eabi/4.8.4/../../../../arm-none-eabi/lib/armv7-m/libc.a(lib_a-vfiprintf.o)
                0x004024e0                _vfiprintf_r
 *fill*         0x00403134        0xc 
 .text.__sbprintf
                0x00403140       0x7c /usr/local/gcc-arm-none-eabi-4_8-2014q2/bin/../lib/gcc/arm-none-eabi/4.8.4/../../../../arm-none-eabi/lib/armv7-m/libc.a(lib_a-vfiprintf.o)
 *fill*         0x004031bc        0x4 
 .text.__swsetup_r
                0x004031c0       0xc4 /usr/local/gcc-arm-none-eabi-4_8-2014q2/bin/../lib/gcc/arm-none-eabi/4.8.4/../../../../arm-none-eabi/lib/armv7-m/libc.a(lib_a-wsetup.o)
                0x004031c0                __swsetup_r
 *fill*         0x00403284        0xc 
 .text.abort    0x00403290       0x10 /usr/local/gcc-arm-none-eabi-4_8-2014q2/bin/../lib/gcc/arm-none-eabi/4.8.4/../../../../arm-none-eabi/lib/armv7-m/libc.a(lib_a-abort.o)
                0x00403290                abort
 .text.__sflush_r
                0x004032a0      0x148 /usr/local/gcc-arm-none-eabi-4_8-2014q2/bin/../lib/gcc/arm-none-eabi/4.8.4/../../../../arm-none-eabi/lib/armv7-m/libc.a(lib_a-fflush.o)
                0x004032a0                __sflush_r
 *fill*         0x004033e8        0x8 
 .text._fflush_r
                0x004033f0       0x2c /usr/local/gcc-arm-none-eabi-4_8-2014q2/bin/../lib/gcc/arm-none-eabi/4.8.4/../../../../arm-none-eabi/lib/armv7-m/libc.a(lib_a-fflush.o)
                0x004033f0                _fflush_r
 *fill*         0x0040341c        0x4 
 .text._cleanup_r
                0x00403420        0xc /usr/local/gcc-arm-none-eabi-4_8-2014q2/bin/../lib/gcc/arm-none-eabi/4.8.4/../../../../arm-none-eabi/lib/armv7-m/libc.a(lib_a-findfp.o)
                0x00403420                _cleanup_r
 *fill*         0x0040342c        0x4 
 .text.__sinit  0x00403430       0xf4 /usr/local/gcc-arm-none-eabi-4_8-2014q2/bin/../lib/gcc/arm-none-eabi/4.8.4/../../../../arm-none-eabi/lib/armv7-m/libc.a(lib_a-findfp.o)
                0x00403430                __sinit
 *fill*         0x00403524        0xc 
 .text.__sfp_lock_acquire
                0x00403530        0x4 /usr/local/gcc-arm-none-eabi-4_8-2014q2/bin/../lib/gcc/arm-none-eabi/4.8.4/../../../../arm-none-eabi/lib/armv7-m/libc.a(lib_a-findfp.o)
                0x00403530                __sfp_lock_acquire
 *fill*         0x00403534        0xc 
 .text.__sfp_lock_release
                0x00403540        0x4 /usr/local/gcc-arm-none-eabi-4_8-2014q2/bin/../lib/gcc/arm-none-eabi/4.8.4/../../../../arm-none-eabi/lib/armv7-m/libc.a(lib_a-findfp.o)
                0x00403540                __sfp_lock_release
 *fill*         0x00403544        0xc 
 .text._fputwc_r
                0x00403550       0xc0 /usr/local/gcc-arm-none-eabi-4_8-2014q2/bin/../lib/gcc/arm-none-eabi/4.8.4/../../../../arm-none-eabi/lib/armv7-m/libc.a(lib_a-fputwc.o)
                0x00403550                _fputwc_r
 .text._malloc_trim_r
                0x00403610       0x9c /usr/local/gcc-arm-none-eabi-4_8-2014q2/bin/../lib/gcc/arm-none-eabi/4.8.4/../../../../arm-none-eabi/lib/armv7-m/libc.a(lib_a-freer.o)
                0x00403610                _malloc_trim_r
 *fill*         0x004036ac        0x4 
 .text._free_r  0x004036b0      0x198 /usr/local/gcc-arm-none-eabi-4_8-2014q2/bin/../lib/gcc/arm-none-eabi/4.8.4/../../../../arm-none-eabi/lib/armv7-m/libc.a(lib_a-freer.o)
                0x004036b0                _free_r
 *fill*         0x00403848        0x8 
 .text.__sfvwrite_r
                0x00403850      0x318 /usr/local/gcc-arm-none-eabi-4_8-2014q2/bin/../lib/gcc/arm-none-eabi/4.8.4/../../../../arm-none-eabi/lib/armv7-m/libc.a(lib_a-fvwrite.o)
                0x00403850                __sfvwrite_r
 *fill*         0x00403b68        0x8 
 .text._fwalk   0x00403b70       0x48 /usr/local/gcc-arm-none-eabi-4_8-2014q2/bin/../lib/gcc/arm-none-eabi/4.8.4/../../../../arm-none-eabi/lib/armv7-m/libc.a(lib_a-fwalk.o)
                0x00403b70                _fwalk
 *fill*         0x00403bb8        0x8 
 .text.__locale_charset
                0x00403bc0        0x8 /usr/local/gcc-arm-none-eabi-4_8-2014q2/bin/../lib/gcc/arm-none-eabi/4.8.4/../../../../arm-none-eabi/lib/armv7-m/libc.a(lib_a-locale.o)
                0x00403bc0                __locale_charset
 *fill*         0x00403bc8        0x8 
 .text.__locale_mb_cur_max
                0x00403bd0        0xc /usr/local/gcc-arm-none-eabi-4_8-2014q2/bin/../lib/gcc/arm-none-eabi/4.8.4/../../../../arm-none-eabi/lib/armv7-m/libc.a(lib_a-locale.o)
                0x00403bd0                __locale_mb_cur_max
 *fill*         0x00403bdc        0x4 
 .text.__smakebuf_r
                0x00403be0       0xe0 /usr/local/gcc-arm-none-eabi-4_8-2014q2/bin/../lib/gcc/arm-none-eabi/4.8.4/../../../../arm-none-eabi/lib/armv7-m/libc.a(lib_a-makebuf.o)
                0x00403be0                __smakebuf_r
 .text._malloc_r
                0x00403cc0      0x538 /usr/local/gcc-arm-none-eabi-4_8-2014q2/bin/../lib/gcc/arm-none-eabi/4.8.4/../../../../arm-none-eabi/lib/armv7-m/libc.a(lib_a-mallocr.o)
                0x00403cc0                _malloc_r
 *fill*         0x004041f8        0x8 
 .text.memchr   0x00404200       0x94 /usr/local/gcc-arm-none-eabi-4_8-2014q2/bin/../lib/gcc/arm-none-eabi/4.8.4/../../../../arm-none-eabi/lib/armv7-m/libc.a(lib_a-memchr-stub.o)
                0x00404200                memchr
 *fill*         0x00404294        0xc 
 .text.memmove  0x004042a0       0xcc /usr/local/gcc-arm-none-eabi-4_8-2014q2/bin/../lib/gcc/arm-none-eabi/4.8.4/../../../../arm-none-eabi/lib/armv7-m/libc.a(lib_a-memmove.o)
                0x004042a0                memmove
 *fill*         0x0040436c        0x4 
 .text.__malloc_lock
                0x00404370        0x4 /usr/local/gcc-arm-none-eabi-4_8-2014q2/bin/../lib/gcc/arm-none-eabi/4.8.4/../../../../arm-none-eabi/lib/armv7-m/libc.a(lib_a-mlock.o)
                0x00404370                __malloc_lock
 *fill*         0x00404374        0xc 
 .text.__malloc_unlock
                0x00404380        0x4 /usr/local/gcc-arm-none-eabi-4_8-2014q2/bin/../lib/gcc/arm-none-eabi/4.8.4/../../../../arm-none-eabi/lib/armv7-m/libc.a(lib_a-mlock.o)
                0x00404380                __malloc_unlock
 *fill*         0x00404384        0xc 
 .text._realloc_r
                0x00404390      0x3c0 /usr/local/gcc-arm-none-eabi-4_8-2014q2/bin/../lib/gcc/arm-none-eabi/4.8.4/../../../../arm-none-eabi/lib/armv7-m/libc.a(lib_a-reallocr.o)
                0x00404390                _realloc_r
 .text._raise_r
                0x00404750       0x58 /usr/local/gcc-arm-none-eabi-4_8-2014q2/bin/../lib/gcc/arm-none-eabi/4.8.4/../../../../arm-none-eabi/lib/armv7-m/libc.a(lib_a-signal.o)
                0x00404750                _raise_r
 *fill*         0x004047a8        0x8 
 .text.raise    0x004047b0       0x10 /usr/local/gcc-arm-none-eabi-4_8-2014q2/bin/../lib/gcc/arm-none-eabi/4.8.4/../../../../arm-none-eabi/lib/armv7-m/libc.a(lib_a-signal.o)
                0x004047b0                raise
 .text._kill_r  0x004047c0       0x28 /usr/local/gcc-arm-none-eabi-4_8-2014q2/bin/../lib/gcc/arm-none-eabi/4.8.4/../../../../arm-none-eabi/lib/armv7-m/libc.a(lib_a-signalr.o)
                0x004047c0                _kill_r
 *fill*         0x004047e8        0x8 
 .text._getpid_r
                0x004047f0        0x4 /usr/local/gcc-arm-none-eabi-4_8-2014q2/bin/../lib/gcc/arm-none-eabi/4.8.4/../../../../arm-none-eabi/lib/armv7-m/libc.a(lib_a-signalr.o)
                0x004047f0                _getpid_r
 *fill*         0x004047f4        0xc 
 .text.__sread  0x00404800       0x24 /usr/local/gcc-arm-none-eabi-4_8-2014q2/bin/../lib/gcc/arm-none-eabi/4.8.4/../../../../arm-none-eabi/lib/armv7-m/libc.a(lib_a-stdio.o)
                0x00404800                __sread
 *fill*         0x00404824        0xc 
 .text.__swrite
                0x00404830       0x38 /usr/local/gcc-arm-none-eabi-4_8-2014q2/bin/../lib/gcc/arm-none-eabi/4.8.4/../../../../arm-none-eabi/lib/armv7-m/libc.a(lib_a-stdio.o)
                0x00404830                __swrite
 *fill*         0x00404868        0x8 
 .text.__sseek  0x00404870       0x20 /usr/local/gcc-arm-none-eabi-4_8-2014q2/bin/../lib/gcc/arm-none-eabi/4.8.4/../../../../arm-none-eabi/lib/armv7-m/libc.a(lib_a-stdio.o)
                0x00404870                __sseek
 .text.__sclose
                0x00404890        0x8 /usr/local/gcc-arm-none-eabi-4_8-2014q2/bin/../lib/gcc/arm-none-eabi/4.8.4/../../../../arm-none-eabi/lib/armv7-m/libc.a(lib_a-stdio.o)
                0x00404890                __sclose
 *fill*         0x00404898        0x8 
 .text.strlen   0x004048a0       0x60 /usr/local/gcc-arm-none-eabi-4_8-2014q2/bin/../lib/gcc/arm-none-eabi/4.8.4/../../../../arm-none-eabi/lib/armv7-m/libc.a(lib_a-strlen.o)
                0x004048a0                strlen
 .text.__swbuf_r
                0x00404900       0xa8 /usr/local/gcc-arm-none-eabi-4_8-2014q2/bin/../lib/gcc/arm-none-eabi/4.8.4/../../../../arm-none-eabi/lib/armv7-m/libc.a(lib_a-wbuf.o)
                0x00404900                __swbuf_r
 *fill*         0x004049a8        0x8 
 .text._wcrtomb_r
                0x004049b0       0x50 /usr/local/gcc-arm-none-eabi-4_8-2014q2/bin/../lib/gcc/arm-none-eabi/4.8.4/../../../../arm-none-eabi/lib/armv7-m/libc.a(lib_a-wcrtomb.o)
                0x004049b0                _wcrtomb_r
 .text.__ascii_wctomb
                0x00404a00       0x1c /usr/local/gcc-arm-none-eabi-4_8-2014q2/bin/../lib/gcc/arm-none-eabi/4.8.4/../../../../arm-none-eabi/lib/armv7-m/libc.a(lib_a-wctomb_r.o)
                0x00404a00                __ascii_wctomb
 *fill*         0x00404a1c        0x4 
 .text._fclose_r
                0x00404a20       0x80 /usr/local/gcc-arm-none-eabi-4_8-2014q2/bin/../lib/gcc/arm-none-eabi/4.8.4/../../../../arm-none-eabi/lib/armv7-m/libc.a(lib_a-fclose.o)
                0x00404a20                _fclose_r
 .text.fclose   0x00404aa0       0x10 /usr/local/gcc-arm-none-eabi-4_8-2014q2/bin/../lib/gcc/arm-none-eabi/4.8.4/../../../../arm-none-eabi/lib/armv7-m/libc.a(lib_a-fclose.o)
                0x00404aa0                fclose
 *(.rodata)
 *(.rodata.*)
 .rodata.str1.4
                0x00404ab0        0xd build/obj/chsys.o
                                 0x10 (size before relaxing)
 *fill*         0x00404abd        0x3 
 .rodata.vmt    0x00404ac0       0x24 build/obj/serial.o
 *fill*         0x00404ae4        0xc 
 .rodata.default_config
                0x00404af0        0x8 build/obj/serial_lld.o
 *fill*         0x00404af8        0x8 
 .rodata.str1.4
                0x00404b00      0x124 build/obj/atmel_adc.o
 *fill*         0x00404c24        0xc 
 .rodata.__func__.4777
                0x00404c30       0x18 build/obj/pmc.o
 *fill*         0x00404c48        0x8 
 .rodata.str1.4
                0x00404c50       0x32 build/obj/pmc.o
                                 0x34 (size before relaxing)
 *fill*         0x00404c82        0xe 
 .rodata.pal_default_config
                0x00404c90       0x24 build/obj/board.o
                0x00404c90                pal_default_config
 *fill*         0x00404cb4        0xc 
 .rodata.str1.4
                0x00404cc0        0x7 build/obj/chprintf.o
                                  0x8 (size before relaxing)
 *fill*         0x00404cc7        0x9 
 .rodata.pinPCK
                0x00404cd0        0xc build/obj/main.o
                0x00404cd0                pinPCK
 *fill*         0x00404cdc        0x4 
 .rodata.str1.4
                0x00404ce0       0x12 build/obj/main.o
                                 0x14 (size before relaxing)
 *fill*         0x00404cf2        0xe 
 .rodata.str1.4
                0x00404d00       0x3f /usr/local/gcc-arm-none-eabi-4_8-2014q2/bin/../lib/gcc/arm-none-eabi/4.8.4/../../../../arm-none-eabi/lib/armv7-m/libc.a(lib_a-assert.o)
                                 0x44 (size before relaxing)
 *fill*         0x00404d3f        0x1 
 .rodata.str1.4
                0x00404d40        0x2 /usr/local/gcc-arm-none-eabi-4_8-2014q2/bin/../lib/gcc/arm-none-eabi/4.8.4/../../../../arm-none-eabi/lib/armv7-m/libc.a(lib_a-impure.o)
                                  0x4 (size before relaxing)
 *fill*         0x00404d42        0xe 
 .rodata.str1.4
                0x00404d50       0x28 /usr/local/gcc-arm-none-eabi-4_8-2014q2/bin/../lib/gcc/arm-none-eabi/4.8.4/../../../../arm-none-eabi/lib/armv7-m/libc.a(lib_a-vfiprintf.o)
                                 0x30 (size before relaxing)
 *fill*         0x00404d78        0x8 
 .rodata.zeroes.6721
                0x00404d80       0x10 /usr/local/gcc-arm-none-eabi-4_8-2014q2/bin/../lib/gcc/arm-none-eabi/4.8.4/../../../../arm-none-eabi/lib/armv7-m/libc.a(lib_a-vfiprintf.o)
 .rodata.blanks.6720
                0x00404d90       0x10 /usr/local/gcc-arm-none-eabi-4_8-2014q2/bin/../lib/gcc/arm-none-eabi/4.8.4/../../../../arm-none-eabi/lib/armv7-m/libc.a(lib_a-vfiprintf.o)
 *(.glue_7t)
 .glue_7t       0x00000000        0x0 linker stubs
 *(.glue_7)
 .glue_7        0x00000000        0x0 linker stubs
 *(.gcc*)

.vfp11_veneer   0x00404da0        0x0
 .vfp11_veneer  0x00000000        0x0 linker stubs

.v4_bx          0x00404da0        0x0
 .v4_bx         0x00000000        0x0 linker stubs

.iplt           0x00404da0        0x0
 .iplt          0x00000000        0x0 build/obj/crt0.o

.ARM.extab
 *(.ARM.extab* .gnu.linkonce.armextab.*)

.ARM.exidx      0x00404da0        0x8
                0x00404da0                PROVIDE (__exidx_start, .)
 *(.ARM.exidx* .gnu.linkonce.armexidx.*)
 .ARM.exidx     0x00404da0        0x8 /usr/local/gcc-arm-none-eabi-4_8-2014q2/bin/../lib/gcc/arm-none-eabi/4.8.4/armv7-m/libgcc.a(_divdi3.o)
 .ARM.exidx     0x00404da8        0x0 /usr/local/gcc-arm-none-eabi-4_8-2014q2/bin/../lib/gcc/arm-none-eabi/4.8.4/armv7-m/libgcc.a(_udivdi3.o)
                                  0x8 (size before relaxing)
                0x00404da8                PROVIDE (__exidx_end, .)

.rel.dyn        0x00404da8        0x0
 .rel.iplt      0x00000000        0x0 build/obj/crt0.o

.eh_frame_hdr
 *(.eh_frame_hdr)

.eh_frame
 *(.eh_frame)

.textalign      0x00404da8        0x0
                0x00404da8                . = ALIGN (0x8)
                0x00404da8                _etext = .
                0x00404da8                _textdata = _etext

.stacks         0x20000000      0x800
                0x20000000                . = ALIGN (0x8)
                0x20000000                __main_stack_base__ = .
                0x20000400                . = (. + __main_stack_size__)
 *fill*         0x20000000      0x400 
                0x20000400                . = ALIGN (0x8)
                0x20000400                __main_stack_end__ = .
                0x20000400                __process_stack_base__ = .
                0x20000400                __main_thread_stack_base__ = .
                0x20000800                . = (. + __process_stack_size__)
 *fill*         0x20000400      0x400 
                0x20000800                . = ALIGN (0x8)
                0x20000800                __process_stack_end__ = .
                0x20000800                __main_thread_stack_end__ = .

.data           0x20000800      0x86c load address 0x00404da8
                0x20000800                . = ALIGN (0x4)
                0x20000800                PROVIDE (_data, .)
 *(.data)
                0x20000800                . = ALIGN (0x4)
 *(.data.*)
 .data.SystemCoreClock
                0x20000800        0x4 build/obj/system_SAM3.o
                0x20000800                SystemCoreClock
 *fill*         0x20000804        0x4 
 .data.impure_data
                0x20000808      0x428 /usr/local/gcc-arm-none-eabi-4_8-2014q2/bin/../lib/gcc/arm-none-eabi/4.8.4/../../../../arm-none-eabi/lib/armv7-m/libc.a(lib_a-impure.o)
 .data._impure_ptr
                0x20000c30        0x4 /usr/local/gcc-arm-none-eabi-4_8-2014q2/bin/../lib/gcc/arm-none-eabi/4.8.4/../../../../arm-none-eabi/lib/armv7-m/libc.a(lib_a-impure.o)
                0x20000c30                _impure_ptr
 .data.lc_ctype_charset
                0x20000c34       0x20 /usr/local/gcc-arm-none-eabi-4_8-2014q2/bin/../lib/gcc/arm-none-eabi/4.8.4/../../../../arm-none-eabi/lib/armv7-m/libc.a(lib_a-locale.o)
 .data.__mb_cur_max
                0x20000c54        0x4 /usr/local/gcc-arm-none-eabi-4_8-2014q2/bin/../lib/gcc/arm-none-eabi/4.8.4/../../../../arm-none-eabi/lib/armv7-m/libc.a(lib_a-locale.o)
                0x20000c54                __mb_cur_max
 .data.__malloc_av_
                0x20000c58      0x408 /usr/local/gcc-arm-none-eabi-4_8-2014q2/bin/../lib/gcc/arm-none-eabi/4.8.4/../../../../arm-none-eabi/lib/armv7-m/libc.a(lib_a-mallocr.o)
                0x20000c58                __malloc_av_
 .data.__malloc_trim_threshold
                0x20001060        0x4 /usr/local/gcc-arm-none-eabi-4_8-2014q2/bin/../lib/gcc/arm-none-eabi/4.8.4/../../../../arm-none-eabi/lib/armv7-m/libc.a(lib_a-mallocr.o)
                0x20001060                __malloc_trim_threshold
 .data.__malloc_sbrk_base
                0x20001064        0x4 /usr/local/gcc-arm-none-eabi-4_8-2014q2/bin/../lib/gcc/arm-none-eabi/4.8.4/../../../../arm-none-eabi/lib/armv7-m/libc.a(lib_a-mallocr.o)
                0x20001064                __malloc_sbrk_base
 .data.__wctomb
                0x20001068        0x4 /usr/local/gcc-arm-none-eabi-4_8-2014q2/bin/../lib/gcc/arm-none-eabi/4.8.4/../../../../arm-none-eabi/lib/armv7-m/libc.a(lib_a-wctomb_r.o)
                0x20001068                __wctomb
                0x2000106c                . = ALIGN (0x4)
 *(.ramtext)
                0x2000106c                . = ALIGN (0x4)
                0x2000106c                PROVIDE (_edata, .)

.igot.plt       0x2000106c        0x0 load address 0x00405614
 .igot.plt      0x00000000        0x0 build/obj/crt0.o

.bss            0x20001070      0x3b0 load address 0x00405614
                0x20001070                . = ALIGN (0x4)
                0x20001070                PROVIDE (_bss_start, .)
 *(.bss)
                0x20001070                . = ALIGN (0x4)
 *(.bss.*)
 .bss.mainthread.4822
                0x20001070       0x48 build/obj/chsys.o
 .bss._idle_thread_wa
                0x200010b8       0xc0 build/obj/chsys.o
                0x200010b8                _idle_thread_wa
 .bss.vtlist    0x20001178       0x10 build/obj/chvt.o
                0x20001178                vtlist
 .bss.rlist     0x20001188       0x20 build/obj/chschd.o
                0x20001188                rlist
 .bss.endmem    0x200011a8        0x4 build/obj/chmemcore.o
 .bss.nextmem   0x200011ac        0x4 build/obj/chmemcore.o
 .bss.default_heap
                0x200011b0       0x20 build/obj/chheap.o
 .bss.SD1       0x200011d0       0x74 build/obj/serial_lld.o
                0x200011d0                SD1
 .bss.SD2       0x20001244       0x74 build/obj/serial_lld.o
                0x20001244                SD2
 .bss.waThread1
                0x200012b8      0x130 build/obj/main.o
 .bss.__malloc_max_total_mem
                0x200013e8        0x4 /usr/local/gcc-arm-none-eabi-4_8-2014q2/bin/../lib/gcc/arm-none-eabi/4.8.4/../../../../arm-none-eabi/lib/armv7-m/libc.a(lib_a-mallocr.o)
                0x200013e8                __malloc_max_total_mem
 .bss.__malloc_max_sbrked_mem
                0x200013ec        0x4 /usr/local/gcc-arm-none-eabi-4_8-2014q2/bin/../lib/gcc/arm-none-eabi/4.8.4/../../../../arm-none-eabi/lib/armv7-m/libc.a(lib_a-mallocr.o)
                0x200013ec                __malloc_max_sbrked_mem
 .bss.__malloc_top_pad
                0x200013f0        0x4 /usr/local/gcc-arm-none-eabi-4_8-2014q2/bin/../lib/gcc/arm-none-eabi/4.8.4/../../../../arm-none-eabi/lib/armv7-m/libc.a(lib_a-mallocr.o)
                0x200013f0                __malloc_top_pad
 .bss.__malloc_current_mallinfo
                0x200013f4       0x28 /usr/local/gcc-arm-none-eabi-4_8-2014q2/bin/../lib/gcc/arm-none-eabi/4.8.4/../../../../arm-none-eabi/lib/armv7-m/libc.a(lib_a-mallocr.o)
                0x200013f4                __malloc_current_mallinfo
                0x2000141c                . = ALIGN (0x4)
 *(COMMON)
 COMMON         0x2000141c        0x4 /usr/local/gcc-arm-none-eabi-4_8-2014q2/bin/../lib/gcc/arm-none-eabi/4.8.4/../../../../arm-none-eabi/lib/armv7-m/libc.a(lib_a-reent.o)
                0x2000141c                errno
                0x20001420                . = ALIGN (0x4)
                0x20001420                PROVIDE (_bss_end, .)
                0x20001420                PROVIDE (end, .)
                0x20001420                _end = .
                0x20001420                __heap_base__ = _end
                0x20008000                __heap_end__ = __ram_end__
OUTPUT(build/ch.elf elf32-littlearm)

.debug_info     0x00000000     0xdd85
 .debug_info    0x00000000      0x2f6 build/obj/crt0.o
 .debug_info    0x000002f6       0xb3 build/obj/vectors.o
 .debug_info    0x000003a9      0x7ed build/obj/chcore_v7m.o
 .debug_info    0x00000b96      0x3ff build/obj/nvic.o
 .debug_info    0x00000f95      0x6bf build/obj/chsys.o
 .debug_info    0x00001654      0x260 build/obj/chvt.o
 .debug_info    0x000018b4      0x87c build/obj/chschd.o
 .debug_info    0x00002130      0xbe1 build/obj/chthreads.o
 .debug_info    0x00002d11      0x9c8 build/obj/chmtx.o
 .debug_info    0x000036d9      0xcc8 build/obj/chevents.o
 .debug_info    0x000043a1      0xb90 build/obj/chqueues.o
 .debug_info    0x00004f31      0x21a build/obj/chmemcore.o
 .debug_info    0x0000514b      0x6db build/obj/chheap.o
 .debug_info    0x00005826      0x188 build/obj/hal.o
 .debug_info    0x000059ae     0x10e9 build/obj/serial.o
 .debug_info    0x00006a97      0x177 build/obj/hal_lld.o
 .debug_info    0x00006c0e      0x42e build/obj/system_SAM3.o
 .debug_info    0x0000703c      0x88c build/obj/pal_lld.o
 .debug_info    0x000078c8     0x1594 build/obj/serial_lld.o
 .debug_info    0x00008e5c     0x1342 build/obj/atmel_adc.o
 .debug_info    0x0000a19e      0x9ed build/obj/pio.o
 .debug_info    0x0000ab8b      0x5b2 build/obj/pmc.o
 .debug_info    0x0000b13d      0x735 build/obj/board.o
 .debug_info    0x0000b872      0xc8d build/obj/syscalls.o
 .debug_info    0x0000c4ff      0x4a0 build/obj/chprintf.o
 .debug_info    0x0000c99f     0x13e6 build/obj/main.o

.debug_abbrev   0x00000000     0x331e
 .debug_abbrev  0x00000000      0x13a build/obj/crt0.o
 .debug_abbrev  0x0000013a       0x75 build/obj/vectors.o
 .debug_abbrev  0x000001af      0x1e2 build/obj/chcore_v7m.o
 .debug_abbrev  0x00000391      0x10e build/obj/nvic.o
 .debug_abbrev  0x0000049f      0x211 build/obj/chsys.o
 .debug_abbrev  0x000006b0      0x142 build/obj/chvt.o
 .debug_abbrev  0x000007f2      0x319 build/obj/chschd.o
 .debug_abbrev  0x00000b0b      0x335 build/obj/chthreads.o
 .debug_abbrev  0x00000e40      0x2fa build/obj/chmtx.o
 .debug_abbrev  0x0000113a      0x2c2 build/obj/chevents.o
 .debug_abbrev  0x000013fc      0x31d build/obj/chqueues.o
 .debug_abbrev  0x00001719      0x164 build/obj/chmemcore.o
 .debug_abbrev  0x0000187d      0x1e7 build/obj/chheap.o
 .debug_abbrev  0x00001a64      0x10a build/obj/hal.o
 .debug_abbrev  0x00001b6e      0x2c0 build/obj/serial.o
 .debug_abbrev  0x00001e2e      0x114 build/obj/hal_lld.o
 .debug_abbrev  0x00001f42       0xe3 build/obj/system_SAM3.o
 .debug_abbrev  0x00002025      0x11b build/obj/pal_lld.o
 .debug_abbrev  0x00002140      0x3c2 build/obj/serial_lld.o
 .debug_abbrev  0x00002502      0x30d build/obj/atmel_adc.o
 .debug_abbrev  0x0000280f      0x1f4 build/obj/pio.o
 .debug_abbrev  0x00002a03      0x151 build/obj/pmc.o
 .debug_abbrev  0x00002b54      0x16a build/obj/board.o
 .debug_abbrev  0x00002cbe      0x23a build/obj/syscalls.o
 .debug_abbrev  0x00002ef8      0x192 build/obj/chprintf.o
 .debug_abbrev  0x0000308a      0x294 build/obj/main.o

.debug_loc      0x00000000     0x3b00
 .debug_loc     0x00000000       0xde build/obj/crt0.o
 .debug_loc     0x000000de       0x5a build/obj/chcore_v7m.o
 .debug_loc     0x00000138      0x169 build/obj/nvic.o
 .debug_loc     0x000002a1       0x31 build/obj/chsys.o
 .debug_loc     0x000002d2       0xba build/obj/chvt.o
 .debug_loc     0x0000038c      0x272 build/obj/chschd.o
 .debug_loc     0x000005fe      0x3f5 build/obj/chthreads.o
 .debug_loc     0x000009f3      0x428 build/obj/chmtx.o
 .debug_loc     0x00000e1b      0x53f build/obj/chevents.o
 .debug_loc     0x0000135a      0x628 build/obj/chqueues.o
 .debug_loc     0x00001982       0xcc build/obj/chmemcore.o
 .debug_loc     0x00001a4e      0x3ae build/obj/chheap.o
 .debug_loc     0x00001dfc      0x4e0 build/obj/serial.o
 .debug_loc     0x000022dc       0x42 build/obj/pal_lld.o
 .debug_loc     0x0000231e      0x312 build/obj/serial_lld.o
 .debug_loc     0x00002630      0x5cb build/obj/atmel_adc.o
 .debug_loc     0x00002bfb      0x3a6 build/obj/pio.o
 .debug_loc     0x00002fa1      0x3ee build/obj/pmc.o
 .debug_loc     0x0000338f      0x1a4 build/obj/syscalls.o
 .debug_loc     0x00003533      0x53e build/obj/chprintf.o
 .debug_loc     0x00003a71       0x8f build/obj/main.o

.debug_aranges  0x00000000      0x788
 .debug_aranges
                0x00000000       0x38 build/obj/crt0.o
 .debug_aranges
                0x00000038       0x20 build/obj/vectors.o
 .debug_aranges
                0x00000058       0x50 build/obj/chcore_v7m.o
 .debug_aranges
                0x000000a8       0x30 build/obj/nvic.o
 .debug_aranges
                0x000000d8       0x30 build/obj/chsys.o
 .debug_aranges
                0x00000108       0x38 build/obj/chvt.o
 .debug_aranges
                0x00000140       0x58 build/obj/chschd.o
 .debug_aranges
                0x00000198       0x78 build/obj/chthreads.o
 .debug_aranges
                0x00000210       0x58 build/obj/chmtx.o
 .debug_aranges
                0x00000268       0x90 build/obj/chevents.o
 .debug_aranges
                0x000002f8       0x70 build/obj/chqueues.o
 .debug_aranges
                0x00000368       0x38 build/obj/chmemcore.o
 .debug_aranges
                0x000003a0       0x40 build/obj/chheap.o
 .debug_aranges
                0x000003e0       0x20 build/obj/hal.o
 .debug_aranges
                0x00000400       0x90 build/obj/serial.o
 .debug_aranges
                0x00000490       0x28 build/obj/hal_lld.o
 .debug_aranges
                0x000004b8       0x28 build/obj/system_SAM3.o
 .debug_aranges
                0x000004e0       0x28 build/obj/pal_lld.o
 .debug_aranges
                0x00000508       0x58 build/obj/serial_lld.o
 .debug_aranges
                0x00000560       0xa0 build/obj/atmel_adc.o
 .debug_aranges
                0x00000600       0x48 build/obj/pio.o
 .debug_aranges
                0x00000648       0x60 build/obj/pmc.o
 .debug_aranges
                0x000006a8       0x28 build/obj/board.o
 .debug_aranges
                0x000006d0       0x68 build/obj/syscalls.o
 .debug_aranges
                0x00000738       0x28 build/obj/chprintf.o
 .debug_aranges
                0x00000760       0x28 build/obj/main.o

.debug_ranges   0x00000000      0xae0
 .debug_ranges  0x00000000       0x58 build/obj/crt0.o
 .debug_ranges  0x00000058       0x10 build/obj/vectors.o
 .debug_ranges  0x00000068       0x58 build/obj/chcore_v7m.o
 .debug_ranges  0x000000c0       0x20 build/obj/nvic.o
 .debug_ranges  0x000000e0       0x38 build/obj/chsys.o
 .debug_ranges  0x00000118       0x28 build/obj/chvt.o
 .debug_ranges  0x00000140      0x108 build/obj/chschd.o
 .debug_ranges  0x00000248      0x140 build/obj/chthreads.o
 .debug_ranges  0x00000388      0x1a0 build/obj/chmtx.o
 .debug_ranges  0x00000528       0xe0 build/obj/chevents.o
 .debug_ranges  0x00000608       0xb8 build/obj/chqueues.o
 .debug_ranges  0x000006c0       0x28 build/obj/chmemcore.o
 .debug_ranges  0x000006e8       0x30 build/obj/chheap.o
 .debug_ranges  0x00000718       0x10 build/obj/hal.o
 .debug_ranges  0x00000728       0xc8 build/obj/serial.o
 .debug_ranges  0x000007f0       0x18 build/obj/hal_lld.o
 .debug_ranges  0x00000808       0x18 build/obj/system_SAM3.o
 .debug_ranges  0x00000820       0x18 build/obj/pal_lld.o
 .debug_ranges  0x00000838       0x78 build/obj/serial_lld.o
 .debug_ranges  0x000008b0       0xa8 build/obj/atmel_adc.o
 .debug_ranges  0x00000958       0x98 build/obj/pio.o
 .debug_ranges  0x000009f0       0x50 build/obj/pmc.o
 .debug_ranges  0x00000a40       0x18 build/obj/board.o
 .debug_ranges  0x00000a58       0x58 build/obj/syscalls.o
 .debug_ranges  0x00000ab0       0x18 build/obj/chprintf.o
 .debug_ranges  0x00000ac8       0x18 build/obj/main.o

.debug_line     0x00000000     0x3eb3
 .debug_line    0x00000000      0x152 build/obj/crt0.o
 .debug_line    0x00000152       0x5f build/obj/vectors.o
 .debug_line    0x000001b1      0x231 build/obj/chcore_v7m.o
 .debug_line    0x000003e2      0x13b build/obj/nvic.o
 .debug_line    0x0000051d      0x235 build/obj/chsys.o
 .debug_line    0x00000752      0x19d build/obj/chvt.o
 .debug_line    0x000008ef      0x321 build/obj/chschd.o
 .debug_line    0x00000c10      0x3d9 build/obj/chthreads.o
 .debug_line    0x00000fe9      0x370 build/obj/chmtx.o
 .debug_line    0x00001359      0x321 build/obj/chevents.o
 .debug_line    0x0000167a      0x3ca build/obj/chqueues.o
 .debug_line    0x00001a44      0x19a build/obj/chmemcore.o
 .debug_line    0x00001bde      0x2b4 build/obj/chheap.o
 .debug_line    0x00001e92      0x185 build/obj/hal.o
 .debug_line    0x00002017      0x39d build/obj/serial.o
 .debug_line    0x000023b4      0x15e build/obj/hal_lld.o
 .debug_line    0x00002512      0x1c8 build/obj/system_SAM3.o
 .debug_line    0x000026da      0x1ba build/obj/pal_lld.o
 .debug_line    0x00002894      0x3d9 build/obj/serial_lld.o
 .debug_line    0x00002c6d      0x45a build/obj/atmel_adc.o
 .debug_line    0x000030c7      0x220 build/obj/pio.o
 .debug_line    0x000032e7      0x2a2 build/obj/pmc.o
 .debug_line    0x00003589      0x18f build/obj/board.o
 .debug_line    0x00003718      0x1eb build/obj/syscalls.o
 .debug_line    0x00003903      0x28f build/obj/chprintf.o
 .debug_line    0x00003b92      0x321 build/obj/main.o

.debug_str      0x00000000     0x23a4
 .debug_str     0x00000000      0x2bf build/obj/crt0.o
                                0x30f (size before relaxing)
 .debug_str     0x000002bf       0x4c build/obj/vectors.o
                                0x1ef (size before relaxing)
 .debug_str     0x0000030b      0x2ef build/obj/chcore_v7m.o
                                0x4c0 (size before relaxing)
 .debug_str     0x000005fa       0x9e build/obj/nvic.o
                                0x2da (size before relaxing)
 .debug_str     0x00000698      0x10f build/obj/chsys.o
                                0x4ab (size before relaxing)
 .debug_str     0x000007a7       0x4c build/obj/chvt.o
                                0x289 (size before relaxing)
 .debug_str     0x000007f3       0xa6 build/obj/chschd.o
                                0x498 (size before relaxing)
 .debug_str     0x00000899       0xd3 build/obj/chthreads.o
                                0x532 (size before relaxing)
 .debug_str     0x0000096c       0x8a build/obj/chmtx.o
                                0x452 (size before relaxing)
 .debug_str     0x000009f6      0x179 build/obj/chevents.o
                                0x530 (size before relaxing)
 .debug_str     0x00000b6f      0x11f build/obj/chqueues.o
                                0x4d1 (size before relaxing)
 .debug_str     0x00000c8e       0x70 build/obj/chmemcore.o
                                0x250 (size before relaxing)
 .debug_str     0x00000cfe       0xad build/obj/chheap.o
                                0x431 (size before relaxing)
 .debug_str     0x00000dab       0xa9 build/obj/hal.o
                                0x260 (size before relaxing)
 .debug_str     0x00000e54      0x26d build/obj/serial.o
                                0x71c (size before relaxing)
 .debug_str     0x000010c1       0x8d build/obj/hal_lld.o
                                0x27b (size before relaxing)
 .debug_str     0x0000114e      0x1d6 build/obj/system_SAM3.o
                                0x3e2 (size before relaxing)
 .debug_str     0x00001324      0x2ec build/obj/pal_lld.o
                                0x65c (size before relaxing)
 .debug_str     0x00001610      0x244 build/obj/serial_lld.o
                                0xc64 (size before relaxing)
 .debug_str     0x00001854      0x362 build/obj/atmel_adc.o
                                0xa12 (size before relaxing)
 .debug_str     0x00001bb6      0x142 build/obj/pio.o
                                0x5f7 (size before relaxing)
 .debug_str     0x00001cf8      0x113 build/obj/pmc.o
                                0x457 (size before relaxing)
 .debug_str     0x00001e0b       0x24 build/obj/board.o
                                0x591 (size before relaxing)
 .debug_str     0x00001e2f      0x4d6 build/obj/syscalls.o
                                0x6e6 (size before relaxing)
 .debug_str     0x00002305       0x7f build/obj/chprintf.o
                                0x2df (size before relaxing)
 .debug_str     0x00002384       0x20 build/obj/main.o
                                0xa98 (size before relaxing)

.comment        0x00000000       0x70
 .comment       0x00000000       0x70 build/obj/crt0.o
                                 0x71 (size before relaxing)
 .comment       0x00000000       0x71 build/obj/vectors.o
 .comment       0x00000000       0x71 build/obj/chcore_v7m.o
 .comment       0x00000000       0x71 build/obj/nvic.o
 .comment       0x00000000       0x71 build/obj/chsys.o
 .comment       0x00000000       0x71 build/obj/chvt.o
 .comment       0x00000000       0x71 build/obj/chschd.o
 .comment       0x00000000       0x71 build/obj/chthreads.o
 .comment       0x00000000       0x71 build/obj/chmtx.o
 .comment       0x00000000       0x71 build/obj/chevents.o
 .comment       0x00000000       0x71 build/obj/chqueues.o
 .comment       0x00000000       0x71 build/obj/chmemcore.o
 .comment       0x00000000       0x71 build/obj/chheap.o
 .comment       0x00000000       0x71 build/obj/hal.o
 .comment       0x00000000       0x71 build/obj/serial.o
 .comment       0x00000000       0x71 build/obj/hal_lld.o
 .comment       0x00000000       0x71 build/obj/system_SAM3.o
 .comment       0x00000000       0x71 build/obj/pal_lld.o
 .comment       0x00000000       0x71 build/obj/serial_lld.o
 .comment       0x00000000       0x71 build/obj/atmel_adc.o
 .comment       0x00000000       0x71 build/obj/pio.o
 .comment       0x00000000       0x71 build/obj/pmc.o
 .comment       0x00000000       0x71 build/obj/board.o
 .comment       0x00000000       0x71 build/obj/syscalls.o
 .comment       0x00000000       0x71 build/obj/chprintf.o
 .comment       0x00000000       0x71 build/obj/main.o

.ARM.attributes
                0x00000000       0x31
 .ARM.attributes
                0x00000000       0x33 build/obj/crt0.o
 .ARM.attributes
                0x00000033       0x33 build/obj/vectors.o
 .ARM.attributes
                0x00000066       0x33 build/obj/chcore_v7m.o
 .ARM.attributes
                0x00000099       0x33 build/obj/nvic.o
 .ARM.attributes
                0x000000cc       0x33 build/obj/chsys.o
 .ARM.attributes
                0x000000ff       0x33 build/obj/chvt.o
 .ARM.attributes
                0x00000132       0x33 build/obj/chschd.o
 .ARM.attributes
                0x00000165       0x33 build/obj/chthreads.o
 .ARM.attributes
                0x00000198       0x33 build/obj/chmtx.o
 .ARM.attributes
                0x000001cb       0x33 build/obj/chevents.o
 .ARM.attributes
                0x000001fe       0x33 build/obj/chqueues.o
 .ARM.attributes
                0x00000231       0x33 build/obj/chmemcore.o
 .ARM.attributes
                0x00000264       0x33 build/obj/chheap.o
 .ARM.attributes
                0x00000297       0x33 build/obj/hal.o
 .ARM.attributes
                0x000002ca       0x33 build/obj/serial.o
 .ARM.attributes
                0x000002fd       0x33 build/obj/hal_lld.o
 .ARM.attributes
                0x00000330       0x33 build/obj/system_SAM3.o
 .ARM.attributes
                0x00000363       0x33 build/obj/pal_lld.o
 .ARM.attributes
                0x00000396       0x33 build/obj/serial_lld.o
 .ARM.attributes
                0x000003c9       0x33 build/obj/atmel_adc.o
 .ARM.attributes
                0x000003fc       0x33 build/obj/pio.o
 .ARM.attributes
                0x0000042f       0x33 build/obj/pmc.o
 .ARM.attributes
                0x00000462       0x33 build/obj/board.o
 .ARM.attributes
                0x00000495       0x33 build/obj/syscalls.o
 .ARM.attributes
                0x000004c8       0x33 build/obj/chprintf.o
 .ARM.attributes
                0x000004fb       0x33 build/obj/main.o
 .ARM.attributes
                0x0000052e       0x2d /usr/local/gcc-arm-none-eabi-4_8-2014q2/bin/../lib/gcc/arm-none-eabi/4.8.4/../../../../arm-none-eabi/lib/armv7-m/libc.a(lib_a-assert.o)
 .ARM.attributes
                0x0000055b       0x2d /usr/local/gcc-arm-none-eabi-4_8-2014q2/bin/../lib/gcc/arm-none-eabi/4.8.4/../../../../arm-none-eabi/lib/armv7-m/libc.a(lib_a-fiprintf.o)
 .ARM.attributes
                0x00000588       0x2d /usr/local/gcc-arm-none-eabi-4_8-2014q2/bin/../lib/gcc/arm-none-eabi/4.8.4/../../../../arm-none-eabi/lib/armv7-m/libc.a(lib_a-impure.o)
 .ARM.attributes
                0x000005b5       0x2d /usr/local/gcc-arm-none-eabi-4_8-2014q2/bin/../lib/gcc/arm-none-eabi/4.8.4/../../../../arm-none-eabi/lib/armv7-m/libc.a(lib_a-memset.o)
 .ARM.attributes
                0x000005e2       0x2d /usr/local/gcc-arm-none-eabi-4_8-2014q2/bin/../lib/gcc/arm-none-eabi/4.8.4/../../../../arm-none-eabi/lib/armv7-m/libc.a(lib_a-vfiprintf.o)
 .ARM.attributes
                0x0000060f       0x2d /usr/local/gcc-arm-none-eabi-4_8-2014q2/bin/../lib/gcc/arm-none-eabi/4.8.4/../../../../arm-none-eabi/lib/armv7-m/libc.a(lib_a-wsetup.o)
 .ARM.attributes
                0x0000063c       0x2d /usr/local/gcc-arm-none-eabi-4_8-2014q2/bin/../lib/gcc/arm-none-eabi/4.8.4/../../../../arm-none-eabi/lib/armv7-m/libc.a(lib_a-abort.o)
 .ARM.attributes
                0x00000669       0x2d /usr/local/gcc-arm-none-eabi-4_8-2014q2/bin/../lib/gcc/arm-none-eabi/4.8.4/../../../../arm-none-eabi/lib/armv7-m/libc.a(lib_a-fflush.o)
 .ARM.attributes
                0x00000696       0x2d /usr/local/gcc-arm-none-eabi-4_8-2014q2/bin/../lib/gcc/arm-none-eabi/4.8.4/../../../../arm-none-eabi/lib/armv7-m/libc.a(lib_a-findfp.o)
 .ARM.attributes
                0x000006c3       0x2d /usr/local/gcc-arm-none-eabi-4_8-2014q2/bin/../lib/gcc/arm-none-eabi/4.8.4/../../../../arm-none-eabi/lib/armv7-m/libc.a(lib_a-fputwc.o)
 .ARM.attributes
                0x000006f0       0x2d /usr/local/gcc-arm-none-eabi-4_8-2014q2/bin/../lib/gcc/arm-none-eabi/4.8.4/../../../../arm-none-eabi/lib/armv7-m/libc.a(lib_a-freer.o)
 .ARM.attributes
                0x0000071d       0x2d /usr/local/gcc-arm-none-eabi-4_8-2014q2/bin/../lib/gcc/arm-none-eabi/4.8.4/../../../../arm-none-eabi/lib/armv7-m/libc.a(lib_a-fvwrite.o)
 .ARM.attributes
                0x0000074a       0x2d /usr/local/gcc-arm-none-eabi-4_8-2014q2/bin/../lib/gcc/arm-none-eabi/4.8.4/../../../../arm-none-eabi/lib/armv7-m/libc.a(lib_a-fwalk.o)
 .ARM.attributes
                0x00000777       0x2d /usr/local/gcc-arm-none-eabi-4_8-2014q2/bin/../lib/gcc/arm-none-eabi/4.8.4/../../../../arm-none-eabi/lib/armv7-m/libc.a(lib_a-locale.o)
 .ARM.attributes
                0x000007a4       0x2d /usr/local/gcc-arm-none-eabi-4_8-2014q2/bin/../lib/gcc/arm-none-eabi/4.8.4/../../../../arm-none-eabi/lib/armv7-m/libc.a(lib_a-makebuf.o)
 .ARM.attributes
                0x000007d1       0x2d /usr/local/gcc-arm-none-eabi-4_8-2014q2/bin/../lib/gcc/arm-none-eabi/4.8.4/../../../../arm-none-eabi/lib/armv7-m/libc.a(lib_a-mallocr.o)
 .ARM.attributes
                0x000007fe       0x2d /usr/local/gcc-arm-none-eabi-4_8-2014q2/bin/../lib/gcc/arm-none-eabi/4.8.4/../../../../arm-none-eabi/lib/armv7-m/libc.a(lib_a-memchr-stub.o)
 .ARM.attributes
                0x0000082b       0x1b /usr/local/gcc-arm-none-eabi-4_8-2014q2/bin/../lib/gcc/arm-none-eabi/4.8.4/../../../../arm-none-eabi/lib/armv7-m/libc.a(lib_a-memcpy.o)
 .ARM.attributes
                0x00000846       0x2d /usr/local/gcc-arm-none-eabi-4_8-2014q2/bin/../lib/gcc/arm-none-eabi/4.8.4/../../../../arm-none-eabi/lib/armv7-m/libc.a(lib_a-memmove.o)
 .ARM.attributes
                0x00000873       0x2d /usr/local/gcc-arm-none-eabi-4_8-2014q2/bin/../lib/gcc/arm-none-eabi/4.8.4/../../../../arm-none-eabi/lib/armv7-m/libc.a(lib_a-mlock.o)
 .ARM.attributes
                0x000008a0       0x2d /usr/local/gcc-arm-none-eabi-4_8-2014q2/bin/../lib/gcc/arm-none-eabi/4.8.4/../../../../arm-none-eabi/lib/armv7-m/libc.a(lib_a-reallocr.o)
 .ARM.attributes
                0x000008cd       0x2d /usr/local/gcc-arm-none-eabi-4_8-2014q2/bin/../lib/gcc/arm-none-eabi/4.8.4/../../../../arm-none-eabi/lib/armv7-m/libc.a(lib_a-signal.o)
 .ARM.attributes
                0x000008fa       0x2d /usr/local/gcc-arm-none-eabi-4_8-2014q2/bin/../lib/gcc/arm-none-eabi/4.8.4/../../../../arm-none-eabi/lib/armv7-m/libc.a(lib_a-signalr.o)
 .ARM.attributes
                0x00000927       0x2d /usr/local/gcc-arm-none-eabi-4_8-2014q2/bin/../lib/gcc/arm-none-eabi/4.8.4/../../../../arm-none-eabi/lib/armv7-m/libc.a(lib_a-stdio.o)
 .ARM.attributes
                0x00000954       0x2d /usr/local/gcc-arm-none-eabi-4_8-2014q2/bin/../lib/gcc/arm-none-eabi/4.8.4/../../../../arm-none-eabi/lib/armv7-m/libc.a(lib_a-strlen.o)
 .ARM.attributes
                0x00000981       0x2d /usr/local/gcc-arm-none-eabi-4_8-2014q2/bin/../lib/gcc/arm-none-eabi/4.8.4/../../../../arm-none-eabi/lib/armv7-m/libc.a(lib_a-wbuf.o)
 .ARM.attributes
                0x000009ae       0x2d /usr/local/gcc-arm-none-eabi-4_8-2014q2/bin/../lib/gcc/arm-none-eabi/4.8.4/../../../../arm-none-eabi/lib/armv7-m/libc.a(lib_a-wcrtomb.o)
 .ARM.attributes
                0x000009db       0x2d /usr/local/gcc-arm-none-eabi-4_8-2014q2/bin/../lib/gcc/arm-none-eabi/4.8.4/../../../../arm-none-eabi/lib/armv7-m/libc.a(lib_a-wctomb_r.o)
 .ARM.attributes
                0x00000a08       0x2d /usr/local/gcc-arm-none-eabi-4_8-2014q2/bin/../lib/gcc/arm-none-eabi/4.8.4/../../../../arm-none-eabi/lib/armv7-m/libc.a(lib_a-fclose.o)
 .ARM.attributes
                0x00000a35       0x2d /usr/local/gcc-arm-none-eabi-4_8-2014q2/bin/../lib/gcc/arm-none-eabi/4.8.4/../../../../arm-none-eabi/lib/armv7-m/libc.a(lib_a-reent.o)
 .ARM.attributes
                0x00000a62       0x1d /usr/local/gcc-arm-none-eabi-4_8-2014q2/bin/../lib/gcc/arm-none-eabi/4.8.4/armv7-m/libgcc.a(_aeabi_uldivmod.o)
 .ARM.attributes
                0x00000a7f       0x2d /usr/local/gcc-arm-none-eabi-4_8-2014q2/bin/../lib/gcc/arm-none-eabi/4.8.4/armv7-m/libgcc.a(bpabi.o)
 .ARM.attributes
                0x00000aac       0x1d /usr/local/gcc-arm-none-eabi-4_8-2014q2/bin/../lib/gcc/arm-none-eabi/4.8.4/armv7-m/libgcc.a(_dvmd_tls.o)
 .ARM.attributes
                0x00000ac9       0x2d /usr/local/gcc-arm-none-eabi-4_8-2014q2/bin/../lib/gcc/arm-none-eabi/4.8.4/armv7-m/libgcc.a(_divdi3.o)
 .ARM.attributes
                0x00000af6       0x2d /usr/local/gcc-arm-none-eabi-4_8-2014q2/bin/../lib/gcc/arm-none-eabi/4.8.4/armv7-m/libgcc.a(_udivdi3.o)

.debug_frame    0x00000000     0x1af0
 .debug_frame   0x00000000       0x50 build/obj/crt0.o
 .debug_frame   0x00000050       0x20 build/obj/vectors.o
 .debug_frame   0x00000070       0x98 build/obj/chcore_v7m.o
 .debug_frame   0x00000108       0x54 build/obj/nvic.o
 .debug_frame   0x0000015c       0x5c build/obj/chsys.o
 .debug_frame   0x000001b8       0x5c build/obj/chvt.o
 .debug_frame   0x00000214       0xdc build/obj/chschd.o
 .debug_frame   0x000002f0      0x180 build/obj/chthreads.o
 .debug_frame   0x00000470       0xe4 build/obj/chmtx.o
 .debug_frame   0x00000554      0x1bc build/obj/chevents.o
 .debug_frame   0x00000710      0x17c build/obj/chqueues.o
 .debug_frame   0x0000088c       0x50 build/obj/chmemcore.o
 .debug_frame   0x000008dc       0x98 build/obj/chheap.o
 .debug_frame   0x00000974       0x2c build/obj/hal.o
 .debug_frame   0x000009a0      0x150 build/obj/serial.o
 .debug_frame   0x00000af0       0x3c build/obj/hal_lld.o
 .debug_frame   0x00000b2c       0x44 build/obj/system_SAM3.o
 .debug_frame   0x00000b70       0x3c build/obj/pal_lld.o
 .debug_frame   0x00000bac       0xe4 build/obj/serial_lld.o
 .debug_frame   0x00000c90      0x158 build/obj/atmel_adc.o
 .debug_frame   0x00000de8       0x80 build/obj/pio.o
 .debug_frame   0x00000e68       0xe0 build/obj/pmc.o
 .debug_frame   0x00000f48       0x3c build/obj/board.o
 .debug_frame   0x00000f84       0xc8 build/obj/syscalls.o
 .debug_frame   0x0000104c       0x6c build/obj/chprintf.o
 .debug_frame   0x000010b8       0x50 build/obj/main.o
 .debug_frame   0x00001108       0x40 /usr/local/gcc-arm-none-eabi-4_8-2014q2/bin/../lib/gcc/arm-none-eabi/4.8.4/../../../../arm-none-eabi/lib/armv7-m/libc.a(lib_a-assert.o)
 .debug_frame   0x00001148       0x5c /usr/local/gcc-arm-none-eabi-4_8-2014q2/bin/../lib/gcc/arm-none-eabi/4.8.4/../../../../arm-none-eabi/lib/armv7-m/libc.a(lib_a-fiprintf.o)
 .debug_frame   0x000011a4       0x2c /usr/local/gcc-arm-none-eabi-4_8-2014q2/bin/../lib/gcc/arm-none-eabi/4.8.4/../../../../arm-none-eabi/lib/armv7-m/libc.a(lib_a-memset.o)
 .debug_frame   0x000011d0       0xb8 /usr/local/gcc-arm-none-eabi-4_8-2014q2/bin/../lib/gcc/arm-none-eabi/4.8.4/../../../../arm-none-eabi/lib/armv7-m/libc.a(lib_a-vfiprintf.o)
 .debug_frame   0x00001288       0x2c /usr/local/gcc-arm-none-eabi-4_8-2014q2/bin/../lib/gcc/arm-none-eabi/4.8.4/../../../../arm-none-eabi/lib/armv7-m/libc.a(lib_a-wsetup.o)
 .debug_frame   0x000012b4       0x28 /usr/local/gcc-arm-none-eabi-4_8-2014q2/bin/../lib/gcc/arm-none-eabi/4.8.4/../../../../arm-none-eabi/lib/armv7-m/libc.a(lib_a-abort.o)
 .debug_frame   0x000012dc       0x5c /usr/local/gcc-arm-none-eabi-4_8-2014q2/bin/../lib/gcc/arm-none-eabi/4.8.4/../../../../arm-none-eabi/lib/armv7-m/libc.a(lib_a-fflush.o)
 .debug_frame   0x00001338      0x110 /usr/local/gcc-arm-none-eabi-4_8-2014q2/bin/../lib/gcc/arm-none-eabi/4.8.4/../../../../arm-none-eabi/lib/armv7-m/libc.a(lib_a-findfp.o)
 .debug_frame   0x00001448       0x50 /usr/local/gcc-arm-none-eabi-4_8-2014q2/bin/../lib/gcc/arm-none-eabi/4.8.4/../../../../arm-none-eabi/lib/armv7-m/libc.a(lib_a-fputwc.o)
 .debug_frame   0x00001498       0x50 /usr/local/gcc-arm-none-eabi-4_8-2014q2/bin/../lib/gcc/arm-none-eabi/4.8.4/../../../../arm-none-eabi/lib/armv7-m/libc.a(lib_a-freer.o)
 .debug_frame   0x000014e8       0x38 /usr/local/gcc-arm-none-eabi-4_8-2014q2/bin/../lib/gcc/arm-none-eabi/4.8.4/../../../../arm-none-eabi/lib/armv7-m/libc.a(lib_a-fvwrite.o)
 .debug_frame   0x00001520       0x54 /usr/local/gcc-arm-none-eabi-4_8-2014q2/bin/../lib/gcc/arm-none-eabi/4.8.4/../../../../arm-none-eabi/lib/armv7-m/libc.a(lib_a-fwalk.o)
 .debug_frame   0x00001574       0x98 /usr/local/gcc-arm-none-eabi-4_8-2014q2/bin/../lib/gcc/arm-none-eabi/4.8.4/../../../../arm-none-eabi/lib/armv7-m/libc.a(lib_a-locale.o)
 .debug_frame   0x0000160c       0x30 /usr/local/gcc-arm-none-eabi-4_8-2014q2/bin/../lib/gcc/arm-none-eabi/4.8.4/../../../../arm-none-eabi/lib/armv7-m/libc.a(lib_a-makebuf.o)
 .debug_frame   0x0000163c       0x38 /usr/local/gcc-arm-none-eabi-4_8-2014q2/bin/../lib/gcc/arm-none-eabi/4.8.4/../../../../arm-none-eabi/lib/armv7-m/libc.a(lib_a-mallocr.o)
 .debug_frame   0x00001674       0x2c /usr/local/gcc-arm-none-eabi-4_8-2014q2/bin/../lib/gcc/arm-none-eabi/4.8.4/../../../../arm-none-eabi/lib/armv7-m/libc.a(lib_a-memchr-stub.o)
 .debug_frame   0x000016a0       0x2c /usr/local/gcc-arm-none-eabi-4_8-2014q2/bin/../lib/gcc/arm-none-eabi/4.8.4/../../../../arm-none-eabi/lib/armv7-m/libc.a(lib_a-memmove.o)
 .debug_frame   0x000016cc       0x30 /usr/local/gcc-arm-none-eabi-4_8-2014q2/bin/../lib/gcc/arm-none-eabi/4.8.4/../../../../arm-none-eabi/lib/armv7-m/libc.a(lib_a-mlock.o)
 .debug_frame   0x000016fc       0x38 /usr/local/gcc-arm-none-eabi-4_8-2014q2/bin/../lib/gcc/arm-none-eabi/4.8.4/../../../../arm-none-eabi/lib/armv7-m/libc.a(lib_a-reallocr.o)
 .debug_frame   0x00001734       0xc0 /usr/local/gcc-arm-none-eabi-4_8-2014q2/bin/../lib/gcc/arm-none-eabi/4.8.4/../../../../arm-none-eabi/lib/armv7-m/libc.a(lib_a-signal.o)
 .debug_frame   0x000017f4       0x3c /usr/local/gcc-arm-none-eabi-4_8-2014q2/bin/../lib/gcc/arm-none-eabi/4.8.4/../../../../arm-none-eabi/lib/armv7-m/libc.a(lib_a-signalr.o)
 .debug_frame   0x00001830       0x80 /usr/local/gcc-arm-none-eabi-4_8-2014q2/bin/../lib/gcc/arm-none-eabi/4.8.4/../../../../arm-none-eabi/lib/armv7-m/libc.a(lib_a-stdio.o)
 .debug_frame   0x000018b0       0x20 /usr/local/gcc-arm-none-eabi-4_8-2014q2/bin/../lib/gcc/arm-none-eabi/4.8.4/../../../../arm-none-eabi/lib/armv7-m/libc.a(lib_a-strlen.o)
 .debug_frame   0x000018d0       0x40 /usr/local/gcc-arm-none-eabi-4_8-2014q2/bin/../lib/gcc/arm-none-eabi/4.8.4/../../../../arm-none-eabi/lib/armv7-m/libc.a(lib_a-wbuf.o)
 .debug_frame   0x00001910       0x58 /usr/local/gcc-arm-none-eabi-4_8-2014q2/bin/../lib/gcc/arm-none-eabi/4.8.4/../../../../arm-none-eabi/lib/armv7-m/libc.a(lib_a-wcrtomb.o)
 .debug_frame   0x00001968       0x44 /usr/local/gcc-arm-none-eabi-4_8-2014q2/bin/../lib/gcc/arm-none-eabi/4.8.4/../../../../arm-none-eabi/lib/armv7-m/libc.a(lib_a-wctomb_r.o)
 .debug_frame   0x000019ac       0x3c /usr/local/gcc-arm-none-eabi-4_8-2014q2/bin/../lib/gcc/arm-none-eabi/4.8.4/../../../../arm-none-eabi/lib/armv7-m/libc.a(lib_a-fclose.o)
 .debug_frame   0x000019e8       0x48 /usr/local/gcc-arm-none-eabi-4_8-2014q2/bin/../lib/gcc/arm-none-eabi/4.8.4/../../../../arm-none-eabi/lib/armv7-m/libc.a(lib_a-reent.o)
 .debug_frame   0x00001a30       0x58 /usr/local/gcc-arm-none-eabi-4_8-2014q2/bin/../lib/gcc/arm-none-eabi/4.8.4/armv7-m/libgcc.a(bpabi.o)
 .debug_frame   0x00001a88       0x34 /usr/local/gcc-arm-none-eabi-4_8-2014q2/bin/../lib/gcc/arm-none-eabi/4.8.4/armv7-m/libgcc.a(_divdi3.o)
 .debug_frame   0x00001abc       0x34 /usr/local/gcc-arm-none-eabi-4_8-2014q2/bin/../lib/gcc/arm-none-eabi/4.8.4/armv7-m/libgcc.a(_udivdi3.o)

Cross Reference Table

Symbol                                            File
ADC_CfgChannelMode                                build/obj/atmel_adc.o
ADC_CfgLowRes                                     build/obj/atmel_adc.o
ADC_CfgPowerSave                                  build/obj/atmel_adc.o
ADC_CfgTiming                                     build/obj/atmel_adc.o
ADC_CfgTrigering                                  build/obj/atmel_adc.o
ADC_GetConvertedData                              build/obj/atmel_adc.o
ADC_Initialize                                    build/obj/atmel_adc.o
                                                  build/obj/main.o
ADC_IsChannelInterruptStatusSet                   build/obj/atmel_adc.o
ADC_IsInterruptMasked                             build/obj/atmel_adc.o
ADC_IsStatusSet                                   build/obj/atmel_adc.o
ADC_ReadBuffer                                    build/obj/atmel_adc.o
ADC_SetCompareChannel                             build/obj/atmel_adc.o
ADC_SetCompareMode                                build/obj/atmel_adc.o
ADC_SetComparisonWindow                           build/obj/atmel_adc.o
ADC_cfgFrequency                                  build/obj/atmel_adc.o
                                                  build/obj/main.o
ADC_check                                         build/obj/atmel_adc.o
                                                  build/obj/main.o
BusFaultVector                                    build/obj/vectors.o
ConfigurePck                                      build/obj/pmc.o
                                                  build/obj/main.o
DebugMonitorVector                                build/obj/vectors.o
HardFaultVector                                   build/obj/vectors.o
MemManageVector                                   build/obj/vectors.o
NMIVector                                         build/obj/vectors.o
PIO_Clear                                         build/obj/pio.o
PIO_Configure                                     build/obj/pio.o
                                                  build/obj/main.o
PIO_Get                                           build/obj/pio.o
PIO_GetOutputDataStatus                           build/obj/pio.o
PIO_Set                                           build/obj/pio.o
PIO_SetDebounceFilter                             build/obj/pio.o
PMC_DisableAllPeripherals                         build/obj/pmc.o
PMC_DisablePeripheral                             build/obj/pmc.o
PMC_EnableAllPeripherals                          build/obj/pmc.o
PMC_EnablePeripheral                              build/obj/pmc.o
                                                  build/obj/pio.o
PMC_IsPeriphEnabled                               build/obj/pmc.o
PendSVVector                                      build/obj/vectors.o
PmcConfigurePllClock                              build/obj/pmc.o
                                                  build/obj/main.o
PmcMainClockSwitchMainOsc                         build/obj/pmc.o
PmcMasterClockSelection                           build/obj/pmc.o
                                                  build/obj/main.o
ResetHandler                                      build/obj/crt0.o
                                                  build/obj/vectors.o
SD1                                               build/obj/serial_lld.o
SD2                                               build/obj/serial_lld.o
                                                  build/obj/main.o
                                                  build/obj/atmel_adc.o
SVCallVector                                      build/obj/chcore_v7m.o
                                                  build/obj/vectors.o
SysTickVector                                     build/obj/chcore_v7m.o
                                                  build/obj/vectors.o
SystemCoreClock                                   build/obj/system_SAM3.o
                                                  build/obj/serial_lld.o
                                                  build/obj/hal_lld.o
SystemCoreClockUpdate                             build/obj/system_SAM3.o
                                                  build/obj/serial_lld.o
                                                  build/obj/hal_lld.o
SystemInit                                        build/obj/system_SAM3.o
                                                  build/obj/hal_lld.o
TestThread                                        build/obj/test.o
UsageFaultVector                                  build/obj/vectors.o
Vector1C                                          build/obj/vectors.o
Vector20                                          build/obj/vectors.o
Vector24                                          build/obj/vectors.o
Vector28                                          build/obj/vectors.o
Vector34                                          build/obj/vectors.o
Vector40                                          build/obj/vectors.o
Vector44                                          build/obj/vectors.o
Vector48                                          build/obj/vectors.o
Vector4C                                          build/obj/vectors.o
Vector50                                          build/obj/vectors.o
Vector54                                          build/obj/vectors.o
Vector58                                          build/obj/vectors.o
Vector5C                                          build/obj/vectors.o
Vector60                                          build/obj/serial_lld.o
                                                  build/obj/vectors.o
Vector64                                          build/obj/serial_lld.o
                                                  build/obj/vectors.o
Vector68                                          build/obj/vectors.o
Vector6C                                          build/obj/vectors.o
Vector70                                          build/obj/vectors.o
Vector74                                          build/obj/vectors.o
Vector78                                          build/obj/vectors.o
Vector7C                                          build/obj/vectors.o
Vector80                                          build/obj/vectors.o
Vector84                                          build/obj/vectors.o
Vector88                                          build/obj/vectors.o
Vector8C                                          build/obj/vectors.o
Vector90                                          build/obj/vectors.o
Vector94                                          build/obj/vectors.o
Vector98                                          build/obj/vectors.o
Vector9C                                          build/obj/vectors.o
VectorA0                                          build/obj/vectors.o
VectorA4                                          build/obj/vectors.o
VectorA8                                          build/obj/vectors.o
VectorAC                                          build/obj/vectors.o
VectorB0                                          build/obj/vectors.o
VectorB4                                          build/obj/vectors.o
VectorB8                                          build/obj/vectors.o
VectorBC                                          build/obj/vectors.o
VectorC0                                          build/obj/vectors.o
VectorC4                                          build/obj/vectors.o
VectorC8                                          build/obj/vectors.o
VectorCC                                          build/obj/vectors.o
_PathLocale                                       /usr/local/gcc-arm-none-eabi-4_8-2014q2/bin/../lib/gcc/arm-none-eabi/4.8.4/../../../../arm-none-eabi/lib/armv7-m/libc.a(lib_a-locale.o)
__aeabi_idiv0                                     /usr/local/gcc-arm-none-eabi-4_8-2014q2/bin/../lib/gcc/arm-none-eabi/4.8.4/armv7-m/libgcc.a(_dvmd_tls.o)
__aeabi_ldiv0                                     /usr/local/gcc-arm-none-eabi-4_8-2014q2/bin/../lib/gcc/arm-none-eabi/4.8.4/armv7-m/libgcc.a(_dvmd_tls.o)
                                                  /usr/local/gcc-arm-none-eabi-4_8-2014q2/bin/../lib/gcc/arm-none-eabi/4.8.4/armv7-m/libgcc.a(_aeabi_uldivmod.o)
__aeabi_uldivmod                                  /usr/local/gcc-arm-none-eabi-4_8-2014q2/bin/../lib/gcc/arm-none-eabi/4.8.4/armv7-m/libgcc.a(_aeabi_uldivmod.o)
                                                  /usr/local/gcc-arm-none-eabi-4_8-2014q2/bin/../lib/gcc/arm-none-eabi/4.8.4/../../../../arm-none-eabi/lib/armv7-m/libc.a(lib_a-vfiprintf.o)
__ascii_wctomb                                    /usr/local/gcc-arm-none-eabi-4_8-2014q2/bin/../lib/gcc/arm-none-eabi/4.8.4/../../../../arm-none-eabi/lib/armv7-m/libc.a(lib_a-wctomb_r.o)
__assert                                          /usr/local/gcc-arm-none-eabi-4_8-2014q2/bin/../lib/gcc/arm-none-eabi/4.8.4/../../../../arm-none-eabi/lib/armv7-m/libc.a(lib_a-assert.o)
__assert_func                                     /usr/local/gcc-arm-none-eabi-4_8-2014q2/bin/../lib/gcc/arm-none-eabi/4.8.4/../../../../arm-none-eabi/lib/armv7-m/libc.a(lib_a-assert.o)
                                                  build/obj/pmc.o
                                                  build/obj/atmel_adc.o
__divdi3                                          /usr/local/gcc-arm-none-eabi-4_8-2014q2/bin/../lib/gcc/arm-none-eabi/4.8.4/armv7-m/libgcc.a(_divdi3.o)
                                                  /usr/local/gcc-arm-none-eabi-4_8-2014q2/bin/../lib/gcc/arm-none-eabi/4.8.4/armv7-m/libgcc.a(bpabi.o)
__early_init                                      build/obj/board.o
                                                  build/obj/crt0.o
__fini_array_end                                  build/obj/crt0.o
__fini_array_start                                build/obj/crt0.o
__fp_lock_all                                     /usr/local/gcc-arm-none-eabi-4_8-2014q2/bin/../lib/gcc/arm-none-eabi/4.8.4/../../../../arm-none-eabi/lib/armv7-m/libc.a(lib_a-findfp.o)
__fp_unlock_all                                   /usr/local/gcc-arm-none-eabi-4_8-2014q2/bin/../lib/gcc/arm-none-eabi/4.8.4/../../../../arm-none-eabi/lib/armv7-m/libc.a(lib_a-findfp.o)
__gnu_ldivmod_helper                              /usr/local/gcc-arm-none-eabi-4_8-2014q2/bin/../lib/gcc/arm-none-eabi/4.8.4/armv7-m/libgcc.a(bpabi.o)
__gnu_uldivmod_helper                             /usr/local/gcc-arm-none-eabi-4_8-2014q2/bin/../lib/gcc/arm-none-eabi/4.8.4/armv7-m/libgcc.a(bpabi.o)
                                                  /usr/local/gcc-arm-none-eabi-4_8-2014q2/bin/../lib/gcc/arm-none-eabi/4.8.4/armv7-m/libgcc.a(_aeabi_uldivmod.o)
__heap_base__                                     build/obj/chmemcore.o
__heap_end__                                      build/obj/chmemcore.o
__init_array_end                                  build/obj/crt0.o
__init_array_start                                build/obj/crt0.o
__late_init                                       build/obj/crt0.o
__locale_charset                                  /usr/local/gcc-arm-none-eabi-4_8-2014q2/bin/../lib/gcc/arm-none-eabi/4.8.4/../../../../arm-none-eabi/lib/armv7-m/libc.a(lib_a-locale.o)
                                                  /usr/local/gcc-arm-none-eabi-4_8-2014q2/bin/../lib/gcc/arm-none-eabi/4.8.4/../../../../arm-none-eabi/lib/armv7-m/libc.a(lib_a-wctomb_r.o)
                                                  /usr/local/gcc-arm-none-eabi-4_8-2014q2/bin/../lib/gcc/arm-none-eabi/4.8.4/../../../../arm-none-eabi/lib/armv7-m/libc.a(lib_a-wcrtomb.o)
__locale_cjk_lang                                 /usr/local/gcc-arm-none-eabi-4_8-2014q2/bin/../lib/gcc/arm-none-eabi/4.8.4/../../../../arm-none-eabi/lib/armv7-m/libc.a(lib_a-locale.o)
__locale_mb_cur_max                               /usr/local/gcc-arm-none-eabi-4_8-2014q2/bin/../lib/gcc/arm-none-eabi/4.8.4/../../../../arm-none-eabi/lib/armv7-m/libc.a(lib_a-locale.o)
                                                  /usr/local/gcc-arm-none-eabi-4_8-2014q2/bin/../lib/gcc/arm-none-eabi/4.8.4/../../../../arm-none-eabi/lib/armv7-m/libc.a(lib_a-fputwc.o)
__locale_msgcharset                               /usr/local/gcc-arm-none-eabi-4_8-2014q2/bin/../lib/gcc/arm-none-eabi/4.8.4/../../../../arm-none-eabi/lib/armv7-m/libc.a(lib_a-locale.o)
__main_stack_base__                               build/obj/crt0.o
__main_stack_end__                                build/obj/crt0.o
__malloc_av_                                      /usr/local/gcc-arm-none-eabi-4_8-2014q2/bin/../lib/gcc/arm-none-eabi/4.8.4/../../../../arm-none-eabi/lib/armv7-m/libc.a(lib_a-mallocr.o)
                                                  /usr/local/gcc-arm-none-eabi-4_8-2014q2/bin/../lib/gcc/arm-none-eabi/4.8.4/../../../../arm-none-eabi/lib/armv7-m/libc.a(lib_a-reallocr.o)
                                                  /usr/local/gcc-arm-none-eabi-4_8-2014q2/bin/../lib/gcc/arm-none-eabi/4.8.4/../../../../arm-none-eabi/lib/armv7-m/libc.a(lib_a-freer.o)
__malloc_current_mallinfo                         /usr/local/gcc-arm-none-eabi-4_8-2014q2/bin/../lib/gcc/arm-none-eabi/4.8.4/../../../../arm-none-eabi/lib/armv7-m/libc.a(lib_a-mallocr.o)
                                                  /usr/local/gcc-arm-none-eabi-4_8-2014q2/bin/../lib/gcc/arm-none-eabi/4.8.4/../../../../arm-none-eabi/lib/armv7-m/libc.a(lib_a-freer.o)
__malloc_lock                                     /usr/local/gcc-arm-none-eabi-4_8-2014q2/bin/../lib/gcc/arm-none-eabi/4.8.4/../../../../arm-none-eabi/lib/armv7-m/libc.a(lib_a-mlock.o)
                                                  /usr/local/gcc-arm-none-eabi-4_8-2014q2/bin/../lib/gcc/arm-none-eabi/4.8.4/../../../../arm-none-eabi/lib/armv7-m/libc.a(lib_a-reallocr.o)
                                                  /usr/local/gcc-arm-none-eabi-4_8-2014q2/bin/../lib/gcc/arm-none-eabi/4.8.4/../../../../arm-none-eabi/lib/armv7-m/libc.a(lib_a-mallocr.o)
                                                  /usr/local/gcc-arm-none-eabi-4_8-2014q2/bin/../lib/gcc/arm-none-eabi/4.8.4/../../../../arm-none-eabi/lib/armv7-m/libc.a(lib_a-freer.o)
__malloc_max_sbrked_mem                           /usr/local/gcc-arm-none-eabi-4_8-2014q2/bin/../lib/gcc/arm-none-eabi/4.8.4/../../../../arm-none-eabi/lib/armv7-m/libc.a(lib_a-mallocr.o)
__malloc_max_total_mem                            /usr/local/gcc-arm-none-eabi-4_8-2014q2/bin/../lib/gcc/arm-none-eabi/4.8.4/../../../../arm-none-eabi/lib/armv7-m/libc.a(lib_a-mallocr.o)
__malloc_sbrk_base                                /usr/local/gcc-arm-none-eabi-4_8-2014q2/bin/../lib/gcc/arm-none-eabi/4.8.4/../../../../arm-none-eabi/lib/armv7-m/libc.a(lib_a-mallocr.o)
                                                  /usr/local/gcc-arm-none-eabi-4_8-2014q2/bin/../lib/gcc/arm-none-eabi/4.8.4/../../../../arm-none-eabi/lib/armv7-m/libc.a(lib_a-freer.o)
__malloc_top_pad                                  /usr/local/gcc-arm-none-eabi-4_8-2014q2/bin/../lib/gcc/arm-none-eabi/4.8.4/../../../../arm-none-eabi/lib/armv7-m/libc.a(lib_a-mallocr.o)
                                                  /usr/local/gcc-arm-none-eabi-4_8-2014q2/bin/../lib/gcc/arm-none-eabi/4.8.4/../../../../arm-none-eabi/lib/armv7-m/libc.a(lib_a-freer.o)
__malloc_trim_threshold                           /usr/local/gcc-arm-none-eabi-4_8-2014q2/bin/../lib/gcc/arm-none-eabi/4.8.4/../../../../arm-none-eabi/lib/armv7-m/libc.a(lib_a-mallocr.o)
                                                  /usr/local/gcc-arm-none-eabi-4_8-2014q2/bin/../lib/gcc/arm-none-eabi/4.8.4/../../../../arm-none-eabi/lib/armv7-m/libc.a(lib_a-freer.o)
__malloc_unlock                                   /usr/local/gcc-arm-none-eabi-4_8-2014q2/bin/../lib/gcc/arm-none-eabi/4.8.4/../../../../arm-none-eabi/lib/armv7-m/libc.a(lib_a-mlock.o)
                                                  /usr/local/gcc-arm-none-eabi-4_8-2014q2/bin/../lib/gcc/arm-none-eabi/4.8.4/../../../../arm-none-eabi/lib/armv7-m/libc.a(lib_a-reallocr.o)
                                                  /usr/local/gcc-arm-none-eabi-4_8-2014q2/bin/../lib/gcc/arm-none-eabi/4.8.4/../../../../arm-none-eabi/lib/armv7-m/libc.a(lib_a-mallocr.o)
                                                  /usr/local/gcc-arm-none-eabi-4_8-2014q2/bin/../lib/gcc/arm-none-eabi/4.8.4/../../../../arm-none-eabi/lib/armv7-m/libc.a(lib_a-freer.o)
__mb_cur_max                                      /usr/local/gcc-arm-none-eabi-4_8-2014q2/bin/../lib/gcc/arm-none-eabi/4.8.4/../../../../arm-none-eabi/lib/armv7-m/libc.a(lib_a-locale.o)
__mlocale_changed                                 /usr/local/gcc-arm-none-eabi-4_8-2014q2/bin/../lib/gcc/arm-none-eabi/4.8.4/../../../../arm-none-eabi/lib/armv7-m/libc.a(lib_a-locale.o)
__nlocale_changed                                 /usr/local/gcc-arm-none-eabi-4_8-2014q2/bin/../lib/gcc/arm-none-eabi/4.8.4/../../../../arm-none-eabi/lib/armv7-m/libc.a(lib_a-locale.o)
__process_stack_base__                            build/obj/crt0.o
__process_stack_end__                             build/obj/crt0.o
__ram_end__                                       build/obj/vectors.o
__sclose                                          /usr/local/gcc-arm-none-eabi-4_8-2014q2/bin/../lib/gcc/arm-none-eabi/4.8.4/../../../../arm-none-eabi/lib/armv7-m/libc.a(lib_a-stdio.o)
                                                  /usr/local/gcc-arm-none-eabi-4_8-2014q2/bin/../lib/gcc/arm-none-eabi/4.8.4/../../../../arm-none-eabi/lib/armv7-m/libc.a(lib_a-findfp.o)
__seofread                                        /usr/local/gcc-arm-none-eabi-4_8-2014q2/bin/../lib/gcc/arm-none-eabi/4.8.4/../../../../arm-none-eabi/lib/armv7-m/libc.a(lib_a-stdio.o)
__sflush_r                                        /usr/local/gcc-arm-none-eabi-4_8-2014q2/bin/../lib/gcc/arm-none-eabi/4.8.4/../../../../arm-none-eabi/lib/armv7-m/libc.a(lib_a-fflush.o)
__sfmoreglue                                      /usr/local/gcc-arm-none-eabi-4_8-2014q2/bin/../lib/gcc/arm-none-eabi/4.8.4/../../../../arm-none-eabi/lib/armv7-m/libc.a(lib_a-findfp.o)
__sfp                                             /usr/local/gcc-arm-none-eabi-4_8-2014q2/bin/../lib/gcc/arm-none-eabi/4.8.4/../../../../arm-none-eabi/lib/armv7-m/libc.a(lib_a-findfp.o)
__sfp_lock_acquire                                /usr/local/gcc-arm-none-eabi-4_8-2014q2/bin/../lib/gcc/arm-none-eabi/4.8.4/../../../../arm-none-eabi/lib/armv7-m/libc.a(lib_a-findfp.o)
                                                  /usr/local/gcc-arm-none-eabi-4_8-2014q2/bin/../lib/gcc/arm-none-eabi/4.8.4/../../../../arm-none-eabi/lib/armv7-m/libc.a(lib_a-fclose.o)
__sfp_lock_release                                /usr/local/gcc-arm-none-eabi-4_8-2014q2/bin/../lib/gcc/arm-none-eabi/4.8.4/../../../../arm-none-eabi/lib/armv7-m/libc.a(lib_a-findfp.o)
                                                  /usr/local/gcc-arm-none-eabi-4_8-2014q2/bin/../lib/gcc/arm-none-eabi/4.8.4/../../../../arm-none-eabi/lib/armv7-m/libc.a(lib_a-fclose.o)
__sfvwrite_r                                      /usr/local/gcc-arm-none-eabi-4_8-2014q2/bin/../lib/gcc/arm-none-eabi/4.8.4/../../../../arm-none-eabi/lib/armv7-m/libc.a(lib_a-fvwrite.o)
                                                  /usr/local/gcc-arm-none-eabi-4_8-2014q2/bin/../lib/gcc/arm-none-eabi/4.8.4/../../../../arm-none-eabi/lib/armv7-m/libc.a(lib_a-vfiprintf.o)
__sigtramp                                        /usr/local/gcc-arm-none-eabi-4_8-2014q2/bin/../lib/gcc/arm-none-eabi/4.8.4/../../../../arm-none-eabi/lib/armv7-m/libc.a(lib_a-signal.o)
__sigtramp_r                                      /usr/local/gcc-arm-none-eabi-4_8-2014q2/bin/../lib/gcc/arm-none-eabi/4.8.4/../../../../arm-none-eabi/lib/armv7-m/libc.a(lib_a-signal.o)
__sinit                                           /usr/local/gcc-arm-none-eabi-4_8-2014q2/bin/../lib/gcc/arm-none-eabi/4.8.4/../../../../arm-none-eabi/lib/armv7-m/libc.a(lib_a-findfp.o)
                                                  /usr/local/gcc-arm-none-eabi-4_8-2014q2/bin/../lib/gcc/arm-none-eabi/4.8.4/../../../../arm-none-eabi/lib/armv7-m/libc.a(lib_a-fclose.o)
                                                  /usr/local/gcc-arm-none-eabi-4_8-2014q2/bin/../lib/gcc/arm-none-eabi/4.8.4/../../../../arm-none-eabi/lib/armv7-m/libc.a(lib_a-wbuf.o)
                                                  /usr/local/gcc-arm-none-eabi-4_8-2014q2/bin/../lib/gcc/arm-none-eabi/4.8.4/../../../../arm-none-eabi/lib/armv7-m/libc.a(lib_a-fputwc.o)
                                                  /usr/local/gcc-arm-none-eabi-4_8-2014q2/bin/../lib/gcc/arm-none-eabi/4.8.4/../../../../arm-none-eabi/lib/armv7-m/libc.a(lib_a-fflush.o)
                                                  /usr/local/gcc-arm-none-eabi-4_8-2014q2/bin/../lib/gcc/arm-none-eabi/4.8.4/../../../../arm-none-eabi/lib/armv7-m/libc.a(lib_a-wsetup.o)
                                                  /usr/local/gcc-arm-none-eabi-4_8-2014q2/bin/../lib/gcc/arm-none-eabi/4.8.4/../../../../arm-none-eabi/lib/armv7-m/libc.a(lib_a-vfiprintf.o)
__sinit_lock_acquire                              /usr/local/gcc-arm-none-eabi-4_8-2014q2/bin/../lib/gcc/arm-none-eabi/4.8.4/../../../../arm-none-eabi/lib/armv7-m/libc.a(lib_a-findfp.o)
__sinit_lock_release                              /usr/local/gcc-arm-none-eabi-4_8-2014q2/bin/../lib/gcc/arm-none-eabi/4.8.4/../../../../arm-none-eabi/lib/armv7-m/libc.a(lib_a-findfp.o)
__smakebuf_r                                      /usr/local/gcc-arm-none-eabi-4_8-2014q2/bin/../lib/gcc/arm-none-eabi/4.8.4/../../../../arm-none-eabi/lib/armv7-m/libc.a(lib_a-makebuf.o)
                                                  /usr/local/gcc-arm-none-eabi-4_8-2014q2/bin/../lib/gcc/arm-none-eabi/4.8.4/../../../../arm-none-eabi/lib/armv7-m/libc.a(lib_a-wsetup.o)
__sprint_r                                        /usr/local/gcc-arm-none-eabi-4_8-2014q2/bin/../lib/gcc/arm-none-eabi/4.8.4/../../../../arm-none-eabi/lib/armv7-m/libc.a(lib_a-vfiprintf.o)
__sread                                           /usr/local/gcc-arm-none-eabi-4_8-2014q2/bin/../lib/gcc/arm-none-eabi/4.8.4/../../../../arm-none-eabi/lib/armv7-m/libc.a(lib_a-stdio.o)
                                                  /usr/local/gcc-arm-none-eabi-4_8-2014q2/bin/../lib/gcc/arm-none-eabi/4.8.4/../../../../arm-none-eabi/lib/armv7-m/libc.a(lib_a-findfp.o)
__sseek                                           /usr/local/gcc-arm-none-eabi-4_8-2014q2/bin/../lib/gcc/arm-none-eabi/4.8.4/../../../../arm-none-eabi/lib/armv7-m/libc.a(lib_a-stdio.o)
                                                  /usr/local/gcc-arm-none-eabi-4_8-2014q2/bin/../lib/gcc/arm-none-eabi/4.8.4/../../../../arm-none-eabi/lib/armv7-m/libc.a(lib_a-makebuf.o)
                                                  /usr/local/gcc-arm-none-eabi-4_8-2014q2/bin/../lib/gcc/arm-none-eabi/4.8.4/../../../../arm-none-eabi/lib/armv7-m/libc.a(lib_a-findfp.o)
__swbuf                                           /usr/local/gcc-arm-none-eabi-4_8-2014q2/bin/../lib/gcc/arm-none-eabi/4.8.4/../../../../arm-none-eabi/lib/armv7-m/libc.a(lib_a-wbuf.o)
__swbuf_r                                         /usr/local/gcc-arm-none-eabi-4_8-2014q2/bin/../lib/gcc/arm-none-eabi/4.8.4/../../../../arm-none-eabi/lib/armv7-m/libc.a(lib_a-wbuf.o)
                                                  /usr/local/gcc-arm-none-eabi-4_8-2014q2/bin/../lib/gcc/arm-none-eabi/4.8.4/../../../../arm-none-eabi/lib/armv7-m/libc.a(lib_a-fputwc.o)
__swrite                                          /usr/local/gcc-arm-none-eabi-4_8-2014q2/bin/../lib/gcc/arm-none-eabi/4.8.4/../../../../arm-none-eabi/lib/armv7-m/libc.a(lib_a-stdio.o)
                                                  /usr/local/gcc-arm-none-eabi-4_8-2014q2/bin/../lib/gcc/arm-none-eabi/4.8.4/../../../../arm-none-eabi/lib/armv7-m/libc.a(lib_a-findfp.o)
__swsetup_r                                       /usr/local/gcc-arm-none-eabi-4_8-2014q2/bin/../lib/gcc/arm-none-eabi/4.8.4/../../../../arm-none-eabi/lib/armv7-m/libc.a(lib_a-wsetup.o)
                                                  /usr/local/gcc-arm-none-eabi-4_8-2014q2/bin/../lib/gcc/arm-none-eabi/4.8.4/../../../../arm-none-eabi/lib/armv7-m/libc.a(lib_a-wbuf.o)
                                                  /usr/local/gcc-arm-none-eabi-4_8-2014q2/bin/../lib/gcc/arm-none-eabi/4.8.4/../../../../arm-none-eabi/lib/armv7-m/libc.a(lib_a-fvwrite.o)
                                                  /usr/local/gcc-arm-none-eabi-4_8-2014q2/bin/../lib/gcc/arm-none-eabi/4.8.4/../../../../arm-none-eabi/lib/armv7-m/libc.a(lib_a-vfiprintf.o)
__udivdi3                                         /usr/local/gcc-arm-none-eabi-4_8-2014q2/bin/../lib/gcc/arm-none-eabi/4.8.4/armv7-m/libgcc.a(_udivdi3.o)
                                                  /usr/local/gcc-arm-none-eabi-4_8-2014q2/bin/../lib/gcc/arm-none-eabi/4.8.4/armv7-m/libgcc.a(bpabi.o)