Archive member included to satisfy reference by file (symbol)

/usr/lib/gcc/arm-none-eabi/4.9.3/../../../arm-none-eabi/lib/armv7-m/libc.a(lib_a-assert.o)
                              build/obj/atmel_adc.o (__assert_func)
/usr/lib/gcc/arm-none-eabi/4.9.3/../../../arm-none-eabi/lib/armv7-m/libc.a(lib_a-fiprintf.o)
                              /usr/lib/gcc/arm-none-eabi/4.9.3/../../../arm-none-eabi/lib/armv7-m/libc.a(lib_a-assert.o) (fiprintf)
/usr/lib/gcc/arm-none-eabi/4.9.3/../../../arm-none-eabi/lib/armv7-m/libc.a(lib_a-impure.o)
                              /usr/lib/gcc/arm-none-eabi/4.9.3/../../../arm-none-eabi/lib/armv7-m/libc.a(lib_a-assert.o) (_impure_ptr)
/usr/lib/gcc/arm-none-eabi/4.9.3/../../../arm-none-eabi/lib/armv7-m/libc.a(lib_a-memset.o)
                              build/obj/syscalls.o (memset)
/usr/lib/gcc/arm-none-eabi/4.9.3/../../../arm-none-eabi/lib/armv7-m/libc.a(lib_a-vfiprintf.o)
                              /usr/lib/gcc/arm-none-eabi/4.9.3/../../../arm-none-eabi/lib/armv7-m/libc.a(lib_a-fiprintf.o) (_vfiprintf_r)
/usr/lib/gcc/arm-none-eabi/4.9.3/../../../arm-none-eabi/lib/armv7-m/libc.a(lib_a-wsetup.o)
                              /usr/lib/gcc/arm-none-eabi/4.9.3/../../../arm-none-eabi/lib/armv7-m/libc.a(lib_a-vfiprintf.o) (__swsetup_r)
/usr/lib/gcc/arm-none-eabi/4.9.3/../../../arm-none-eabi/lib/armv7-m/libc.a(lib_a-abort.o)
                              /usr/lib/gcc/arm-none-eabi/4.9.3/../../../arm-none-eabi/lib/armv7-m/libc.a(lib_a-assert.o) (abort)
/usr/lib/gcc/arm-none-eabi/4.9.3/../../../arm-none-eabi/lib/armv7-m/libc.a(lib_a-fflush.o)
                              /usr/lib/gcc/arm-none-eabi/4.9.3/../../../arm-none-eabi/lib/armv7-m/libc.a(lib_a-vfiprintf.o) (_fflush_r)
/usr/lib/gcc/arm-none-eabi/4.9.3/../../../arm-none-eabi/lib/armv7-m/libc.a(lib_a-findfp.o)
                              /usr/lib/gcc/arm-none-eabi/4.9.3/../../../arm-none-eabi/lib/armv7-m/libc.a(lib_a-vfiprintf.o) (__sinit)
/usr/lib/gcc/arm-none-eabi/4.9.3/../../../arm-none-eabi/lib/armv7-m/libc.a(lib_a-fputwc.o)
                              /usr/lib/gcc/arm-none-eabi/4.9.3/../../../arm-none-eabi/lib/armv7-m/libc.a(lib_a-vfiprintf.o) (_fputwc_r)
/usr/lib/gcc/arm-none-eabi/4.9.3/../../../arm-none-eabi/lib/armv7-m/libc.a(lib_a-freer.o)
                              /usr/lib/gcc/arm-none-eabi/4.9.3/../../../arm-none-eabi/lib/armv7-m/libc.a(lib_a-wsetup.o) (_free_r)
/usr/lib/gcc/arm-none-eabi/4.9.3/../../../arm-none-eabi/lib/armv7-m/libc.a(lib_a-fvwrite.o)
                              /usr/lib/gcc/arm-none-eabi/4.9.3/../../../arm-none-eabi/lib/armv7-m/libc.a(lib_a-vfiprintf.o) (__sfvwrite_r)
/usr/lib/gcc/arm-none-eabi/4.9.3/../../../arm-none-eabi/lib/armv7-m/libc.a(lib_a-fwalk.o)
                              /usr/lib/gcc/arm-none-eabi/4.9.3/../../../arm-none-eabi/lib/armv7-m/libc.a(lib_a-findfp.o) (_fwalk)
/usr/lib/gcc/arm-none-eabi/4.9.3/../../../arm-none-eabi/lib/armv7-m/libc.a(lib_a-locale.o)
                              /usr/lib/gcc/arm-none-eabi/4.9.3/../../../arm-none-eabi/lib/armv7-m/libc.a(lib_a-fputwc.o) (__locale_mb_cur_max)
/usr/lib/gcc/arm-none-eabi/4.9.3/../../../arm-none-eabi/lib/armv7-m/libc.a(lib_a-makebuf.o)
                              /usr/lib/gcc/arm-none-eabi/4.9.3/../../../arm-none-eabi/lib/armv7-m/libc.a(lib_a-wsetup.o) (__smakebuf_r)
/usr/lib/gcc/arm-none-eabi/4.9.3/../../../arm-none-eabi/lib/armv7-m/libc.a(lib_a-mallocr.o)
                              /usr/lib/gcc/arm-none-eabi/4.9.3/../../../arm-none-eabi/lib/armv7-m/libc.a(lib_a-findfp.o) (_malloc_r)
/usr/lib/gcc/arm-none-eabi/4.9.3/../../../arm-none-eabi/lib/armv7-m/libc.a(lib_a-memchr.o)
                              /usr/lib/gcc/arm-none-eabi/4.9.3/../../../arm-none-eabi/lib/armv7-m/libc.a(lib_a-vfiprintf.o) (memchr)
/usr/lib/gcc/arm-none-eabi/4.9.3/../../../arm-none-eabi/lib/armv7-m/libc.a(lib_a-memcpy.o)
                              /usr/lib/gcc/arm-none-eabi/4.9.3/../../../arm-none-eabi/lib/armv7-m/libc.a(lib_a-fvwrite.o) (memcpy)
/usr/lib/gcc/arm-none-eabi/4.9.3/../../../arm-none-eabi/lib/armv7-m/libc.a(lib_a-memmove.o)
                              /usr/lib/gcc/arm-none-eabi/4.9.3/../../../arm-none-eabi/lib/armv7-m/libc.a(lib_a-fvwrite.o) (memmove)
/usr/lib/gcc/arm-none-eabi/4.9.3/../../../arm-none-eabi/lib/armv7-m/libc.a(lib_a-mlock.o)
                              /usr/lib/gcc/arm-none-eabi/4.9.3/../../../arm-none-eabi/lib/armv7-m/libc.a(lib_a-freer.o) (__malloc_lock)
/usr/lib/gcc/arm-none-eabi/4.9.3/../../../arm-none-eabi/lib/armv7-m/libc.a(lib_a-reallocr.o)
                              /usr/lib/gcc/arm-none-eabi/4.9.3/../../../arm-none-eabi/lib/armv7-m/libc.a(lib_a-fvwrite.o) (_realloc_r)
/usr/lib/gcc/arm-none-eabi/4.9.3/../../../arm-none-eabi/lib/armv7-m/libc.a(lib_a-signal.o)
                              /usr/lib/gcc/arm-none-eabi/4.9.3/../../../arm-none-eabi/lib/armv7-m/libc.a(lib_a-abort.o) (raise)
/usr/lib/gcc/arm-none-eabi/4.9.3/../../../arm-none-eabi/lib/armv7-m/libc.a(lib_a-signalr.o)
[...]
Memory Configuration

Name             Origin             Length             Attributes
flash            0x0000000000400000 0x0000000000020000
ram              0x0000000020000000 0x0000000000008000
*default*        0x0000000000000000 0xffffffffffffffff

Linker script and memory map

LOAD build/obj/crt0.o
LOAD build/obj/vectors.o
LOAD build/obj/chcore.o
LOAD build/obj/chcore_v7m.o
LOAD build/obj/nvic.o
LOAD build/obj/chsys.o
LOAD build/obj/chlists.o
LOAD build/obj/chvt.o
LOAD build/obj/chschd.o
LOAD build/obj/chthreads.o
LOAD build/obj/chdynamic.o
LOAD build/obj/chregistry.o
LOAD build/obj/chsem.o
LOAD build/obj/chmtx.o
LOAD build/obj/chcond.o
LOAD build/obj/chevents.o
LOAD build/obj/chmsg.o
LOAD build/obj/chmboxes.o
LOAD build/obj/chqueues.o
LOAD build/obj/chmemcore.o
LOAD build/obj/chheap.o
LOAD build/obj/chmempools.o
LOAD build/obj/test.o
LOAD build/obj/testthd.o
LOAD build/obj/testsem.o
LOAD build/obj/testmtx.o
LOAD build/obj/testmsg.o
LOAD build/obj/testmbox.o
LOAD build/obj/testevt.o
LOAD build/obj/testheap.o
LOAD build/obj/testpools.o
LOAD build/obj/testdyn.o
LOAD build/obj/testqueues.o
LOAD build/obj/testbmk.o
LOAD build/obj/hal.o
LOAD build/obj/pal.o
LOAD build/obj/serial.o
LOAD build/obj/hal_lld.o
LOAD build/obj/system_SAM3.o
LOAD build/obj/pal_lld.o
LOAD build/obj/serial_lld.o
LOAD build/obj/atmel_adc.o
LOAD build/obj/pio.o
LOAD build/obj/pmc.o
LOAD build/obj/atmel_twi.o
LOAD build/obj/atmel_twid.o
LOAD build/obj/atmel_spi.o
LOAD build/obj/atmel_psram.o
LOAD build/obj/board.o
LOAD build/obj/evtimer.o
LOAD build/obj/syscalls.o
LOAD build/obj/chprintf.o
LOAD build/obj/main.o
START GROUP
LOAD /usr/lib/gcc/arm-none-eabi/4.9.3/armv7-m/libgcc.a
LOAD /usr/lib/gcc/arm-none-eabi/4.9.3/../../../arm-none-eabi/lib/armv7-m/libc.a
END GROUP
                0x0000000000000400                __main_stack_size__ = 0x400
                0x0000000000000400                __process_stack_size__ = 0x400
                0x0000000000000800                __stacks_total_size__ = (__main_stack_size__ + __process_stack_size__)
                0x0000000020000000                __ram_start__ = ORIGIN (ram)
                0x0000000000008000                __ram_size__ = LENGTH (ram)
                0x0000000020008000                __ram_end__ = (__ram_start__ + __ram_size__)
                0x0000000000000000                . = 0x0
                0x0000000000000000                _text = .

startup         0x0000000000400000       0xd0
 *(vectors)
 vectors        0x0000000000400000       0xd0 build/obj/vectors.o
                0x0000000000400000                _vectors

constructors    0x00000000004000d0        0x0
                0x00000000004000d0                PROVIDE (__init_array_start, .)
 *(SORT(.init_array.*))
 *(.init_array)
                0x00000000004000d0                PROVIDE (__init_array_end, .)

destructors     0x00000000004000d0        0x0
                0x00000000004000d0                PROVIDE (__fini_array_start, .)
 *(.fini_array)
 *(SORT(.fini_array.*))
                0x00000000004000d0                PROVIDE (__fini_array_end, .)

.text           0x00000000004000d0     0x4d80
 *(.text.startup.*)
 .text.startup.main
                0x00000000004000d0      0x118 build/obj/main.o
                0x00000000004000d0                main
 *(.text)
 *fill*         0x00000000004001e8        0x8 
 .text          0x00000000004001f0       0xec /usr/lib/gcc/arm-none-eabi/4.9.3/../../../arm-none-eabi/lib/armv7-m/libc.a(lib_a-memcpy.o)
                0x00000000004001f0                memcpy
 *fill*         0x00000000004002dc        0x4 
 .text          0x00000000004002e0       0x30 /usr/lib/gcc/arm-none-eabi/4.9.3/armv7-m/libgcc.a(_aeabi_uldivmod.o)
                0x00000000004002e0                __aeabi_uldivmod
 .text          0x0000000000400310       0x60 /usr/lib/gcc/arm-none-eabi/4.9.3/armv7-m/libgcc.a(bpabi.o)
                0x0000000000400310                __gnu_ldivmod_helper
                0x0000000000400340                __gnu_uldivmod_helper
 .text          0x0000000000400370        0x4 /usr/lib/gcc/arm-none-eabi/4.9.3/armv7-m/libgcc.a(_dvmd_tls.o)
                0x0000000000400370                __aeabi_ldiv0
                0x0000000000400370                __aeabi_idiv0
 *fill*         0x0000000000400374        0xc 
 .text          0x0000000000400380      0x2ac /usr/lib/gcc/arm-none-eabi/4.9.3/armv7-m/libgcc.a(_divdi3.o)
                0x0000000000400380                __divdi3
 *fill*         0x000000000040062c        0x4 
 .text          0x0000000000400630      0x270 /usr/lib/gcc/arm-none-eabi/4.9.3/armv7-m/libgcc.a(_udivdi3.o)
                0x0000000000400630                __udivdi3
 *(.text.*)
 .text.__late_init
                0x00000000004008a0        0x4 build/obj/crt0.o
                0x00000000004008a0                __late_init
 *fill*         0x00000000004008a4        0xc 
 .text._default_exit
                0x00000000004008b0        0x4 build/obj/crt0.o
                0x00000000004008b0                _default_exit
 *fill*         0x00000000004008b4        0xc 
 .text.ResetHandler
                0x00000000004008c0      0x108 build/obj/crt0.o
                0x00000000004008c0                ResetHandler
 *fill*         0x00000000004009c8        0x8 
 .text._unhandled_exception
                0x00000000004009d0        0x4 build/obj/vectors.o
                0x00000000004009d0                Vector58
                0x00000000004009d0                Vector9C
                0x00000000004009d0                VectorAC
                0x00000000004009d0                Vector5C
                0x00000000004009d0                NMIVector
                0x00000000004009d0                Vector8C
                0x00000000004009d0                VectorC8
                0x00000000004009d0                Vector94
                0x00000000004009d0                VectorA8
                0x00000000004009d0                VectorB4
                0x00000000004009d0                Vector74
                0x00000000004009d0                UsageFaultVector
                0x00000000004009d0                DebugMonitorVector
                0x00000000004009d0                Vector40
                0x00000000004009d0                VectorBC
                0x00000000004009d0                PendSVVector
                0x00000000004009d0                VectorCC
                0x00000000004009d0                Vector54
                0x00000000004009d0                Vector98
                0x00000000004009d0                Vector24
                0x00000000004009d0                Vector84
                0x00000000004009d0                BusFaultVector
                0x00000000004009d0                VectorC0
                0x00000000004009d0                HardFaultVector
                0x00000000004009d0                MemManageVector
                0x00000000004009d0                Vector6C
                0x00000000004009d0                VectorA0
                0x00000000004009d0                VectorC4
                0x00000000004009d0                Vector7C
                0x00000000004009d0                VectorB0
                0x00000000004009d0                Vector90
                0x00000000004009d0                Vector1C
                0x00000000004009d0                Vector48
                0x00000000004009d0                Vector70
                0x00000000004009d0                Vector4C
                0x00000000004009d0                Vector80
                0x00000000004009d0                Vector68
                0x00000000004009d0                Vector78
                0x00000000004009d0                _unhandled_exception
                0x00000000004009d0                Vector88
                0x00000000004009d0                Vector50
                0x00000000004009d0                Vector44
                0x00000000004009d0                Vector28
                0x00000000004009d0                VectorB8
                0x00000000004009d0                Vector34
                0x00000000004009d0                VectorA4
                0x00000000004009d0                Vector20
 *fill*         0x00000000004009d4        0xc 
 .text._port_switch_from_isr
                0x00000000004009e0        0x8 build/obj/chcore_v7m.o
                0x00000000004009e0                _port_switch_from_isr
 *fill*         0x00000000004009e8        0x8 
 .text.SVCallVector
                0x00000000004009f0       0x14 build/obj/chcore_v7m.o
                0x00000000004009f0                SVCallVector
 *fill*         0x0000000000400a04        0xc 
 .text._port_init
                0x0000000000400a10       0x34 build/obj/chcore_v7m.o
                0x0000000000400a10                _port_init
 *fill*         0x0000000000400a44        0xc 
 .text._port_irq_epilogue
                0x0000000000400a50       0x74 build/obj/chcore_v7m.o
                0x0000000000400a50                _port_irq_epilogue
 *fill*         0x0000000000400ac4        0xc 
 .text.SysTickVector
                0x0000000000400ad0       0x1c build/obj/chcore_v7m.o
                0x0000000000400ad0                SysTickVector
 *fill*         0x0000000000400aec        0x4 
 .text._port_switch
                0x0000000000400af0       0x10 build/obj/chcore_v7m.o
                0x0000000000400af0                _port_switch
 .text._port_thread_start
                0x0000000000400b00       0x10 build/obj/chcore_v7m.o
                0x0000000000400b00                _port_thread_start
 .text.nvicEnableVector
                0x0000000000400b10       0x48 build/obj/nvic.o
                0x0000000000400b10                nvicEnableVector
 *fill*         0x0000000000400b58        0x8 
 .text.nvicSetSystemHandlerPriority
                0x0000000000400b60       0x2c build/obj/nvic.o
                0x0000000000400b60                nvicSetSystemHandlerPriority
 *fill*         0x0000000000400b8c        0x4 
 .text._idle_thread
                0x0000000000400b90       0x14 build/obj/chsys.o
                0x0000000000400b90                _idle_thread
 *fill*         0x0000000000400ba4        0xc 
 .text.chSysInit
                0x0000000000400bb0       0x5c build/obj/chsys.o
                0x0000000000400bb0                chSysInit
 *fill*         0x0000000000400c0c        0x4 
 .text.chSysTimerHandlerI
                0x0000000000400c10       0x50 build/obj/chsys.o
                0x0000000000400c10                chSysTimerHandlerI
 .text._vt_init
                0x0000000000400c60       0x18 build/obj/chvt.o
                0x0000000000400c60                _vt_init
 *fill*         0x0000000000400c78        0x8 
 .text.chVTSetI
                0x0000000000400c80       0x3c build/obj/chvt.o
                0x0000000000400c80                chVTSetI
 *fill*         0x0000000000400cbc        0x4 
 .text.chVTResetI
                0x0000000000400cc0       0x24 build/obj/chvt.o
                0x0000000000400cc0                chVTResetI
 *fill*         0x0000000000400ce4        0xc 
 .text.wakeup   0x0000000000400cf0       0x58 build/obj/chschd.o
 *fill*         0x0000000000400d48        0x8 
 .text._scheduler_init
                0x0000000000400d50       0x18 build/obj/chschd.o
                0x0000000000400d50                _scheduler_init
 *fill*         0x0000000000400d68        0x8 
 .text.chSchReadyI
                0x0000000000400d70       0x2c build/obj/chschd.o
                0x0000000000400d70                chSchReadyI
 *fill*         0x0000000000400d9c        0x4 
 .text.chSchGoSleepS
                0x0000000000400da0       0x28 build/obj/chschd.o
                0x0000000000400da0                chSchGoSleepS
 *fill*         0x0000000000400dc8        0x8 
 .text.chSchGoSleepTimeoutS
                0x0000000000400dd0       0x44 build/obj/chschd.o
                0x0000000000400dd0                chSchGoSleepTimeoutS
 *fill*         0x0000000000400e14        0xc 
 .text.chSchWakeupS
                0x0000000000400e20       0x5c build/obj/chschd.o
                0x0000000000400e20                chSchWakeupS
 *fill*         0x0000000000400e7c        0x4 
 .text.chSchDoReschedule
                0x0000000000400e80       0x48 build/obj/chschd.o
                0x0000000000400e80                chSchDoReschedule
 *fill*         0x0000000000400ec8        0x8 
 .text._thread_init
                0x0000000000400ed0       0x44 build/obj/chthreads.o
                0x0000000000400ed0                _thread_init
 *fill*         0x0000000000400f14        0xc 
 .text.chThdCreateStatic
                0x0000000000400f20       0x80 build/obj/chthreads.o
                0x0000000000400f20                chThdCreateStatic
 .text.chThdSleep
                0x0000000000400fa0       0x18 build/obj/chthreads.o
                0x0000000000400fa0                chThdSleep
 *fill*         0x0000000000400fb8        0x8 
 .text.chThdExitS
                0x0000000000400fc0       0x40 build/obj/chthreads.o
                0x0000000000400fc0                chThdExitS
 .text.chThdExit
                0x0000000000401000        0xc build/obj/chthreads.o
                0x0000000000401000                chThdExit
 *fill*         0x000000000040100c        0x4 
 .text.chMtxInit
                0x0000000000401010        0xc build/obj/chmtx.o
                0x0000000000401010                chMtxInit
 *fill*         0x000000000040101c        0x4 
 .text.chEvtSignalFlagsI
                0x0000000000401020       0x30 build/obj/chevents.o
                0x0000000000401020                chEvtSignalFlagsI
 .text.chEvtBroadcastFlagsI
                0x0000000000401050       0x20 build/obj/chevents.o
                0x0000000000401050                chEvtBroadcastFlagsI
 .text.qwait    0x0000000000401070       0x2c build/obj/chqueues.o
 *fill*         0x000000000040109c        0x4 
 .text.chIQInit
                0x00000000004010a0       0x1c build/obj/chqueues.o
                0x00000000004010a0                chIQInit
 *fill*         0x00000000004010bc        0x4 
 .text.chIQPutI
                0x00000000004010c0       0x4c build/obj/chqueues.o
                0x00000000004010c0                chIQPutI
 *fill*         0x000000000040110c        0x4 
 .text.chIQGetTimeout
                0x0000000000401110       0x50 build/obj/chqueues.o
                0x0000000000401110                chIQGetTimeout
 .text.chIQReadTimeout
                0x0000000000401160       0x70 build/obj/chqueues.o
                0x0000000000401160                chIQReadTimeout
 .text.chOQInit
                0x00000000004011d0       0x1c build/obj/chqueues.o
                0x00000000004011d0                chOQInit
 *fill*         0x00000000004011ec        0x4 
 .text.chOQPutTimeout
                0x00000000004011f0       0x54 build/obj/chqueues.o
                0x00000000004011f0                chOQPutTimeout
 *fill*         0x0000000000401244        0xc 
 .text.chOQGetI
                0x0000000000401250       0x48 build/obj/chqueues.o
                0x0000000000401250                chOQGetI
 *fill*         0x0000000000401298        0x8 
 .text.chOQWriteTimeout
                0x00000000004012a0       0x80 build/obj/chqueues.o
                0x00000000004012a0                chOQWriteTimeout
 .text._core_init
                0x0000000000401320       0x28 build/obj/chmemcore.o
                0x0000000000401320                _core_init
 *fill*         0x0000000000401348        0x8 
 .text.chCoreAlloc
                0x0000000000401350       0x38 build/obj/chmemcore.o
                0x0000000000401350                chCoreAlloc
 *fill*         0x0000000000401388        0x8 
 .text._heap_init
                0x0000000000401390       0x1c build/obj/chheap.o
                0x0000000000401390                _heap_init
 *fill*         0x00000000004013ac        0x4 
 .text.halInit  0x00000000004013b0       0x1c build/obj/hal.o
                0x00000000004013b0                halInit
 *fill*         0x00000000004013cc        0x4 
 .text.putwouldblock
                0x00000000004013d0        0xc build/obj/serial.o
 *fill*         0x00000000004013dc        0x4 
 .text.getwouldblock
                0x00000000004013e0        0xc build/obj/serial.o
 *fill*         0x00000000004013ec        0x4 
 .text.getflags
                0x00000000004013f0       0x18 build/obj/serial.o
 *fill*         0x0000000000401408        0x8 
 .text.readt    0x0000000000401410        0x8 build/obj/serial.o
 *fill*         0x0000000000401418        0x8 
 .text.reads    0x0000000000401420        0xc build/obj/serial.o
 *fill*         0x000000000040142c        0x4 
 .text.writet   0x0000000000401430        0x8 build/obj/serial.o
 *fill*         0x0000000000401438        0x8 
 .text.writes   0x0000000000401440        0xc build/obj/serial.o
 *fill*         0x000000000040144c        0x4 
 .text.gett     0x0000000000401450        0x8 build/obj/serial.o
 *fill*         0x0000000000401458        0x8 
 .text.putt     0x0000000000401460        0x8 build/obj/serial.o
 *fill*         0x0000000000401468        0x8 
 .text.sdInit   0x0000000000401470        0x4 build/obj/serial.o
                0x0000000000401470                sdInit
 *fill*         0x0000000000401474        0xc 
 .text.sdObjectInit
                0x0000000000401480       0x40 build/obj/serial.o
                0x0000000000401480                sdObjectInit
 .text.sdStart  0x00000000004014c0       0x1c build/obj/serial.o
                0x00000000004014c0                sdStart
 *fill*         0x00000000004014dc        0x4 
 .text.sdIncomingDataI
                0x00000000004014e0       0x4c build/obj/serial.o
                0x00000000004014e0                sdIncomingDataI
 *fill*         0x000000000040152c        0x4 
 .text.hal_lld_init
                0x0000000000401530       0x38 build/obj/hal_lld.o
                0x0000000000401530                hal_lld_init
 *fill*         0x0000000000401568        0x8 
 .text.at91sam3_clock_init
                0x0000000000401570        0x4 build/obj/hal_lld.o
                0x0000000000401570                at91sam3_clock_init
 *fill*         0x0000000000401574        0xc 
 .text.SystemCoreClockUpdate
                0x0000000000401580       0xf4 build/obj/system_SAM3.o
                0x0000000000401580                SystemCoreClockUpdate
 *fill*         0x0000000000401674        0xc 
 .text.SystemInit
                0x0000000000401680       0x94 build/obj/system_SAM3.o
                0x0000000000401680                SystemInit
 *fill*         0x0000000000401714        0xc 
 .text._pal_lld_init
                0x0000000000401720       0xb8 build/obj/pal_lld.o
                0x0000000000401720                _pal_lld_init
 *fill*         0x00000000004017d8        0x8 
 .text._pal_lld_setgroupmode
                0x00000000004017e0       0x34 build/obj/pal_lld.o
                0x00000000004017e0                _pal_lld_setgroupmode
 *fill*         0x0000000000401814        0xc 
 .text.notify1  0x0000000000401820        0xc build/obj/serial_lld.o
 *fill*         0x000000000040182c        0x4 
 .text.notify2  0x0000000000401830        0xc build/obj/serial_lld.o
 *fill*         0x000000000040183c        0x4 
 .text.serve_interrupt
                0x0000000000401840       0xa4 build/obj/serial_lld.o
 *fill*         0x00000000004018e4        0xc 
 .text.Vector60
                0x00000000004018f0       0x14 build/obj/serial_lld.o
                0x00000000004018f0                Vector60
 *fill*         0x0000000000401904        0xc 
 .text.Vector64
                0x0000000000401910       0x14 build/obj/serial_lld.o
                0x0000000000401910                Vector64
 *fill*         0x0000000000401924        0xc 
 .text.sd_lld_init
                0x0000000000401930       0x58 build/obj/serial_lld.o
                0x0000000000401930                sd_lld_init
 *fill*         0x0000000000401988        0x8 
 .text.sd_lld_start
                0x0000000000401990       0xa4 build/obj/serial_lld.o
                0x0000000000401990                sd_lld_start
 *fill*         0x0000000000401a34        0xc 
 .text.calcul_startup
                0x0000000000401a40       0x8c build/obj/atmel_adc.o
 *fill*         0x0000000000401acc        0x4 
 .text.ADC_Initialize
                0x0000000000401ad0       0x30 build/obj/atmel_adc.o
                0x0000000000401ad0                ADC_Initialize
 .text.ADC_cfgFrequency
                0x0000000000401b00       0x14 build/obj/atmel_adc.o
                0x0000000000401b00                ADC_cfgFrequency
 *fill*         0x0000000000401b14        0xc 
 .text.ADC_check
                0x0000000000401b20       0xf8 build/obj/atmel_adc.o
                0x0000000000401b20                ADC_check
 *fill*         0x0000000000401c18        0x8 
 .text.PIO_Configure
                0x0000000000401c20      0x154 build/obj/pio.o
                0x0000000000401c20                PIO_Configure
 *fill*         0x0000000000401d74        0xc 
 .text.PMC_EnablePeripheral
                0x0000000000401d80       0x50 build/obj/pmc.o
                0x0000000000401d80                PMC_EnablePeripheral
 .text.PmcMasterClockSelection
                0x0000000000401dd0       0x90 build/obj/pmc.o
                0x0000000000401dd0                PmcMasterClockSelection
 .text.ConfigurePck
                0x0000000000401e60       0x2c build/obj/pmc.o
                0x0000000000401e60                ConfigurePck
 *fill*         0x0000000000401e8c        0x4 
 .text.PmcConfigurePllClock
                0x0000000000401e90       0x60 build/obj/pmc.o
                0x0000000000401e90                PmcConfigurePllClock
 .text.__early_init
                0x0000000000401ef0       0x10 build/obj/board.o
                0x0000000000401ef0                __early_init
 .text.boardInit
                0x0000000000401f00       0x5c build/obj/board.o
                0x0000000000401f00                boardInit
 *fill*         0x0000000000401f5c        0x4 
 .text._read_r  0x0000000000401f60        0xc build/obj/syscalls.o
                0x0000000000401f60                _read_r
 *fill*         0x0000000000401f6c        0x4 
 .text._lseek_r
                0x0000000000401f70        0x4 build/obj/syscalls.o
                0x0000000000401f70                _lseek_r
 *fill*         0x0000000000401f74        0xc 
 .text._write_r
                0x0000000000401f80        0x4 build/obj/syscalls.o
                0x0000000000401f80                _write_r
 *fill*         0x0000000000401f84        0xc 
 .text._close_r
                0x0000000000401f90        0x4 build/obj/syscalls.o
                0x0000000000401f90                _close_r
 *fill*         0x0000000000401f94        0xc 
 .text._sbrk_r  0x0000000000401fa0       0x18 build/obj/syscalls.o
                0x0000000000401fa0                _sbrk_r
 *fill*         0x0000000000401fb8        0x8 
 .text._fstat_r
                0x0000000000401fc0       0x18 build/obj/syscalls.o
                0x0000000000401fc0                _fstat_r
 *fill*         0x0000000000401fd8        0x8 
 .text._isatty_r
                0x0000000000401fe0        0x4 build/obj/syscalls.o
                0x0000000000401fe0                _isatty_r
 *fill*         0x0000000000401fe4        0xc 
 .text._getpid  0x0000000000401ff0        0x4 build/obj/syscalls.o
                0x0000000000401ff0                _getpid
 *fill*         0x0000000000401ff4        0xc 
 .text._exit    0x0000000000402000        0x4 build/obj/syscalls.o
                0x0000000000402000                _exit
 *fill*         0x0000000000402004        0xc 
 .text._kill    0x0000000000402010        0x8 build/obj/syscalls.o
                0x0000000000402010                _kill
 *fill*         0x0000000000402018        0x8 
 .text.ltoa     0x0000000000402020       0x40 build/obj/chprintf.o
 .text.chprintf
                0x0000000000402060      0x378 build/obj/chprintf.o
                0x0000000000402060                chprintf
 *fill*         0x00000000004023d8        0x8 
 .text.Thread1  0x00000000004023e0       0x34 build/obj/main.o
 *fill*         0x0000000000402414        0xc 
 .text.__assert_func
                0x0000000000402420       0x3c /usr/lib/gcc/arm-none-eabi/4.9.3/../../../arm-none-eabi/lib/armv7-m/libc.a(lib_a-assert.o)
                0x0000000000402420                __assert_func
 *fill*         0x000000000040245c        0x4 
 .text.fiprintf
                0x0000000000402460       0x28 /usr/lib/gcc/arm-none-eabi/4.9.3/../../../arm-none-eabi/lib/armv7-m/libc.a(lib_a-fiprintf.o)
                0x0000000000402460                fiprintf
 *fill*         0x0000000000402488        0x8 
 .text.memset   0x0000000000402490       0x9c /usr/lib/gcc/arm-none-eabi/4.9.3/../../../arm-none-eabi/lib/armv7-m/libc.a(lib_a-memset.o)
                0x0000000000402490                memset
 *fill*         0x000000000040252c        0x4 
 .text.__sprint_r.part.0
                0x0000000000402530       0x78 /usr/lib/gcc/arm-none-eabi/4.9.3/../../../arm-none-eabi/lib/armv7-m/libc.a(lib_a-vfiprintf.o)
 *fill*         0x00000000004025a8        0x8 
 .text._vfiprintf_r
                0x00000000004025b0      0xc10 /usr/lib/gcc/arm-none-eabi/4.9.3/../../../arm-none-eabi/lib/armv7-m/libc.a(lib_a-vfiprintf.o)
                0x00000000004025b0                _vfiprintf_r
 .text.__sbprintf
                0x00000000004031c0       0x7c /usr/lib/gcc/arm-none-eabi/4.9.3/../../../arm-none-eabi/lib/armv7-m/libc.a(lib_a-vfiprintf.o)
 *fill*         0x000000000040323c        0x4 
 .text.__swsetup_r
                0x0000000000403240       0xc4 /usr/lib/gcc/arm-none-eabi/4.9.3/../../../arm-none-eabi/lib/armv7-m/libc.a(lib_a-wsetup.o)
                0x0000000000403240                __swsetup_r
 *fill*         0x0000000000403304        0xc 
 .text.abort    0x0000000000403310       0x10 /usr/lib/gcc/arm-none-eabi/4.9.3/../../../arm-none-eabi/lib/armv7-m/libc.a(lib_a-abort.o)
                0x0000000000403310                abort
 .text.__sflush_r
                0x0000000000403320      0x148 /usr/lib/gcc/arm-none-eabi/4.9.3/../../../arm-none-eabi/lib/armv7-m/libc.a(lib_a-fflush.o)
                0x0000000000403320                __sflush_r
 *fill*         0x0000000000403468        0x8 
 .text._fflush_r
                0x0000000000403470       0x2c /usr/lib/gcc/arm-none-eabi/4.9.3/../../../arm-none-eabi/lib/armv7-m/libc.a(lib_a-fflush.o)
                0x0000000000403470                _fflush_r
 *fill*         0x000000000040349c        0x4 
 .text._cleanup_r
                0x00000000004034a0        0xc /usr/lib/gcc/arm-none-eabi/4.9.3/../../../arm-none-eabi/lib/armv7-m/libc.a(lib_a-findfp.o)
                0x00000000004034a0                _cleanup_r
 *fill*         0x00000000004034ac        0x4 
 .text.__sinit.part.1
                0x00000000004034b0       0xf0 /usr/lib/gcc/arm-none-eabi/4.9.3/../../../arm-none-eabi/lib/armv7-m/libc.a(lib_a-findfp.o)
 .text.__sinit  0x00000000004035a0        0xc /usr/lib/gcc/arm-none-eabi/4.9.3/../../../arm-none-eabi/lib/armv7-m/libc.a(lib_a-findfp.o)
                0x00000000004035a0                __sinit
 *fill*         0x00000000004035ac        0x4 
 .text.__sfp_lock_acquire
                0x00000000004035b0        0x4 /usr/lib/gcc/arm-none-eabi/4.9.3/../../../arm-none-eabi/lib/armv7-m/libc.a(lib_a-findfp.o)
                0x00000000004035b0                __sfp_lock_acquire
 *fill*         0x00000000004035b4        0xc 
 .text.__sfp_lock_release
                0x00000000004035c0        0x4 /usr/lib/gcc/arm-none-eabi/4.9.3/../../../arm-none-eabi/lib/armv7-m/libc.a(lib_a-findfp.o)
                0x00000000004035c0                __sfp_lock_release
 *fill*         0x00000000004035c4        0xc 
 .text.__fputwc
                0x00000000004035d0       0xb0 /usr/lib/gcc/arm-none-eabi/4.9.3/../../../arm-none-eabi/lib/armv7-m/libc.a(lib_a-fputwc.o)
                0x00000000004035d0                __fputwc
 .text._fputwc_r
                0x0000000000403680       0x24 /usr/lib/gcc/arm-none-eabi/4.9.3/../../../arm-none-eabi/lib/armv7-m/libc.a(lib_a-fputwc.o)
                0x0000000000403680                _fputwc_r
 *fill*         0x00000000004036a4        0xc 
 .text._malloc_trim_r
                0x00000000004036b0       0x9c /usr/lib/gcc/arm-none-eabi/4.9.3/../../../arm-none-eabi/lib/armv7-m/libc.a(lib_a-freer.o)
                0x00000000004036b0                _malloc_trim_r
 *fill*         0x000000000040374c        0x4 
 .text._free_r  0x0000000000403750      0x1b0 /usr/lib/gcc/arm-none-eabi/4.9.3/../../../arm-none-eabi/lib/armv7-m/libc.a(lib_a-freer.o)
                0x0000000000403750                _free_r
 .text.__sfvwrite_r
                0x0000000000403900      0x320 /usr/lib/gcc/arm-none-eabi/4.9.3/../../../arm-none-eabi/lib/armv7-m/libc.a(lib_a-fvwrite.o)
                0x0000000000403900                __sfvwrite_r
 .text._fwalk_reent
                0x0000000000403c20       0x50 /usr/lib/gcc/arm-none-eabi/4.9.3/../../../arm-none-eabi/lib/armv7-m/libc.a(lib_a-fwalk.o)
                0x0000000000403c20                _fwalk_reent
 .text.__locale_charset
                0x0000000000403c70        0x8 /usr/lib/gcc/arm-none-eabi/4.9.3/../../../arm-none-eabi/lib/armv7-m/libc.a(lib_a-locale.o)
                0x0000000000403c70                __locale_charset
 *fill*         0x0000000000403c78        0x8 
 .text.__locale_mb_cur_max
                0x0000000000403c80        0xc /usr/lib/gcc/arm-none-eabi/4.9.3/../../../arm-none-eabi/lib/armv7-m/libc.a(lib_a-locale.o)
                0x0000000000403c80                __locale_mb_cur_max
 *fill*         0x0000000000403c8c        0x4 
 .text.__smakebuf_r
                0x0000000000403c90       0xe0 /usr/lib/gcc/arm-none-eabi/4.9.3/../../../arm-none-eabi/lib/armv7-m/libc.a(lib_a-makebuf.o)
                0x0000000000403c90                __smakebuf_r
 .text._malloc_r
                0x0000000000403d70      0x50c /usr/lib/gcc/arm-none-eabi/4.9.3/../../../arm-none-eabi/lib/armv7-m/libc.a(lib_a-mallocr.o)
                0x0000000000403d70                _malloc_r
 *fill*         0x000000000040427c        0x4 
 .text.memchr   0x0000000000404280       0x94 /usr/lib/gcc/arm-none-eabi/4.9.3/../../../arm-none-eabi/lib/armv7-m/libc.a(lib_a-memchr.o)
                0x0000000000404280                memchr
 *fill*         0x0000000000404314        0xc 
 .text.memmove  0x0000000000404320       0xc8 /usr/lib/gcc/arm-none-eabi/4.9.3/../../../arm-none-eabi/lib/armv7-m/libc.a(lib_a-memmove.o)
                0x0000000000404320                memmove
 *fill*         0x00000000004043e8        0x8 
 .text.__malloc_lock
                0x00000000004043f0        0x4 /usr/lib/gcc/arm-none-eabi/4.9.3/../../../arm-none-eabi/lib/armv7-m/libc.a(lib_a-mlock.o)
                0x00000000004043f0                __malloc_lock
 *fill*         0x00000000004043f4        0xc 
 .text.__malloc_unlock
                0x0000000000404400        0x4 /usr/lib/gcc/arm-none-eabi/4.9.3/../../../arm-none-eabi/lib/armv7-m/libc.a(lib_a-mlock.o)
                0x0000000000404400                __malloc_unlock
 *fill*         0x0000000000404404        0xc 
 .text._realloc_r
                0x0000000000404410      0x3e0 /usr/lib/gcc/arm-none-eabi/4.9.3/../../../arm-none-eabi/lib/armv7-m/libc.a(lib_a-reallocr.o)
                0x0000000000404410                _realloc_r
 .text._raise_r
                0x00000000004047f0       0x58 /usr/lib/gcc/arm-none-eabi/4.9.3/../../../arm-none-eabi/lib/armv7-m/libc.a(lib_a-signal.o)
                0x00000000004047f0                _raise_r
 *fill*         0x0000000000404848        0x8 
 .text.raise    0x0000000000404850       0x10 /usr/lib/gcc/arm-none-eabi/4.9.3/../../../arm-none-eabi/lib/armv7-m/libc.a(lib_a-signal.o)
                0x0000000000404850                raise
 .text._kill_r  0x0000000000404860       0x28 /usr/lib/gcc/arm-none-eabi/4.9.3/../../../arm-none-eabi/lib/armv7-m/libc.a(lib_a-signalr.o)
                0x0000000000404860                _kill_r
 *fill*         0x0000000000404888        0x8 
 .text._getpid_r
                0x0000000000404890        0x4 /usr/lib/gcc/arm-none-eabi/4.9.3/../../../arm-none-eabi/lib/armv7-m/libc.a(lib_a-signalr.o)
                0x0000000000404890                _getpid_r
 *fill*         0x0000000000404894        0xc 
 .text.__sread  0x00000000004048a0       0x24 /usr/lib/gcc/arm-none-eabi/4.9.3/../../../arm-none-eabi/lib/armv7-m/libc.a(lib_a-stdio.o)
                0x00000000004048a0                __sread
 *fill*         0x00000000004048c4        0xc 
 .text.__swrite
                0x00000000004048d0       0x38 /usr/lib/gcc/arm-none-eabi/4.9.3/../../../arm-none-eabi/lib/armv7-m/libc.a(lib_a-stdio.o)
                0x00000000004048d0                __swrite
 *fill*         0x0000000000404908        0x8 
 .text.__sseek  0x0000000000404910       0x20 /usr/lib/gcc/arm-none-eabi/4.9.3/../../../arm-none-eabi/lib/armv7-m/libc.a(lib_a-stdio.o)
                0x0000000000404910                __sseek
 .text.__sclose
                0x0000000000404930        0x8 /usr/lib/gcc/arm-none-eabi/4.9.3/../../../arm-none-eabi/lib/armv7-m/libc.a(lib_a-stdio.o)
                0x0000000000404930                __sclose
 *fill*         0x0000000000404938        0x8 
 .text.strlen   0x0000000000404940       0x5c /usr/lib/gcc/arm-none-eabi/4.9.3/../../../arm-none-eabi/lib/armv7-m/libc.a(lib_a-strlen.o)
                0x0000000000404940                strlen
 *fill*         0x000000000040499c        0x4 
 .text.__swbuf_r
                0x00000000004049a0       0xa8 /usr/lib/gcc/arm-none-eabi/4.9.3/../../../arm-none-eabi/lib/armv7-m/libc.a(lib_a-wbuf.o)
                0x00000000004049a0                __swbuf_r
 *fill*         0x0000000000404a48        0x8 
 .text._wcrtomb_r
                0x0000000000404a50       0x54 /usr/lib/gcc/arm-none-eabi/4.9.3/../../../arm-none-eabi/lib/armv7-m/libc.a(lib_a-wcrtomb.o)
                0x0000000000404a50                _wcrtomb_r
 *fill*         0x0000000000404aa4        0xc 
 .text.__ascii_wctomb
                0x0000000000404ab0       0x1c /usr/lib/gcc/arm-none-eabi/4.9.3/../../../arm-none-eabi/lib/armv7-m/libc.a(lib_a-wctomb_r.o)
                0x0000000000404ab0                __ascii_wctomb
 *fill*         0x0000000000404acc        0x4 
 .text._fclose_r
                0x0000000000404ad0       0x84 /usr/lib/gcc/arm-none-eabi/4.9.3/../../../arm-none-eabi/lib/armv7-m/libc.a(lib_a-fclose.o)
                0x0000000000404ad0                _fclose_r
 *(.rodata)
 *(.rodata.*)
 *fill*         0x0000000000404b54        0xc 
 .rodata.str1.4
                0x0000000000404b60        0xd build/obj/chsys.o
 *fill*         0x0000000000404b6d        0x3 
 .rodata.vmt    0x0000000000404b70       0x24 build/obj/serial.o
 *fill*         0x0000000000404b94        0xc 
 .rodata.default_config
                0x0000000000404ba0        0x8 build/obj/serial_lld.o
 *fill*         0x0000000000404ba8        0x8 
 .rodata.str1.4
                0x0000000000404bb0      0x124 build/obj/atmel_adc.o
 *fill*         0x0000000000404cd4        0xc 
 .rodata.__func__.4792
                0x0000000000404ce0       0x15 build/obj/pmc.o
 *fill*         0x0000000000404cf5        0xb 
 .rodata.str1.4
                0x0000000000404d00       0x36 build/obj/pmc.o
 *fill*         0x0000000000404d36        0xa 
 .rodata.pal_default_config
                0x0000000000404d40       0x24 build/obj/board.o
                0x0000000000404d40                pal_default_config
 *fill*         0x0000000000404d64        0xc 
 .rodata.str1.4
                0x0000000000404d70        0x7 build/obj/chprintf.o
 *fill*         0x0000000000404d77        0x9 
 .rodata.pinPCK
                0x0000000000404d80        0xc build/obj/main.o
                0x0000000000404d80                pinPCK
 *fill*         0x0000000000404d8c        0x4 
 .rodata.str1.4
                0x0000000000404d90       0x12 build/obj/main.o
 *fill*         0x0000000000404da2        0xe 
 .rodata.str1.4
                0x0000000000404db0       0x3f /usr/lib/gcc/arm-none-eabi/4.9.3/../../../arm-none-eabi/lib/armv7-m/libc.a(lib_a-assert.o)
                                         0x44 (size before relaxing)
 *fill*         0x0000000000404def        0x1 
 .rodata.str1.4
                0x0000000000404df0        0x2 /usr/lib/gcc/arm-none-eabi/4.9.3/../../../arm-none-eabi/lib/armv7-m/libc.a(lib_a-impure.o)
                                          0x4 (size before relaxing)
 *fill*         0x0000000000404df2        0xe 
 .rodata.zeroes.6869
                0x0000000000404e00       0x10 /usr/lib/gcc/arm-none-eabi/4.9.3/../../../arm-none-eabi/lib/armv7-m/libc.a(lib_a-vfiprintf.o)
 .rodata.str1.4
                0x0000000000404e10       0x28 /usr/lib/gcc/arm-none-eabi/4.9.3/../../../arm-none-eabi/lib/armv7-m/libc.a(lib_a-vfiprintf.o)
                                         0x30 (size before relaxing)
 *fill*         0x0000000000404e38        0x8 
 .rodata.blanks.6868
                0x0000000000404e40       0x10 /usr/lib/gcc/arm-none-eabi/4.9.3/../../../arm-none-eabi/lib/armv7-m/libc.a(lib_a-vfiprintf.o)
 *(.glue_7t)
 .glue_7t       0x0000000000404e50        0x0 linker stubs
 *(.glue_7)
 .glue_7        0x0000000000404e50        0x0 linker stubs
 *(.gcc*)

.vfp11_veneer   0x0000000000404e50        0x0
 .vfp11_veneer  0x0000000000404e50        0x0 linker stubs

.v4_bx          0x0000000000404e50        0x0
 .v4_bx         0x0000000000404e50        0x0 linker stubs

.iplt           0x0000000000404e50        0x0
 .iplt          0x0000000000404e50        0x0 build/obj/crt0.o

.ARM.extab
 *(.ARM.extab* .gnu.linkonce.armextab.*)

.ARM.exidx      0x0000000000404e50        0x8
                [!provide]                        PROVIDE (__exidx_start, .)
 *(.ARM.exidx* .gnu.linkonce.armexidx.*)
 .ARM.exidx     0x0000000000404e50        0x8 /usr/lib/gcc/arm-none-eabi/4.9.3/armv7-m/libgcc.a(_divdi3.o)
 .ARM.exidx     0x0000000000404e58        0x0 /usr/lib/gcc/arm-none-eabi/4.9.3/armv7-m/libgcc.a(_udivdi3.o)
                                          0x8 (size before relaxing)
                [!provide]                        PROVIDE (__exidx_end, .)

.rel.dyn        0x0000000000404e58        0x0
 .rel.iplt      0x0000000000404e58        0x0 build/obj/crt0.o

.eh_frame_hdr
 *(.eh_frame_hdr)

.eh_frame
 *(.eh_frame)

.textalign      0x0000000000404e58        0x0
                0x0000000000404e58                . = ALIGN (0x8)
                0x0000000000404e58                _etext = .
                0x0000000000404e58                _textdata = _etext

.stacks         0x0000000020000000      0x800
                0x0000000020000000                . = ALIGN (0x8)
                0x0000000020000000                __main_stack_base__ = .
                0x0000000020000400                . = (. + __main_stack_size__)
 *fill*         0x0000000020000000      0x400 
                0x0000000020000400                . = ALIGN (0x8)
                0x0000000020000400                __main_stack_end__ = .
                0x0000000020000400                __process_stack_base__ = .
                0x0000000020000400                __main_thread_stack_base__ = .
                0x0000000020000800                . = (. + __process_stack_size__)
 *fill*         0x0000000020000400      0x400 
                0x0000000020000800                . = ALIGN (0x8)
                0x0000000020000800                __process_stack_end__ = .
                0x0000000020000800                __main_thread_stack_end__ = .

.data           0x0000000020000800      0x86c load address 0x0000000000404e58
                0x0000000020000800                . = ALIGN (0x4)
                0x0000000020000800                PROVIDE (_data, .)
 *(.data)
                0x0000000020000800                . = ALIGN (0x4)
 *(.data.*)
 .data.SystemCoreClock
                0x0000000020000800        0x4 build/obj/system_SAM3.o
                0x0000000020000800                SystemCoreClock
 *fill*         0x0000000020000804        0x4 
 .data.impure_data
                0x0000000020000808      0x428 /usr/lib/gcc/arm-none-eabi/4.9.3/../../../arm-none-eabi/lib/armv7-m/libc.a(lib_a-impure.o)
 .data._impure_ptr
                0x0000000020000c30        0x4 /usr/lib/gcc/arm-none-eabi/4.9.3/../../../arm-none-eabi/lib/armv7-m/libc.a(lib_a-impure.o)
                0x0000000020000c30                _impure_ptr
 .data.lc_ctype_charset
                0x0000000020000c34       0x20 /usr/lib/gcc/arm-none-eabi/4.9.3/../../../arm-none-eabi/lib/armv7-m/libc.a(lib_a-locale.o)
 .data.__mb_cur_max
                0x0000000020000c54        0x4 /usr/lib/gcc/arm-none-eabi/4.9.3/../../../arm-none-eabi/lib/armv7-m/libc.a(lib_a-locale.o)
                0x0000000020000c54                __mb_cur_max
 .data.__malloc_av_
                0x0000000020000c58      0x408 /usr/lib/gcc/arm-none-eabi/4.9.3/../../../arm-none-eabi/lib/armv7-m/libc.a(lib_a-mallocr.o)
                0x0000000020000c58                __malloc_av_
 .data.__malloc_trim_threshold
                0x0000000020001060        0x4 /usr/lib/gcc/arm-none-eabi/4.9.3/../../../arm-none-eabi/lib/armv7-m/libc.a(lib_a-mallocr.o)
                0x0000000020001060                __malloc_trim_threshold
 .data.__malloc_sbrk_base
                0x0000000020001064        0x4 /usr/lib/gcc/arm-none-eabi/4.9.3/../../../arm-none-eabi/lib/armv7-m/libc.a(lib_a-mallocr.o)
                0x0000000020001064                __malloc_sbrk_base
 .data.__wctomb
                0x0000000020001068        0x4 /usr/lib/gcc/arm-none-eabi/4.9.3/../../../arm-none-eabi/lib/armv7-m/libc.a(lib_a-wctomb_r.o)
                0x0000000020001068                __wctomb
                0x000000002000106c                . = ALIGN (0x4)
 *(.ramtext)
                0x000000002000106c                . = ALIGN (0x4)
                0x000000002000106c                PROVIDE (_edata, .)

.igot.plt       0x000000002000106c        0x0 load address 0x00000000004056c4
 .igot.plt      0x000000002000106c        0x0 build/obj/crt0.o

.bss            0x0000000020001070      0x3b0 load address 0x00000000004056c4
                0x0000000020001070                . = ALIGN (0x4)
                0x0000000020001070                PROVIDE (_bss_start, .)
 *(.bss)
                0x0000000020001070                . = ALIGN (0x4)
 *(.bss.*)
 .bss.mainthread.4837
                0x0000000020001070       0x48 build/obj/chsys.o
 .bss._idle_thread_wa
                0x00000000200010b8       0xc0 build/obj/chsys.o
                0x00000000200010b8                _idle_thread_wa
 .bss.vtlist    0x0000000020001178       0x10 build/obj/chvt.o
                0x0000000020001178                vtlist
 .bss.rlist     0x0000000020001188       0x20 build/obj/chschd.o
                0x0000000020001188                rlist
 .bss.endmem    0x00000000200011a8        0x4 build/obj/chmemcore.o
 .bss.nextmem   0x00000000200011ac        0x4 build/obj/chmemcore.o
 .bss.default_heap
                0x00000000200011b0       0x20 build/obj/chheap.o
 .bss.SD1       0x00000000200011d0       0x74 build/obj/serial_lld.o
                0x00000000200011d0                SD1
 .bss.SD2       0x0000000020001244       0x74 build/obj/serial_lld.o
                0x0000000020001244                SD2
 .bss.waThread1
                0x00000000200012b8      0x130 build/obj/main.o
 .bss.__malloc_max_total_mem
                0x00000000200013e8        0x4 /usr/lib/gcc/arm-none-eabi/4.9.3/../../../arm-none-eabi/lib/armv7-m/libc.a(lib_a-mallocr.o)
                0x00000000200013e8                __malloc_max_total_mem
 .bss.__malloc_max_sbrked_mem
                0x00000000200013ec        0x4 /usr/lib/gcc/arm-none-eabi/4.9.3/../../../arm-none-eabi/lib/armv7-m/libc.a(lib_a-mallocr.o)
                0x00000000200013ec                __malloc_max_sbrked_mem
 .bss.__malloc_top_pad
                0x00000000200013f0        0x4 /usr/lib/gcc/arm-none-eabi/4.9.3/../../../arm-none-eabi/lib/armv7-m/libc.a(lib_a-mallocr.o)
                0x00000000200013f0                __malloc_top_pad
 .bss.__malloc_current_mallinfo
                0x00000000200013f4       0x28 /usr/lib/gcc/arm-none-eabi/4.9.3/../../../arm-none-eabi/lib/armv7-m/libc.a(lib_a-mallocr.o)
                0x00000000200013f4                __malloc_current_mallinfo
                0x000000002000141c                . = ALIGN (0x4)
 *(COMMON)
 COMMON         0x000000002000141c        0x4 /usr/lib/gcc/arm-none-eabi/4.9.3/../../../arm-none-eabi/lib/armv7-m/libc.a(lib_a-reent.o)
                0x000000002000141c                errno
                0x0000000020001420                . = ALIGN (0x4)
                0x0000000020001420                PROVIDE (_bss_end, .)
                [!provide]                        PROVIDE (end, .)
                0x0000000020001420                _end = .
                0x0000000020001420                __heap_base__ = _end
                0x0000000020008000                __heap_end__ = __ram_end__
OUTPUT(build/ch.elf elf32-littlearm)

.debug_info     0x0000000000000000    0x1fe87
 .debug_info    0x0000000000000000      0x2f2 build/obj/crt0.o
 .debug_info    0x00000000000002f2       0xb3 build/obj/vectors.o
 .debug_info    0x00000000000003a5      0x815 build/obj/chcore_v7m.o
 .debug_info    0x0000000000000bba      0x3ff build/obj/nvic.o
 .debug_info    0x0000000000000fb9      0x6bf build/obj/chsys.o
 .debug_info    0x0000000000001678      0x262 build/obj/chvt.o
 .debug_info    0x00000000000018da      0x8d3 build/obj/chschd.o
 .debug_info    0x00000000000021ad      0xbe1 build/obj/chthreads.o
 .debug_info    0x0000000000002d8e      0x9ec build/obj/chmtx.o
 .debug_info    0x000000000000377a      0xcc8 build/obj/chevents.o
 .debug_info    0x0000000000004442      0xbb3 build/obj/chqueues.o
 .debug_info    0x0000000000004ff5      0x218 build/obj/chmemcore.o
 .debug_info    0x000000000000520d      0x6db build/obj/chheap.o
 .debug_info    0x00000000000058e8      0x188 build/obj/hal.o
 .debug_info    0x0000000000005a70     0x10e9 build/obj/serial.o
 .debug_info    0x0000000000006b59      0x177 build/obj/hal_lld.o
 .debug_info    0x0000000000006cd0      0x42e build/obj/system_SAM3.o
 .debug_info    0x00000000000070fe      0x88c build/obj/pal_lld.o
 .debug_info    0x000000000000798a     0x1594 build/obj/serial_lld.o
 .debug_info    0x0000000000008f1e     0x1334 build/obj/atmel_adc.o
 .debug_info    0x000000000000a252      0x9e9 build/obj/pio.o
 .debug_info    0x000000000000ac3b      0x5a8 build/obj/pmc.o
 .debug_info    0x000000000000b1e3      0x735 build/obj/board.o
 .debug_info    0x000000000000b918      0xc8d build/obj/syscalls.o
 .debug_info    0x000000000000c5a5      0x49d build/obj/chprintf.o
 .debug_info    0x000000000000ca42     0x1432 build/obj/main.o
 .debug_info    0x000000000000de74      0x997 /usr/lib/gcc/arm-none-eabi/4.9.3/../../../arm-none-eabi/lib/armv7-m/libc.a(lib_a-assert.o)
 .debug_info    0x000000000000e80b      0x9c3 /usr/lib/gcc/arm-none-eabi/4.9.3/../../../arm-none-eabi/lib/armv7-m/libc.a(lib_a-fiprintf.o)
 .debug_info    0x000000000000f1ce      0x894 /usr/lib/gcc/arm-none-eabi/4.9.3/../../../arm-none-eabi/lib/armv7-m/libc.a(lib_a-impure.o)
 .debug_info    0x000000000000fa62      0x117 /usr/lib/gcc/arm-none-eabi/4.9.3/../../../arm-none-eabi/lib/armv7-m/libc.a(lib_a-memset.o)
 .debug_info    0x000000000000fb79     0x152f /usr/lib/gcc/arm-none-eabi/4.9.3/../../../arm-none-eabi/lib/armv7-m/libc.a(lib_a-vfiprintf.o)
 .debug_info    0x00000000000110a8      0x93b /usr/lib/gcc/arm-none-eabi/4.9.3/../../../arm-none-eabi/lib/armv7-m/libc.a(lib_a-wsetup.o)
 .debug_info    0x00000000000119e3       0xd4 /usr/lib/gcc/arm-none-eabi/4.9.3/../../../arm-none-eabi/lib/armv7-m/libc.a(lib_a-abort.o)
 .debug_info    0x0000000000011ab7      0xab3 /usr/lib/gcc/arm-none-eabi/4.9.3/../../../arm-none-eabi/lib/armv7-m/libc.a(lib_a-fflush.o)
 .debug_info    0x000000000001256a      0xdc0 /usr/lib/gcc/arm-none-eabi/4.9.3/../../../arm-none-eabi/lib/armv7-m/libc.a(lib_a-findfp.o)
 .debug_info    0x000000000001332a      0xacc /usr/lib/gcc/arm-none-eabi/4.9.3/../../../arm-none-eabi/lib/armv7-m/libc.a(lib_a-fputwc.o)
 .debug_info    0x0000000000013df6      0xc1c /usr/lib/gcc/arm-none-eabi/4.9.3/../../../arm-none-eabi/lib/armv7-m/libc.a(lib_a-freer.o)
 .debug_info    0x0000000000014a12      0xc63 /usr/lib/gcc/arm-none-eabi/4.9.3/../../../arm-none-eabi/lib/armv7-m/libc.a(lib_a-fvwrite.o)
 .debug_info    0x0000000000015675      0x99e /usr/lib/gcc/arm-none-eabi/4.9.3/../../../arm-none-eabi/lib/armv7-m/libc.a(lib_a-fwalk.o)
 .debug_info    0x0000000000016013      0xc24 /usr/lib/gcc/arm-none-eabi/4.9.3/../../../arm-none-eabi/lib/armv7-m/libc.a(lib_a-locale.o)
 .debug_info    0x0000000000016c37      0xae6 /usr/lib/gcc/arm-none-eabi/4.9.3/../../../arm-none-eabi/lib/armv7-m/libc.a(lib_a-makebuf.o)
 .debug_info    0x000000000001771d      0xd77 /usr/lib/gcc/arm-none-eabi/4.9.3/../../../arm-none-eabi/lib/armv7-m/libc.a(lib_a-mallocr.o)
 .debug_info    0x0000000000018494      0x129 /usr/lib/gcc/arm-none-eabi/4.9.3/../../../arm-none-eabi/lib/armv7-m/libc.a(lib_a-memchr.o)
 .debug_info    0x00000000000185bd       0xcd /usr/lib/gcc/arm-none-eabi/4.9.3/../../../arm-none-eabi/lib/armv7-m/libc.a(lib_a-memcpy.o)
 .debug_info    0x000000000001868a      0x131 /usr/lib/gcc/arm-none-eabi/4.9.3/../../../arm-none-eabi/lib/armv7-m/libc.a(lib_a-memmove.o)
 .debug_info    0x00000000000187bb      0x8b4 /usr/lib/gcc/arm-none-eabi/4.9.3/../../../arm-none-eabi/lib/armv7-m/libc.a(lib_a-mlock.o)
 .debug_info    0x000000000001906f      0xcb3 /usr/lib/gcc/arm-none-eabi/4.9.3/../../../arm-none-eabi/lib/armv7-m/libc.a(lib_a-reallocr.o)
 .debug_info    0x0000000000019d22      0xbad /usr/lib/gcc/arm-none-eabi/4.9.3/../../../arm-none-eabi/lib/armv7-m/libc.a(lib_a-signal.o)
 .debug_info    0x000000000001a8cf      0x956 /usr/lib/gcc/arm-none-eabi/4.9.3/../../../arm-none-eabi/lib/armv7-m/libc.a(lib_a-signalr.o)
 .debug_info    0x000000000001b225      0xb8a /usr/lib/gcc/arm-none-eabi/4.9.3/../../../arm-none-eabi/lib/armv7-m/libc.a(lib_a-stdio.o)
 .debug_info    0x000000000001bdaf       0xb5 /usr/lib/gcc/arm-none-eabi/4.9.3/../../../arm-none-eabi/lib/armv7-m/libc.a(lib_a-strlen.o)
 .debug_info    0x000000000001be64      0x9cc /usr/lib/gcc/arm-none-eabi/4.9.3/../../../arm-none-eabi/lib/armv7-m/libc.a(lib_a-wbuf.o)
 .debug_info    0x000000000001c830      0xa75 /usr/lib/gcc/arm-none-eabi/4.9.3/../../../arm-none-eabi/lib/armv7-m/libc.a(lib_a-wcrtomb.o)
 .debug_info    0x000000000001d2a5      0x9b5 /usr/lib/gcc/arm-none-eabi/4.9.3/../../../arm-none-eabi/lib/armv7-m/libc.a(lib_a-wctomb_r.o)
 .debug_info    0x000000000001dc5a      0xa28 /usr/lib/gcc/arm-none-eabi/4.9.3/../../../arm-none-eabi/lib/armv7-m/libc.a(lib_a-fclose.o)
 .debug_info    0x000000000001e682      0x9fb /usr/lib/gcc/arm-none-eabi/4.9.3/../../../arm-none-eabi/lib/armv7-m/libc.a(lib_a-reent.o)
 .debug_info    0x000000000001f07d       0xb5 /usr/lib/gcc/arm-none-eabi/4.9.3/armv7-m/libgcc.a(_aeabi_uldivmod.o)
 .debug_info    0x000000000001f132      0x164 /usr/lib/gcc/arm-none-eabi/4.9.3/armv7-m/libgcc.a(bpabi.o)
 .debug_info    0x000000000001f296       0xb9 /usr/lib/gcc/arm-none-eabi/4.9.3/armv7-m/libgcc.a(_dvmd_tls.o)
 .debug_info    0x000000000001f34f      0x5bc /usr/lib/gcc/arm-none-eabi/4.9.3/armv7-m/libgcc.a(_divdi3.o)
 .debug_info    0x000000000001f90b      0x57c /usr/lib/gcc/arm-none-eabi/4.9.3/armv7-m/libgcc.a(_udivdi3.o)

.debug_abbrev   0x0000000000000000     0x72c2
 .debug_abbrev  0x0000000000000000      0x13a build/obj/crt0.o
 .debug_abbrev  0x000000000000013a       0x75 build/obj/vectors.o
 .debug_abbrev  0x00000000000001af      0x23f build/obj/chcore_v7m.o
 .debug_abbrev  0x00000000000003ee      0x10e build/obj/nvic.o
 .debug_abbrev  0x00000000000004fc      0x211 build/obj/chsys.o
 .debug_abbrev  0x000000000000070d      0x133 build/obj/chvt.o
 .debug_abbrev  0x0000000000000840      0x311 build/obj/chschd.o
 .debug_abbrev  0x0000000000000b51      0x335 build/obj/chthreads.o
 .debug_abbrev  0x0000000000000e86      0x303 build/obj/chmtx.o
 .debug_abbrev  0x0000000000001189      0x2c2 build/obj/chevents.o
 .debug_abbrev  0x000000000000144b      0x335 build/obj/chqueues.o
 .debug_abbrev  0x0000000000001780      0x15b build/obj/chmemcore.o
 .debug_abbrev  0x00000000000018db      0x1e7 build/obj/chheap.o
 .debug_abbrev  0x0000000000001ac2      0x10a build/obj/hal.o
 .debug_abbrev  0x0000000000001bcc      0x2c0 build/obj/serial.o
 .debug_abbrev  0x0000000000001e8c      0x114 build/obj/hal_lld.o
 .debug_abbrev  0x0000000000001fa0       0xe3 build/obj/system_SAM3.o
 .debug_abbrev  0x0000000000002083      0x11b build/obj/pal_lld.o
 .debug_abbrev  0x000000000000219e      0x3c2 build/obj/serial_lld.o
 .debug_abbrev  0x0000000000002560      0x30f build/obj/atmel_adc.o
 .debug_abbrev  0x000000000000286f      0x1f4 build/obj/pio.o
 .debug_abbrev  0x0000000000002a63      0x15e build/obj/pmc.o
 .debug_abbrev  0x0000000000002bc1      0x16a build/obj/board.o
 .debug_abbrev  0x0000000000002d2b      0x23a build/obj/syscalls.o
 .debug_abbrev  0x0000000000002f65      0x192 build/obj/chprintf.o
 .debug_abbrev  0x00000000000030f7      0x294 build/obj/main.o
 .debug_abbrev  0x000000000000338b      0x1f8 /usr/lib/gcc/arm-none-eabi/4.9.3/../../../arm-none-eabi/lib/armv7-m/libc.a(lib_a-assert.o)
 .debug_abbrev  0x0000000000003583      0x1fa /usr/lib/gcc/arm-none-eabi/4.9.3/../../../arm-none-eabi/lib/armv7-m/libc.a(lib_a-fiprintf.o)
 .debug_abbrev  0x000000000000377d      0x180 /usr/lib/gcc/arm-none-eabi/4.9.3/../../../arm-none-eabi/lib/armv7-m/libc.a(lib_a-impure.o)
 .debug_abbrev  0x00000000000038fd       0x9f /usr/lib/gcc/arm-none-eabi/4.9.3/../../../arm-none-eabi/lib/armv7-m/libc.a(lib_a-memset.o)
 .debug_abbrev  0x000000000000399c      0x3c9 /usr/lib/gcc/arm-none-eabi/4.9.3/../../../arm-none-eabi/lib/armv7-m/libc.a(lib_a-vfiprintf.o)
 .debug_abbrev  0x0000000000003d65      0x20b /usr/lib/gcc/arm-none-eabi/4.9.3/../../../arm-none-eabi/lib/armv7-m/libc.a(lib_a-wsetup.o)
 .debug_abbrev  0x0000000000003f70       0x95 /usr/lib/gcc/arm-none-eabi/4.9.3/../../../arm-none-eabi/lib/armv7-m/libc.a(lib_a-abort.o)
 .debug_abbrev  0x0000000000004005      0x2a1 /usr/lib/gcc/arm-none-eabi/4.9.3/../../../arm-none-eabi/lib/armv7-m/libc.a(lib_a-fflush.o)
 .debug_abbrev  0x00000000000042a6      0x36d /usr/lib/gcc/arm-none-eabi/4.9.3/../../../arm-none-eabi/lib/armv7-m/libc.a(lib_a-findfp.o)
 .debug_abbrev  0x0000000000004613      0x28e /usr/lib/gcc/arm-none-eabi/4.9.3/../../../arm-none-eabi/lib/armv7-m/libc.a(lib_a-fputwc.o)
 .debug_abbrev  0x00000000000048a1      0x27b /usr/lib/gcc/arm-none-eabi/4.9.3/../../../arm-none-eabi/lib/armv7-m/libc.a(lib_a-freer.o)
 .debug_abbrev  0x0000000000004b1c      0x24a /usr/lib/gcc/arm-none-eabi/4.9.3/../../../arm-none-eabi/lib/armv7-m/libc.a(lib_a-fvwrite.o)
 .debug_abbrev  0x0000000000004d66      0x1c2 /usr/lib/gcc/arm-none-eabi/4.9.3/../../../arm-none-eabi/lib/armv7-m/libc.a(lib_a-fwalk.o)
 .debug_abbrev  0x0000000000004f28      0x2ac /usr/lib/gcc/arm-none-eabi/4.9.3/../../../arm-none-eabi/lib/armv7-m/libc.a(lib_a-locale.o)
 .debug_abbrev  0x00000000000051d4      0x206 /usr/lib/gcc/arm-none-eabi/4.9.3/../../../arm-none-eabi/lib/armv7-m/libc.a(lib_a-makebuf.o)
 .debug_abbrev  0x00000000000053da      0x2ad /usr/lib/gcc/arm-none-eabi/4.9.3/../../../arm-none-eabi/lib/armv7-m/libc.a(lib_a-mallocr.o)
 .debug_abbrev  0x0000000000005687       0xba /usr/lib/gcc/arm-none-eabi/4.9.3/../../../arm-none-eabi/lib/armv7-m/libc.a(lib_a-memchr.o)
 .debug_abbrev  0x0000000000005741       0x14 /usr/lib/gcc/arm-none-eabi/4.9.3/../../../arm-none-eabi/lib/armv7-m/libc.a(lib_a-memcpy.o)
 .debug_abbrev  0x0000000000005755       0xab /usr/lib/gcc/arm-none-eabi/4.9.3/../../../arm-none-eabi/lib/armv7-m/libc.a(lib_a-memmove.o)
 .debug_abbrev  0x0000000000005800      0x19a /usr/lib/gcc/arm-none-eabi/4.9.3/../../../arm-none-eabi/lib/armv7-m/libc.a(lib_a-mlock.o)
 .debug_abbrev  0x000000000000599a      0x260 /usr/lib/gcc/arm-none-eabi/4.9.3/../../../arm-none-eabi/lib/armv7-m/libc.a(lib_a-reallocr.o)
 .debug_abbrev  0x0000000000005bfa      0x2d7 /usr/lib/gcc/arm-none-eabi/4.9.3/../../../arm-none-eabi/lib/armv7-m/libc.a(lib_a-signal.o)
 .debug_abbrev  0x0000000000005ed1      0x20a /usr/lib/gcc/arm-none-eabi/4.9.3/../../../arm-none-eabi/lib/armv7-m/libc.a(lib_a-signalr.o)
 .debug_abbrev  0x00000000000060db      0x246 /usr/lib/gcc/arm-none-eabi/4.9.3/../../../arm-none-eabi/lib/armv7-m/libc.a(lib_a-stdio.o)
 .debug_abbrev  0x0000000000006321       0x70 /usr/lib/gcc/arm-none-eabi/4.9.3/../../../arm-none-eabi/lib/armv7-m/libc.a(lib_a-strlen.o)
 .debug_abbrev  0x0000000000006391      0x25b /usr/lib/gcc/arm-none-eabi/4.9.3/../../../arm-none-eabi/lib/armv7-m/libc.a(lib_a-wbuf.o)
 .debug_abbrev  0x00000000000065ec      0x222 /usr/lib/gcc/arm-none-eabi/4.9.3/../../../arm-none-eabi/lib/armv7-m/libc.a(lib_a-wcrtomb.o)
 .debug_abbrev  0x000000000000680e      0x212 /usr/lib/gcc/arm-none-eabi/4.9.3/../../../arm-none-eabi/lib/armv7-m/libc.a(lib_a-wctomb_r.o)
 .debug_abbrev  0x0000000000006a20      0x2aa /usr/lib/gcc/arm-none-eabi/4.9.3/../../../arm-none-eabi/lib/armv7-m/libc.a(lib_a-fclose.o)
 .debug_abbrev  0x0000000000006cca      0x25c /usr/lib/gcc/arm-none-eabi/4.9.3/../../../arm-none-eabi/lib/armv7-m/libc.a(lib_a-reent.o)
 .debug_abbrev  0x0000000000006f26       0x14 /usr/lib/gcc/arm-none-eabi/4.9.3/armv7-m/libgcc.a(_aeabi_uldivmod.o)
 .debug_abbrev  0x0000000000006f3a       0xb7 /usr/lib/gcc/arm-none-eabi/4.9.3/armv7-m/libgcc.a(bpabi.o)
 .debug_abbrev  0x0000000000006ff1       0x14 /usr/lib/gcc/arm-none-eabi/4.9.3/armv7-m/libgcc.a(_dvmd_tls.o)
 .debug_abbrev  0x0000000000007005      0x169 /usr/lib/gcc/arm-none-eabi/4.9.3/armv7-m/libgcc.a(_divdi3.o)
 .debug_abbrev  0x000000000000716e      0x154 /usr/lib/gcc/arm-none-eabi/4.9.3/armv7-m/libgcc.a(_udivdi3.o)

.debug_loc      0x0000000000000000     0xbb5e
 .debug_loc     0x0000000000000000       0xba build/obj/crt0.o
 .debug_loc     0x00000000000000ba       0x5a build/obj/chcore_v7m.o
 .debug_loc     0x0000000000000114      0x158 build/obj/nvic.o
 .debug_loc     0x000000000000026c       0x31 build/obj/chsys.o
 .debug_loc     0x000000000000029d       0xd9 build/obj/chvt.o
 .debug_loc     0x0000000000000376      0x2a4 build/obj/chschd.o
 .debug_loc     0x000000000000061a      0x423 build/obj/chthreads.o
 .debug_loc     0x0000000000000a3d      0x41a build/obj/chmtx.o
 .debug_loc     0x0000000000000e57      0x591 build/obj/chevents.o
 .debug_loc     0x00000000000013e8      0x4f5 build/obj/chqueues.o
 .debug_loc     0x00000000000018dd       0xb0 build/obj/chmemcore.o
 .debug_loc     0x000000000000198d      0x3a1 build/obj/chheap.o
 .debug_loc     0x0000000000001d2e      0x4e0 build/obj/serial.o
 .debug_loc     0x000000000000220e       0x42 build/obj/pal_lld.o
 .debug_loc     0x0000000000002250      0x299 build/obj/serial_lld.o
 .debug_loc     0x00000000000024e9      0x5ac build/obj/atmel_adc.o
 .debug_loc     0x0000000000002a95      0x39a build/obj/pio.o
 .debug_loc     0x0000000000002e2f      0x269 build/obj/pmc.o
 .debug_loc     0x0000000000003098      0x1a4 build/obj/syscalls.o
 .debug_loc     0x000000000000323c      0x6f7 build/obj/chprintf.o
 .debug_loc     0x0000000000003933       0x8d build/obj/main.o
 .debug_loc     0x00000000000039c0      0x135 /usr/lib/gcc/arm-none-eabi/4.9.3/../../../arm-none-eabi/lib/armv7-m/libc.a(lib_a-assert.o)
 .debug_loc     0x0000000000003af5       0x6e /usr/lib/gcc/arm-none-eabi/4.9.3/../../../arm-none-eabi/lib/armv7-m/libc.a(lib_a-fiprintf.o)
 .debug_loc     0x0000000000003b63      0x1ae /usr/lib/gcc/arm-none-eabi/4.9.3/../../../arm-none-eabi/lib/armv7-m/libc.a(lib_a-memset.o)
 .debug_loc     0x0000000000003d11     0x197b /usr/lib/gcc/arm-none-eabi/4.9.3/../../../arm-none-eabi/lib/armv7-m/libc.a(lib_a-vfiprintf.o)
 .debug_loc     0x000000000000568c       0x8c /usr/lib/gcc/arm-none-eabi/4.9.3/../../../arm-none-eabi/lib/armv7-m/libc.a(lib_a-wsetup.o)
 .debug_loc     0x0000000000005718      0x236 /usr/lib/gcc/arm-none-eabi/4.9.3/../../../arm-none-eabi/lib/armv7-m/libc.a(lib_a-fflush.o)
 .debug_loc     0x000000000000594e      0x22e /usr/lib/gcc/arm-none-eabi/4.9.3/../../../arm-none-eabi/lib/armv7-m/libc.a(lib_a-findfp.o)
 .debug_loc     0x0000000000005b7c      0x1ff /usr/lib/gcc/arm-none-eabi/4.9.3/../../../arm-none-eabi/lib/armv7-m/libc.a(lib_a-fputwc.o)
 .debug_loc     0x0000000000005d7b      0x50d /usr/lib/gcc/arm-none-eabi/4.9.3/../../../arm-none-eabi/lib/armv7-m/libc.a(lib_a-freer.o)
 .debug_loc     0x0000000000006288      0x63c /usr/lib/gcc/arm-none-eabi/4.9.3/../../../arm-none-eabi/lib/armv7-m/libc.a(lib_a-fvwrite.o)
 .debug_loc     0x00000000000068c4      0x1f1 /usr/lib/gcc/arm-none-eabi/4.9.3/../../../arm-none-eabi/lib/armv7-m/libc.a(lib_a-fwalk.o)
 .debug_loc     0x0000000000006ab5      0x131 /usr/lib/gcc/arm-none-eabi/4.9.3/../../../arm-none-eabi/lib/armv7-m/libc.a(lib_a-locale.o)
 .debug_loc     0x0000000000006be6      0x10c /usr/lib/gcc/arm-none-eabi/4.9.3/../../../arm-none-eabi/lib/armv7-m/libc.a(lib_a-makebuf.o)
 .debug_loc     0x0000000000006cf2      0xd6d /usr/lib/gcc/arm-none-eabi/4.9.3/../../../arm-none-eabi/lib/armv7-m/libc.a(lib_a-mallocr.o)
 .debug_loc     0x0000000000007a5f      0x180 /usr/lib/gcc/arm-none-eabi/4.9.3/../../../arm-none-eabi/lib/armv7-m/libc.a(lib_a-memchr.o)
 .debug_loc     0x0000000000007bdf      0x2ef /usr/lib/gcc/arm-none-eabi/4.9.3/../../../arm-none-eabi/lib/armv7-m/libc.a(lib_a-memmove.o)
 .debug_loc     0x0000000000007ece     0x12a3 /usr/lib/gcc/arm-none-eabi/4.9.3/../../../arm-none-eabi/lib/armv7-m/libc.a(lib_a-reallocr.o)
 .debug_loc     0x0000000000009171      0x433 /usr/lib/gcc/arm-none-eabi/4.9.3/../../../arm-none-eabi/lib/armv7-m/libc.a(lib_a-signal.o)
 .debug_loc     0x00000000000095a4       0x9a /usr/lib/gcc/arm-none-eabi/4.9.3/../../../arm-none-eabi/lib/armv7-m/libc.a(lib_a-signalr.o)
 .debug_loc     0x000000000000963e      0x29e /usr/lib/gcc/arm-none-eabi/4.9.3/../../../arm-none-eabi/lib/armv7-m/libc.a(lib_a-stdio.o)
 .debug_loc     0x00000000000098dc       0x21 /usr/lib/gcc/arm-none-eabi/4.9.3/../../../arm-none-eabi/lib/armv7-m/libc.a(lib_a-strlen.o)
 .debug_loc     0x00000000000098fd      0x11d /usr/lib/gcc/arm-none-eabi/4.9.3/../../../arm-none-eabi/lib/armv7-m/libc.a(lib_a-wbuf.o)
 .debug_loc     0x0000000000009a1a      0x1fa /usr/lib/gcc/arm-none-eabi/4.9.3/../../../arm-none-eabi/lib/armv7-m/libc.a(lib_a-wcrtomb.o)
 .debug_loc     0x0000000000009c14      0x124 /usr/lib/gcc/arm-none-eabi/4.9.3/../../../arm-none-eabi/lib/armv7-m/libc.a(lib_a-wctomb_r.o)
 .debug_loc     0x0000000000009d38      0x151 /usr/lib/gcc/arm-none-eabi/4.9.3/../../../arm-none-eabi/lib/armv7-m/libc.a(lib_a-fclose.o)
 .debug_loc     0x0000000000009e89      0x11d /usr/lib/gcc/arm-none-eabi/4.9.3/../../../arm-none-eabi/lib/armv7-m/libc.a(lib_a-reent.o)
 .debug_loc     0x0000000000009fa6       0xa0 /usr/lib/gcc/arm-none-eabi/4.9.3/armv7-m/libgcc.a(bpabi.o)
 .debug_loc     0x000000000000a046      0xdbd /usr/lib/gcc/arm-none-eabi/4.9.3/armv7-m/libgcc.a(_divdi3.o)
 .debug_loc     0x000000000000ae03      0xd5b /usr/lib/gcc/arm-none-eabi/4.9.3/armv7-m/libgcc.a(_udivdi3.o)

.debug_aranges  0x0000000000000000      0xd70
 .debug_aranges
                0x0000000000000000       0x38 build/obj/crt0.o
 .debug_aranges
                0x0000000000000038       0x20 build/obj/vectors.o
 .debug_aranges
                0x0000000000000058       0x50 build/obj/chcore_v7m.o
 .debug_aranges
                0x00000000000000a8       0x30 build/obj/nvic.o
 .debug_aranges
                0x00000000000000d8       0x30 build/obj/chsys.o
 .debug_aranges
                0x0000000000000108       0x38 build/obj/chvt.o
 .debug_aranges
                0x0000000000000140       0x58 build/obj/chschd.o
 .debug_aranges
                0x0000000000000198       0x78 build/obj/chthreads.o
 .debug_aranges
                0x0000000000000210       0x58 build/obj/chmtx.o
 .debug_aranges
                0x0000000000000268       0x90 build/obj/chevents.o
 .debug_aranges
                0x00000000000002f8       0x70 build/obj/chqueues.o
 .debug_aranges
                0x0000000000000368       0x38 build/obj/chmemcore.o
 .debug_aranges
                0x00000000000003a0       0x40 build/obj/chheap.o
 .debug_aranges
                0x00000000000003e0       0x20 build/obj/hal.o
 .debug_aranges
                0x0000000000000400       0x90 build/obj/serial.o
 .debug_aranges
                0x0000000000000490       0x28 build/obj/hal_lld.o
 .debug_aranges
                0x00000000000004b8       0x28 build/obj/system_SAM3.o
 .debug_aranges
                0x00000000000004e0       0x28 build/obj/pal_lld.o
 .debug_aranges
                0x0000000000000508       0x58 build/obj/serial_lld.o
 .debug_aranges
                0x0000000000000560       0xa0 build/obj/atmel_adc.o
 .debug_aranges
                0x0000000000000600       0x48 build/obj/pio.o
 .debug_aranges
                0x0000000000000648       0x60 build/obj/pmc.o
 .debug_aranges
                0x00000000000006a8       0x28 build/obj/board.o
 .debug_aranges
                0x00000000000006d0       0x68 build/obj/syscalls.o
 .debug_aranges
                0x0000000000000738       0x28 build/obj/chprintf.o
 .debug_aranges
                0x0000000000000760       0x28 build/obj/main.o
 .debug_aranges
                0x0000000000000788       0x28 /usr/lib/gcc/arm-none-eabi/4.9.3/../../../arm-none-eabi/lib/armv7-m/libc.a(lib_a-assert.o)
 .debug_aranges
                0x00000000000007b0       0x28 /usr/lib/gcc/arm-none-eabi/4.9.3/../../../arm-none-eabi/lib/armv7-m/libc.a(lib_a-fiprintf.o)
 .debug_aranges
                0x00000000000007d8       0x18 /usr/lib/gcc/arm-none-eabi/4.9.3/../../../arm-none-eabi/lib/armv7-m/libc.a(lib_a-impure.o)
 .debug_aranges
                0x00000000000007f0       0x20 /usr/lib/gcc/arm-none-eabi/4.9.3/../../../arm-none-eabi/lib/armv7-m/libc.a(lib_a-memset.o)
 .debug_aranges
                0x0000000000000810       0x40 /usr/lib/gcc/arm-none-eabi/4.9.3/../../../arm-none-eabi/lib/armv7-m/libc.a(lib_a-vfiprintf.o)
 .debug_aranges
                0x0000000000000850       0x20 /usr/lib/gcc/arm-none-eabi/4.9.3/../../../arm-none-eabi/lib/armv7-m/libc.a(lib_a-wsetup.o)
 .debug_aranges
                0x0000000000000870       0x20 /usr/lib/gcc/arm-none-eabi/4.9.3/../../../arm-none-eabi/lib/armv7-m/libc.a(lib_a-abort.o)
 .debug_aranges
                0x0000000000000890       0x30 /usr/lib/gcc/arm-none-eabi/4.9.3/../../../arm-none-eabi/lib/armv7-m/libc.a(lib_a-fflush.o)
 .debug_aranges
                0x00000000000008c0       0x88 /usr/lib/gcc/arm-none-eabi/4.9.3/../../../arm-none-eabi/lib/armv7-m/libc.a(lib_a-findfp.o)
 .debug_aranges
                0x0000000000000948       0x30 /usr/lib/gcc/arm-none-eabi/4.9.3/../../../arm-none-eabi/lib/armv7-m/libc.a(lib_a-fputwc.o)
 .debug_aranges
                0x0000000000000978       0x28 /usr/lib/gcc/arm-none-eabi/4.9.3/../../../arm-none-eabi/lib/armv7-m/libc.a(lib_a-freer.o)
 .debug_aranges
                0x00000000000009a0       0x20 /usr/lib/gcc/arm-none-eabi/4.9.3/../../../arm-none-eabi/lib/armv7-m/libc.a(lib_a-fvwrite.o)
 .debug_aranges
                0x00000000000009c0       0x28 /usr/lib/gcc/arm-none-eabi/4.9.3/../../../arm-none-eabi/lib/armv7-m/libc.a(lib_a-fwalk.o)
 .debug_aranges
                0x00000000000009e8       0x58 /usr/lib/gcc/arm-none-eabi/4.9.3/../../../arm-none-eabi/lib/armv7-m/libc.a(lib_a-locale.o)
 .debug_aranges
                0x0000000000000a40       0x20 /usr/lib/gcc/arm-none-eabi/4.9.3/../../../arm-none-eabi/lib/armv7-m/libc.a(lib_a-makebuf.o)
 .debug_aranges
                0x0000000000000a60       0x20 /usr/lib/gcc/arm-none-eabi/4.9.3/../../../arm-none-eabi/lib/armv7-m/libc.a(lib_a-mallocr.o)
 .debug_aranges
                0x0000000000000a80       0x20 /usr/lib/gcc/arm-none-eabi/4.9.3/../../../arm-none-eabi/lib/armv7-m/libc.a(lib_a-memchr.o)
 .debug_aranges
                0x0000000000000aa0       0x20 /usr/lib/gcc/arm-none-eabi/4.9.3/../../../arm-none-eabi/lib/armv7-m/libc.a(lib_a-memcpy.o)
 .debug_aranges
                0x0000000000000ac0       0x20 /usr/lib/gcc/arm-none-eabi/4.9.3/../../../arm-none-eabi/lib/armv7-m/libc.a(lib_a-memmove.o)
 .debug_aranges
                0x0000000000000ae0       0x28 /usr/lib/gcc/arm-none-eabi/4.9.3/../../../arm-none-eabi/lib/armv7-m/libc.a(lib_a-mlock.o)
 .debug_aranges
                0x0000000000000b08       0x20 /usr/lib/gcc/arm-none-eabi/4.9.3/../../../arm-none-eabi/lib/armv7-m/libc.a(lib_a-reallocr.o)
 .debug_aranges
                0x0000000000000b28       0x58 /usr/lib/gcc/arm-none-eabi/4.9.3/../../../arm-none-eabi/lib/armv7-m/libc.a(lib_a-signal.o)
 .debug_aranges
                0x0000000000000b80       0x28 /usr/lib/gcc/arm-none-eabi/4.9.3/../../../arm-none-eabi/lib/armv7-m/libc.a(lib_a-signalr.o)
 .debug_aranges
                0x0000000000000ba8       0x40 /usr/lib/gcc/arm-none-eabi/4.9.3/../../../arm-none-eabi/lib/armv7-m/libc.a(lib_a-stdio.o)
 .debug_aranges
                0x0000000000000be8       0x20 /usr/lib/gcc/arm-none-eabi/4.9.3/../../../arm-none-eabi/lib/armv7-m/libc.a(lib_a-strlen.o)
 .debug_aranges
                0x0000000000000c08       0x28 /usr/lib/gcc/arm-none-eabi/4.9.3/../../../arm-none-eabi/lib/armv7-m/libc.a(lib_a-wbuf.o)
 .debug_aranges
                0x0000000000000c30       0x28 /usr/lib/gcc/arm-none-eabi/4.9.3/../../../arm-none-eabi/lib/armv7-m/libc.a(lib_a-wcrtomb.o)
 .debug_aranges
                0x0000000000000c58       0x28 /usr/lib/gcc/arm-none-eabi/4.9.3/../../../arm-none-eabi/lib/armv7-m/libc.a(lib_a-wctomb_r.o)
 .debug_aranges
                0x0000000000000c80       0x28 /usr/lib/gcc/arm-none-eabi/4.9.3/../../../arm-none-eabi/lib/armv7-m/libc.a(lib_a-fclose.o)
 .debug_aranges
                0x0000000000000ca8       0x28 /usr/lib/gcc/arm-none-eabi/4.9.3/../../../arm-none-eabi/lib/armv7-m/libc.a(lib_a-reent.o)
 .debug_aranges
                0x0000000000000cd0       0x20 /usr/lib/gcc/arm-none-eabi/4.9.3/armv7-m/libgcc.a(_aeabi_uldivmod.o)
 .debug_aranges
                0x0000000000000cf0       0x20 /usr/lib/gcc/arm-none-eabi/4.9.3/armv7-m/libgcc.a(bpabi.o)
 .debug_aranges
                0x0000000000000d10       0x20 /usr/lib/gcc/arm-none-eabi/4.9.3/armv7-m/libgcc.a(_dvmd_tls.o)
 .debug_aranges
                0x0000000000000d30       0x20 /usr/lib/gcc/arm-none-eabi/4.9.3/armv7-m/libgcc.a(_divdi3.o)
 .debug_aranges
                0x0000000000000d50       0x20 /usr/lib/gcc/arm-none-eabi/4.9.3/armv7-m/libgcc.a(_udivdi3.o)

.debug_ranges   0x0000000000000000     0x1528
 .debug_ranges  0x0000000000000000       0x58 build/obj/crt0.o
 .debug_ranges  0x0000000000000058       0x10 build/obj/vectors.o
 .debug_ranges  0x0000000000000068       0x58 build/obj/chcore_v7m.o
 .debug_ranges  0x00000000000000c0       0x20 build/obj/nvic.o
 .debug_ranges  0x00000000000000e0       0x38 build/obj/chsys.o
 .debug_ranges  0x0000000000000118       0x28 build/obj/chvt.o
 .debug_ranges  0x0000000000000140      0x110 build/obj/chschd.o
 .debug_ranges  0x0000000000000250      0x130 build/obj/chthreads.o
 .debug_ranges  0x0000000000000380      0x1a0 build/obj/chmtx.o
 .debug_ranges  0x0000000000000520       0xe0 build/obj/chevents.o
 .debug_ranges  0x0000000000000600       0xc0 build/obj/chqueues.o
 .debug_ranges  0x00000000000006c0       0x28 build/obj/chmemcore.o
 .debug_ranges  0x00000000000006e8       0x30 build/obj/chheap.o
 .debug_ranges  0x0000000000000718       0x10 build/obj/hal.o
 .debug_ranges  0x0000000000000728       0xc8 build/obj/serial.o
 .debug_ranges  0x00000000000007f0       0x18 build/obj/hal_lld.o
 .debug_ranges  0x0000000000000808       0x18 build/obj/system_SAM3.o
 .debug_ranges  0x0000000000000820       0x18 build/obj/pal_lld.o
 .debug_ranges  0x0000000000000838       0x78 build/obj/serial_lld.o
 .debug_ranges  0x00000000000008b0       0x90 build/obj/atmel_adc.o
 .debug_ranges  0x0000000000000940       0xb0 build/obj/pio.o
 .debug_ranges  0x00000000000009f0       0x50 build/obj/pmc.o
 .debug_ranges  0x0000000000000a40       0x18 build/obj/board.o
 .debug_ranges  0x0000000000000a58       0x58 build/obj/syscalls.o
 .debug_ranges  0x0000000000000ab0       0x18 build/obj/chprintf.o
 .debug_ranges  0x0000000000000ac8       0x18 build/obj/main.o
 .debug_ranges  0x0000000000000ae0       0x18 /usr/lib/gcc/arm-none-eabi/4.9.3/../../../arm-none-eabi/lib/armv7-m/libc.a(lib_a-assert.o)
 .debug_ranges  0x0000000000000af8       0x18 /usr/lib/gcc/arm-none-eabi/4.9.3/../../../arm-none-eabi/lib/armv7-m/libc.a(lib_a-fiprintf.o)
 .debug_ranges  0x0000000000000b10       0x10 /usr/lib/gcc/arm-none-eabi/4.9.3/../../../arm-none-eabi/lib/armv7-m/libc.a(lib_a-memset.o)
 .debug_ranges  0x0000000000000b20      0x1f8 /usr/lib/gcc/arm-none-eabi/4.9.3/../../../arm-none-eabi/lib/armv7-m/libc.a(lib_a-vfiprintf.o)
 .debug_ranges  0x0000000000000d18       0x38 /usr/lib/gcc/arm-none-eabi/4.9.3/../../../arm-none-eabi/lib/armv7-m/libc.a(lib_a-wsetup.o)
 .debug_ranges  0x0000000000000d50       0x10 /usr/lib/gcc/arm-none-eabi/4.9.3/../../../arm-none-eabi/lib/armv7-m/libc.a(lib_a-abort.o)
 .debug_ranges  0x0000000000000d60       0x80 /usr/lib/gcc/arm-none-eabi/4.9.3/../../../arm-none-eabi/lib/armv7-m/libc.a(lib_a-fflush.o)
 .debug_ranges  0x0000000000000de0       0xe0 /usr/lib/gcc/arm-none-eabi/4.9.3/../../../arm-none-eabi/lib/armv7-m/libc.a(lib_a-findfp.o)
 .debug_ranges  0x0000000000000ec0       0x20 /usr/lib/gcc/arm-none-eabi/4.9.3/../../../arm-none-eabi/lib/armv7-m/libc.a(lib_a-fputwc.o)
 .debug_ranges  0x0000000000000ee0       0x18 /usr/lib/gcc/arm-none-eabi/4.9.3/../../../arm-none-eabi/lib/armv7-m/libc.a(lib_a-freer.o)
 .debug_ranges  0x0000000000000ef8       0x38 /usr/lib/gcc/arm-none-eabi/4.9.3/../../../arm-none-eabi/lib/armv7-m/libc.a(lib_a-fvwrite.o)
 .debug_ranges  0x0000000000000f30       0x18 /usr/lib/gcc/arm-none-eabi/4.9.3/../../../arm-none-eabi/lib/armv7-m/libc.a(lib_a-fwalk.o)
 .debug_ranges  0x0000000000000f48       0x48 /usr/lib/gcc/arm-none-eabi/4.9.3/../../../arm-none-eabi/lib/armv7-m/libc.a(lib_a-locale.o)
 .debug_ranges  0x0000000000000f90       0x10 /usr/lib/gcc/arm-none-eabi/4.9.3/../../../arm-none-eabi/lib/armv7-m/libc.a(lib_a-makebuf.o)
 .debug_ranges  0x0000000000000fa0       0x50 /usr/lib/gcc/arm-none-eabi/4.9.3/../../../arm-none-eabi/lib/armv7-m/libc.a(lib_a-mallocr.o)
 .debug_ranges  0x0000000000000ff0       0x10 /usr/lib/gcc/arm-none-eabi/4.9.3/../../../arm-none-eabi/lib/armv7-m/libc.a(lib_a-memchr.o)
 .debug_ranges  0x0000000000001000       0x10 /usr/lib/gcc/arm-none-eabi/4.9.3/../../../arm-none-eabi/lib/armv7-m/libc.a(lib_a-memmove.o)
 .debug_ranges  0x0000000000001010       0x18 /usr/lib/gcc/arm-none-eabi/4.9.3/../../../arm-none-eabi/lib/armv7-m/libc.a(lib_a-mlock.o)
 .debug_ranges  0x0000000000001028      0x1a8 /usr/lib/gcc/arm-none-eabi/4.9.3/../../../arm-none-eabi/lib/armv7-m/libc.a(lib_a-reallocr.o)
 .debug_ranges  0x00000000000011d0       0x60 /usr/lib/gcc/arm-none-eabi/4.9.3/../../../arm-none-eabi/lib/armv7-m/libc.a(lib_a-signal.o)
 .debug_ranges  0x0000000000001230       0x18 /usr/lib/gcc/arm-none-eabi/4.9.3/../../../arm-none-eabi/lib/armv7-m/libc.a(lib_a-signalr.o)
 .debug_ranges  0x0000000000001248       0x30 /usr/lib/gcc/arm-none-eabi/4.9.3/../../../arm-none-eabi/lib/armv7-m/libc.a(lib_a-stdio.o)
 .debug_ranges  0x0000000000001278       0x10 /usr/lib/gcc/arm-none-eabi/4.9.3/../../../arm-none-eabi/lib/armv7-m/libc.a(lib_a-strlen.o)
 .debug_ranges  0x0000000000001288       0x30 /usr/lib/gcc/arm-none-eabi/4.9.3/../../../arm-none-eabi/lib/armv7-m/libc.a(lib_a-wbuf.o)
 .debug_ranges  0x00000000000012b8       0x18 /usr/lib/gcc/arm-none-eabi/4.9.3/../../../arm-none-eabi/lib/armv7-m/libc.a(lib_a-wcrtomb.o)
 .debug_ranges  0x00000000000012d0       0x18 /usr/lib/gcc/arm-none-eabi/4.9.3/../../../arm-none-eabi/lib/armv7-m/libc.a(lib_a-wctomb_r.o)
 .debug_ranges  0x00000000000012e8       0x48 /usr/lib/gcc/arm-none-eabi/4.9.3/../../../arm-none-eabi/lib/armv7-m/libc.a(lib_a-fclose.o)
 .debug_ranges  0x0000000000001330       0x18 /usr/lib/gcc/arm-none-eabi/4.9.3/../../../arm-none-eabi/lib/armv7-m/libc.a(lib_a-reent.o)
 .debug_ranges  0x0000000000001348       0xf0 /usr/lib/gcc/arm-none-eabi/4.9.3/armv7-m/libgcc.a(_divdi3.o)
 .debug_ranges  0x0000000000001438       0xf0 /usr/lib/gcc/arm-none-eabi/4.9.3/armv7-m/libgcc.a(_udivdi3.o)

.debug_line     0x0000000000000000     0x74e2
 .debug_line    0x0000000000000000      0x10d build/obj/crt0.o
 .debug_line    0x000000000000010d       0x69 build/obj/vectors.o
 .debug_line    0x0000000000000176      0x1e0 build/obj/chcore_v7m.o
 .debug_line    0x0000000000000356       0xee build/obj/nvic.o
 .debug_line    0x0000000000000444      0x1d1 build/obj/chsys.o
 .debug_line    0x0000000000000615      0x156 build/obj/chvt.o
 .debug_line    0x000000000000076b      0x2c0 build/obj/chschd.o
 .debug_line    0x0000000000000a2b      0x370 build/obj/chthreads.o
 .debug_line    0x0000000000000d9b      0x324 build/obj/chmtx.o
 .debug_line    0x00000000000010bf      0x2c7 build/obj/chevents.o
 .debug_line    0x0000000000001386      0x32c build/obj/chqueues.o
 .debug_line    0x00000000000016b2      0x12b build/obj/chmemcore.o
 .debug_line    0x00000000000017dd      0x24b build/obj/chheap.o
 .debug_line    0x0000000000001a28      0x142 build/obj/hal.o
 .debug_line    0x0000000000001b6a      0x35d build/obj/serial.o
 .debug_line    0x0000000000001ec7      0x115 build/obj/hal_lld.o
 .debug_line    0x0000000000001fdc      0x188 build/obj/system_SAM3.o
 .debug_line    0x0000000000002164      0x191 build/obj/pal_lld.o
 .debug_line    0x00000000000022f5      0x39c build/obj/serial_lld.o
 .debug_line    0x0000000000002691      0x40e build/obj/atmel_adc.o
 .debug_line    0x0000000000002a9f      0x1e1 build/obj/pio.o
 .debug_line    0x0000000000002c80      0x275 build/obj/pmc.o
 .debug_line    0x0000000000002ef5      0x169 build/obj/board.o
 .debug_line    0x000000000000305e      0x1a8 build/obj/syscalls.o
 .debug_line    0x0000000000003206      0x24f build/obj/chprintf.o
 .debug_line    0x0000000000003455      0x300 build/obj/main.o
 .debug_line    0x0000000000003755      0x192 /usr/lib/gcc/arm-none-eabi/4.9.3/../../../arm-none-eabi/lib/armv7-m/libc.a(lib_a-assert.o)
 .debug_line    0x00000000000038e7      0x18c /usr/lib/gcc/arm-none-eabi/4.9.3/../../../arm-none-eabi/lib/armv7-m/libc.a(lib_a-fiprintf.o)
 .debug_line    0x0000000000003a73       0xf1 /usr/lib/gcc/arm-none-eabi/4.9.3/../../../arm-none-eabi/lib/armv7-m/libc.a(lib_a-impure.o)
 .debug_line    0x0000000000003b64      0x119 /usr/lib/gcc/arm-none-eabi/4.9.3/../../../arm-none-eabi/lib/armv7-m/libc.a(lib_a-memset.o)
 .debug_line    0x0000000000003c7d      0x749 /usr/lib/gcc/arm-none-eabi/4.9.3/../../../arm-none-eabi/lib/armv7-m/libc.a(lib_a-vfiprintf.o)
 .debug_line    0x00000000000043c6      0x1be /usr/lib/gcc/arm-none-eabi/4.9.3/../../../arm-none-eabi/lib/armv7-m/libc.a(lib_a-wsetup.o)
 .debug_line    0x0000000000004584      0x11a /usr/lib/gcc/arm-none-eabi/4.9.3/../../../arm-none-eabi/lib/armv7-m/libc.a(lib_a-abort.o)
 .debug_line    0x000000000000469e      0x262 /usr/lib/gcc/arm-none-eabi/4.9.3/../../../arm-none-eabi/lib/armv7-m/libc.a(lib_a-fflush.o)
 .debug_line    0x0000000000004900      0x313 /usr/lib/gcc/arm-none-eabi/4.9.3/../../../arm-none-eabi/lib/armv7-m/libc.a(lib_a-findfp.o)
 .debug_line    0x0000000000004c13      0x200 /usr/lib/gcc/arm-none-eabi/4.9.3/../../../arm-none-eabi/lib/armv7-m/libc.a(lib_a-fputwc.o)
 .debug_line    0x0000000000004e13      0x271 /usr/lib/gcc/arm-none-eabi/4.9.3/../../../arm-none-eabi/lib/armv7-m/libc.a(lib_a-freer.o)
 .debug_line    0x0000000000005084      0x2d8 /usr/lib/gcc/arm-none-eabi/4.9.3/../../../arm-none-eabi/lib/armv7-m/libc.a(lib_a-fvwrite.o)
 .debug_line    0x000000000000535c      0x1a3 /usr/lib/gcc/arm-none-eabi/4.9.3/../../../arm-none-eabi/lib/armv7-m/libc.a(lib_a-fwalk.o)
 .debug_line    0x00000000000054ff      0x203 /usr/lib/gcc/arm-none-eabi/4.9.3/../../../arm-none-eabi/lib/armv7-m/libc.a(lib_a-locale.o)
 .debug_line    0x0000000000005702      0x1e5 /usr/lib/gcc/arm-none-eabi/4.9.3/../../../arm-none-eabi/lib/armv7-m/libc.a(lib_a-makebuf.o)
 .debug_line    0x00000000000058e7      0x385 /usr/lib/gcc/arm-none-eabi/4.9.3/../../../arm-none-eabi/lib/armv7-m/libc.a(lib_a-mallocr.o)
 .debug_line    0x0000000000005c6c      0x11d /usr/lib/gcc/arm-none-eabi/4.9.3/../../../arm-none-eabi/lib/armv7-m/libc.a(lib_a-memchr.o)
 .debug_line    0x0000000000005d89       0xbb /usr/lib/gcc/arm-none-eabi/4.9.3/../../../arm-none-eabi/lib/armv7-m/libc.a(lib_a-memcpy.o)
 .debug_line    0x0000000000005e44      0x128 /usr/lib/gcc/arm-none-eabi/4.9.3/../../../arm-none-eabi/lib/armv7-m/libc.a(lib_a-memmove.o)
 .debug_line    0x0000000000005f6c      0x10f /usr/lib/gcc/arm-none-eabi/4.9.3/../../../arm-none-eabi/lib/armv7-m/libc.a(lib_a-mlock.o)
 .debug_line    0x000000000000607b      0x2af /usr/lib/gcc/arm-none-eabi/4.9.3/../../../arm-none-eabi/lib/armv7-m/libc.a(lib_a-reallocr.o)
 .debug_line    0x000000000000632a      0x258 /usr/lib/gcc/arm-none-eabi/4.9.3/../../../arm-none-eabi/lib/armv7-m/libc.a(lib_a-signal.o)
 .debug_line    0x0000000000006582      0x174 /usr/lib/gcc/arm-none-eabi/4.9.3/../../../arm-none-eabi/lib/armv7-m/libc.a(lib_a-signalr.o)
 .debug_line    0x00000000000066f6      0x1d0 /usr/lib/gcc/arm-none-eabi/4.9.3/../../../arm-none-eabi/lib/armv7-m/libc.a(lib_a-stdio.o)
 .debug_line    0x00000000000068c6       0xf2 /usr/lib/gcc/arm-none-eabi/4.9.3/../../../arm-none-eabi/lib/armv7-m/libc.a(lib_a-strlen.o)
 .debug_line    0x00000000000069b8      0x1e7 /usr/lib/gcc/arm-none-eabi/4.9.3/../../../arm-none-eabi/lib/armv7-m/libc.a(lib_a-wbuf.o)
 .debug_line    0x0000000000006b9f      0x190 /usr/lib/gcc/arm-none-eabi/4.9.3/../../../arm-none-eabi/lib/armv7-m/libc.a(lib_a-wcrtomb.o)
 .debug_line    0x0000000000006d2f      0x191 /usr/lib/gcc/arm-none-eabi/4.9.3/../../../arm-none-eabi/lib/armv7-m/libc.a(lib_a-wctomb_r.o)
 .debug_line    0x0000000000006ec0      0x1b0 /usr/lib/gcc/arm-none-eabi/4.9.3/../../../arm-none-eabi/lib/armv7-m/libc.a(lib_a-fclose.o)
 .debug_line    0x0000000000007070      0x19a /usr/lib/gcc/arm-none-eabi/4.9.3/../../../arm-none-eabi/lib/armv7-m/libc.a(lib_a-reent.o)
 .debug_line    0x000000000000720a       0x62 /usr/lib/gcc/arm-none-eabi/4.9.3/armv7-m/libgcc.a(_aeabi_uldivmod.o)
 .debug_line    0x000000000000726c       0x64 /usr/lib/gcc/arm-none-eabi/4.9.3/armv7-m/libgcc.a(bpabi.o)
 .debug_line    0x00000000000072d0       0x5e /usr/lib/gcc/arm-none-eabi/4.9.3/armv7-m/libgcc.a(_dvmd_tls.o)
 .debug_line    0x000000000000732e       0xe1 /usr/lib/gcc/arm-none-eabi/4.9.3/armv7-m/libgcc.a(_divdi3.o)
 .debug_line    0x000000000000740f       0xd3 /usr/lib/gcc/arm-none-eabi/4.9.3/armv7-m/libgcc.a(_udivdi3.o)

.debug_str      0x0000000000000000     0x3864
 .debug_str     0x0000000000000000      0x28c build/obj/crt0.o
                                        0x2e2 (size before relaxing)
 .debug_str     0x000000000000028c       0x4f build/obj/vectors.o
                                        0x1c2 (size before relaxing)
 .debug_str     0x00000000000002db      0x2f2 build/obj/chcore_v7m.o
                                        0x493 (size before relaxing)
 .debug_str     0x00000000000005cd       0xa1 build/obj/nvic.o
                                        0x2ad (size before relaxing)
 .debug_str     0x000000000000066e      0x10b build/obj/chsys.o
                                        0x47e (size before relaxing)
 .debug_str     0x0000000000000779       0x4f build/obj/chvt.o
                                        0x25c (size before relaxing)
 .debug_str     0x00000000000007c8       0xa9 build/obj/chschd.o
                                        0x46b (size before relaxing)
 .debug_str     0x0000000000000871       0xd6 build/obj/chthreads.o
                                        0x505 (size before relaxing)
 .debug_str     0x0000000000000947       0x8d build/obj/chmtx.o
                                        0x425 (size before relaxing)
 .debug_str     0x00000000000009d4      0x17c build/obj/chevents.o
                                        0x503 (size before relaxing)
 .debug_str     0x0000000000000b50      0x122 build/obj/chqueues.o
                                        0x4a4 (size before relaxing)
 .debug_str     0x0000000000000c72       0x73 build/obj/chmemcore.o
                                        0x223 (size before relaxing)
 .debug_str     0x0000000000000ce5       0xb0 build/obj/chheap.o
                                        0x404 (size before relaxing)
 .debug_str     0x0000000000000d95       0xac build/obj/hal.o
                                        0x233 (size before relaxing)
 .debug_str     0x0000000000000e41      0x270 build/obj/serial.o
                                        0x6ef (size before relaxing)
 .debug_str     0x00000000000010b1       0x90 build/obj/hal_lld.o
                                        0x24e (size before relaxing)
 .debug_str     0x0000000000001141      0x1d9 build/obj/system_SAM3.o
                                        0x3b5 (size before relaxing)
 .debug_str     0x000000000000131a      0x2ef build/obj/pal_lld.o
                                        0x62f (size before relaxing)
 .debug_str     0x0000000000001609      0x247 build/obj/serial_lld.o
                                        0xc37 (size before relaxing)
 .debug_str     0x0000000000001850      0x365 build/obj/atmel_adc.o
                                        0x9e5 (size before relaxing)
 .debug_str     0x0000000000001bb5      0x145 build/obj/pio.o
                                        0x5ca (size before relaxing)
 .debug_str     0x0000000000001cfa      0x116 build/obj/pmc.o
                                        0x42a (size before relaxing)
 .debug_str     0x0000000000001e10       0x27 build/obj/board.o
                                        0x564 (size before relaxing)
 .debug_str     0x0000000000001e37      0x4b4 build/obj/syscalls.o
                                        0x6b9 (size before relaxing)
 .debug_str     0x00000000000022eb       0x82 build/obj/chprintf.o
                                        0x2b2 (size before relaxing)
 .debug_str     0x000000000000236d       0x20 build/obj/main.o
                                        0xa68 (size before relaxing)
 .debug_str     0x000000000000238d      0x13a /usr/lib/gcc/arm-none-eabi/4.9.3/../../../arm-none-eabi/lib/armv7-m/libc.a(lib_a-assert.o)
                                        0x5b4 (size before relaxing)
 .debug_str     0x00000000000024c7       0xac /usr/lib/gcc/arm-none-eabi/4.9.3/../../../arm-none-eabi/lib/armv7-m/libc.a(lib_a-fiprintf.o)
                                        0x5bc (size before relaxing)
 .debug_str     0x0000000000002573       0xb0 /usr/lib/gcc/arm-none-eabi/4.9.3/../../../arm-none-eabi/lib/armv7-m/libc.a(lib_a-impure.o)
                                        0x58c (size before relaxing)
 .debug_str     0x0000000000002623       0xa0 /usr/lib/gcc/arm-none-eabi/4.9.3/../../../arm-none-eabi/lib/armv7-m/libc.a(lib_a-memset.o)
                                        0x1cf (size before relaxing)
 .debug_str     0x00000000000026c3      0x21b /usr/lib/gcc/arm-none-eabi/4.9.3/../../../arm-none-eabi/lib/armv7-m/libc.a(lib_a-vfiprintf.o)
                                        0x760 (size before relaxing)
 .debug_str     0x00000000000028de       0x42 /usr/lib/gcc/arm-none-eabi/4.9.3/../../../arm-none-eabi/lib/armv7-m/libc.a(lib_a-wsetup.o)
                                        0x5ab (size before relaxing)
 .debug_str     0x0000000000002920       0x33 /usr/lib/gcc/arm-none-eabi/4.9.3/../../../arm-none-eabi/lib/armv7-m/libc.a(lib_a-abort.o)
                                        0x1be (size before relaxing)
 .debug_str     0x0000000000002953       0x5d /usr/lib/gcc/arm-none-eabi/4.9.3/../../../arm-none-eabi/lib/armv7-m/libc.a(lib_a-fflush.o)
                                        0x5ec (size before relaxing)
 .debug_str     0x00000000000029b0      0x11a /usr/lib/gcc/arm-none-eabi/4.9.3/../../../arm-none-eabi/lib/armv7-m/libc.a(lib_a-findfp.o)
                                        0x6b3 (size before relaxing)
 .debug_str     0x0000000000002aca       0x5f /usr/lib/gcc/arm-none-eabi/4.9.3/../../../arm-none-eabi/lib/armv7-m/libc.a(lib_a-fputwc.o)
                                        0x5ec (size before relaxing)
 .debug_str     0x0000000000002b29      0x16e /usr/lib/gcc/arm-none-eabi/4.9.3/../../../arm-none-eabi/lib/armv7-m/libc.a(lib_a-freer.o)
                                        0x6e5 (size before relaxing)
 .debug_str     0x0000000000002c97       0x66 /usr/lib/gcc/arm-none-eabi/4.9.3/../../../arm-none-eabi/lib/armv7-m/libc.a(lib_a-fvwrite.o)
                                        0x61e (size before relaxing)
 .debug_str     0x0000000000002cfd       0x3b /usr/lib/gcc/arm-none-eabi/4.9.3/../../../arm-none-eabi/lib/armv7-m/libc.a(lib_a-fwalk.o)
                                        0x591 (size before relaxing)
 .debug_str     0x0000000000002d38      0x261 /usr/lib/gcc/arm-none-eabi/4.9.3/../../../arm-none-eabi/lib/armv7-m/libc.a(lib_a-locale.o)
                                        0x7e9 (size before relaxing)
 .debug_str     0x0000000000002f99       0x39 /usr/lib/gcc/arm-none-eabi/4.9.3/../../../arm-none-eabi/lib/armv7-m/libc.a(lib_a-makebuf.o)
                                        0x68e (size before relaxing)
 .debug_str     0x0000000000002fd2       0xdf /usr/lib/gcc/arm-none-eabi/4.9.3/../../../arm-none-eabi/lib/armv7-m/libc.a(lib_a-mallocr.o)
                                        0x79b (size before relaxing)
 .debug_str     0x00000000000030b1       0x43 /usr/lib/gcc/arm-none-eabi/4.9.3/../../../arm-none-eabi/lib/armv7-m/libc.a(lib_a-memchr.o)
                                        0x1d5 (size before relaxing)
 .debug_str     0x00000000000030f4       0x50 /usr/lib/gcc/arm-none-eabi/4.9.3/../../../arm-none-eabi/lib/armv7-m/libc.a(lib_a-memmove.o)
                                        0x1ee (size before relaxing)
 .debug_str     0x0000000000003144       0x42 /usr/lib/gcc/arm-none-eabi/4.9.3/../../../arm-none-eabi/lib/armv7-m/libc.a(lib_a-mlock.o)
                                        0x595 (size before relaxing)
 .debug_str     0x0000000000003186       0x49 /usr/lib/gcc/arm-none-eabi/4.9.3/../../../arm-none-eabi/lib/armv7-m/libc.a(lib_a-reallocr.o)
                                        0x66d (size before relaxing)
 .debug_str     0x00000000000031cf       0xf9 /usr/lib/gcc/arm-none-eabi/4.9.3/../../../arm-none-eabi/lib/armv7-m/libc.a(lib_a-signal.o)
                                        0x602 (size before relaxing)
 .debug_str     0x00000000000032c8       0x2e /usr/lib/gcc/arm-none-eabi/4.9.3/../../../arm-none-eabi/lib/armv7-m/libc.a(lib_a-signalr.o)
                                        0x588 (size before relaxing)
 .debug_str     0x00000000000032f6       0x69 /usr/lib/gcc/arm-none-eabi/4.9.3/../../../arm-none-eabi/lib/armv7-m/libc.a(lib_a-stdio.o)
                                        0x5e7 (size before relaxing)
 .debug_str     0x000000000000335f       0xa0 /usr/lib/gcc/arm-none-eabi/4.9.3/../../../arm-none-eabi/lib/armv7-m/libc.a(lib_a-strlen.o)
                                        0x1c8 (size before relaxing)
 .debug_str     0x00000000000033ff       0x33 /usr/lib/gcc/arm-none-eabi/4.9.3/../../../arm-none-eabi/lib/armv7-m/libc.a(lib_a-wbuf.o)
                                        0x5b0 (size before relaxing)
 .debug_str     0x0000000000003432       0x47 /usr/lib/gcc/arm-none-eabi/4.9.3/../../../arm-none-eabi/lib/armv7-m/libc.a(lib_a-wcrtomb.o)
                                        0x5c3 (size before relaxing)
 .debug_str     0x0000000000003479       0x50 /usr/lib/gcc/arm-none-eabi/4.9.3/../../../arm-none-eabi/lib/armv7-m/libc.a(lib_a-wctomb_r.o)
                                        0x5cc (size before relaxing)
 .debug_str     0x00000000000034c9       0x3e /usr/lib/gcc/arm-none-eabi/4.9.3/../../../arm-none-eabi/lib/armv7-m/libc.a(lib_a-fclose.o)
                                        0x5d9 (size before relaxing)
 .debug_str     0x0000000000003507       0x58 /usr/lib/gcc/arm-none-eabi/4.9.3/../../../arm-none-eabi/lib/armv7-m/libc.a(lib_a-reent.o)
                                        0x5ab (size before relaxing)
 .debug_str     0x000000000000355f      0x19d /usr/lib/gcc/arm-none-eabi/4.9.3/armv7-m/libgcc.a(bpabi.o)
                                        0x1cc (size before relaxing)
 .debug_str     0x00000000000036fc      0x168 /usr/lib/gcc/arm-none-eabi/4.9.3/armv7-m/libgcc.a(_divdi3.o)
                                        0x27a (size before relaxing)
 .debug_str     0x0000000000003864      0x27b /usr/lib/gcc/arm-none-eabi/4.9.3/armv7-m/libgcc.a(_udivdi3.o)

.comment        0x0000000000000000       0x70
 .comment       0x0000000000000000       0x38 build/obj/crt0.o
                                         0x39 (size before relaxing)
 .comment       0x0000000000000038       0x39 build/obj/vectors.o
 .comment       0x0000000000000038       0x39 build/obj/chcore_v7m.o
 .comment       0x0000000000000038       0x39 build/obj/nvic.o
 .comment       0x0000000000000038       0x39 build/obj/chsys.o
 .comment       0x0000000000000038       0x39 build/obj/chvt.o
 .comment       0x0000000000000038       0x39 build/obj/chschd.o
 .comment       0x0000000000000038       0x39 build/obj/chthreads.o
 .comment       0x0000000000000038       0x39 build/obj/chmtx.o
 .comment       0x0000000000000038       0x39 build/obj/chevents.o
 .comment       0x0000000000000038       0x39 build/obj/chqueues.o
 .comment       0x0000000000000038       0x39 build/obj/chmemcore.o
 .comment       0x0000000000000038       0x39 build/obj/chheap.o
 .comment       0x0000000000000038       0x39 build/obj/hal.o
 .comment       0x0000000000000038       0x39 build/obj/serial.o
 .comment       0x0000000000000038       0x39 build/obj/hal_lld.o
 .comment       0x0000000000000038       0x39 build/obj/system_SAM3.o
 .comment       0x0000000000000038       0x39 build/obj/pal_lld.o
 .comment       0x0000000000000038       0x39 build/obj/serial_lld.o
 .comment       0x0000000000000038       0x39 build/obj/atmel_adc.o
 .comment       0x0000000000000038       0x39 build/obj/pio.o
 .comment       0x0000000000000038       0x39 build/obj/pmc.o
 .comment       0x0000000000000038       0x39 build/obj/board.o
 .comment       0x0000000000000038       0x39 build/obj/syscalls.o
 .comment       0x0000000000000038       0x39 build/obj/chprintf.o
 .comment       0x0000000000000038       0x39 build/obj/main.o