Archive member included to satisfy reference by file (symbol)

c:/program files (x86)/atmel/studio/7.0/toolchain/arm/arm-gnu-toolchain/bin/../lib/gcc/arm-none-eabi/6.2.1/../../../../arm-none-eabi/lib/thumb/v7-m\libc.a(lib_a-exit.o)
                              c:/program files (x86)/atmel/studio/7.0/toolchain/arm/arm-gnu-toolchain/bin/../lib/gcc/arm-none-eabi/6.2.1/../../../../arm-none-eabi/lib/thumb/v7-m/crt0.o (exit)
c:/program files (x86)/atmel/studio/7.0/toolchain/arm/arm-gnu-toolchain/bin/../lib/gcc/arm-none-eabi/6.2.1/../../../../arm-none-eabi/lib/thumb/v7-m\libc.a(lib_a-impure.o)
                              c:/program files (x86)/atmel/studio/7.0/toolchain/arm/arm-gnu-toolchain/bin/../lib/gcc/arm-none-eabi/6.2.1/../../../../arm-none-eabi/lib/thumb/v7-m\libc.a(lib_a-exit.o) (_global_impure_ptr)
c:/program files (x86)/atmel/studio/7.0/toolchain/arm/arm-gnu-toolchain/bin/../lib/gcc/arm-none-eabi/6.2.1/../../../../arm-none-eabi/lib/thumb/v7-m\libc.a(lib_a-init.o)
                              c:/program files (x86)/atmel/studio/7.0/toolchain/arm/arm-gnu-toolchain/bin/../lib/gcc/arm-none-eabi/6.2.1/../../../../arm-none-eabi/lib/thumb/v7-m/crt0.o (__libc_init_array)
c:/program files (x86)/atmel/studio/7.0/toolchain/arm/arm-gnu-toolchain/bin/../lib/gcc/arm-none-eabi/6.2.1/../../../../arm-none-eabi/lib/thumb/v7-m\libc.a(lib_a-memcpy.o)
                              src/ASF/common/services/usb/class/cdc/device/udi_cdc.o (memcpy)
c:/program files (x86)/atmel/studio/7.0/toolchain/arm/arm-gnu-toolchain/bin/../lib/gcc/arm-none-eabi/6.2.1/../../../../arm-none-eabi/lib/thumb/v7-m\libc.a(lib_a-memset.o)
                              c:/program files (x86)/atmel/studio/7.0/toolchain/arm/arm-gnu-toolchain/bin/../lib/gcc/arm-none-eabi/6.2.1/../../../../arm-none-eabi/lib/thumb/v7-m/crt0.o (memset)
c:/program files (x86)/atmel/studio/7.0/toolchain/arm/arm-gnu-toolchain/bin/../lib/gcc/arm-none-eabi/6.2.1/../../../../arm-none-eabi/lib/thumb/v7-m\libc.a(lib_a-__call_atexit.o)
                              c:/program files (x86)/atmel/studio/7.0/toolchain/arm/arm-gnu-toolchain/bin/../lib/gcc/arm-none-eabi/6.2.1/../../../../arm-none-eabi/lib/thumb/v7-m\libc.a(lib_a-exit.o) (__call_exitprocs)
c:/program files (x86)/atmel/studio/7.0/toolchain/arm/arm-gnu-toolchain/bin/../lib/gcc/arm-none-eabi/6.2.1/../../../../arm-none-eabi/lib/thumb/v7-m\libc.a(lib_a-atexit.o)
                              c:/program files (x86)/atmel/studio/7.0/toolchain/arm/arm-gnu-toolchain/bin/../lib/gcc/arm-none-eabi/6.2.1/../../../../arm-none-eabi/lib/thumb/v7-m\libc.a(lib_a-__call_atexit.o) (atexit)
c:/program files (x86)/atmel/studio/7.0/toolchain/arm/arm-gnu-toolchain/bin/../lib/gcc/arm-none-eabi/6.2.1/../../../../arm-none-eabi/lib/thumb/v7-m\libc.a(lib_a-fini.o)
                              c:/program files (x86)/atmel/studio/7.0/toolchain/arm/arm-gnu-toolchain/bin/../lib/gcc/arm-none-eabi/6.2.1/../../../../arm-none-eabi/lib/thumb/v7-m\libc.a(lib_a-__call_atexit.o) (__libc_fini_array)
c:/program files (x86)/atmel/studio/7.0/toolchain/arm/arm-gnu-toolchain/bin/../lib/gcc/arm-none-eabi/6.2.1/../../../../arm-none-eabi/lib/thumb/v7-m\libc.a(lib_a-__atexit.o)
                              c:/program files (x86)/atmel/studio/7.0/toolchain/arm/arm-gnu-toolchain/bin/../lib/gcc/arm-none-eabi/6.2.1/../../../../arm-none-eabi/lib/thumb/v7-m\libc.a(lib_a-atexit.o) (__register_exitproc)

Allocating common symbols
Common symbol       size              file

pio_capture_enable_flag
                    0x4               src/ASF/sam/drivers/pio/pio.o
udd_g_ctrlreq       0x18              src/ASF/sam/drivers/udp/udp_device.o
sleepmgr_locks      0x6               src/ASF/common/services/sleepmgr/sam/sleepmgr.o

Discarded input sections

 .text          0x00000000        0x0 c:/program files (x86)/atmel/studio/7.0/toolchain/arm/arm-gnu-toolchain/bin/../lib/gcc/arm-none-eabi/6.2.1/thumb/v7-m/crti.o
 .data          0x00000000        0x0 c:/program files (x86)/atmel/studio/7.0/toolchain/arm/arm-gnu-toolchain/bin/../lib/gcc/arm-none-eabi/6.2.1/thumb/v7-m/crti.o
 .bss           0x00000000        0x0 c:/program files (x86)/atmel/studio/7.0/toolchain/arm/arm-gnu-toolchain/bin/../lib/gcc/arm-none-eabi/6.2.1/thumb/v7-m/crti.o
 .data          0x00000000        0x4 c:/program files (x86)/atmel/studio/7.0/toolchain/arm/arm-gnu-toolchain/bin/../lib/gcc/arm-none-eabi/6.2.1/thumb/v7-m/crtbegin.o
 .text          0x00000000       0x74 c:/program files (x86)/atmel/studio/7.0/toolchain/arm/arm-gnu-toolchain/bin/../lib/gcc/arm-none-eabi/6.2.1/../../../../arm-none-eabi/lib/thumb/v7-m/crt0.o
 .data          0x00000000        0x0 c:/program files (x86)/atmel/studio/7.0/toolchain/arm/arm-gnu-toolchain/bin/../lib/gcc/arm-none-eabi/6.2.1/../../../../arm-none-eabi/lib/thumb/v7-m/crt0.o
[...]
Memory Configuration

Name             Origin             Length             Attributes
rom              0x00400000         0x00040000         xr
ram              0x20000000         0x0000c000         xrw
*default*        0x00000000         0xffffffff

Linker script and memory map

LOAD c:/program files (x86)/atmel/studio/7.0/toolchain/arm/arm-gnu-toolchain/bin/../lib/gcc/arm-none-eabi/6.2.1/thumb/v7-m/crti.o
LOAD c:/program files (x86)/atmel/studio/7.0/toolchain/arm/arm-gnu-toolchain/bin/../lib/gcc/arm-none-eabi/6.2.1/thumb/v7-m/crtbegin.o
LOAD c:/program files (x86)/atmel/studio/7.0/toolchain/arm/arm-gnu-toolchain/bin/../lib/gcc/arm-none-eabi/6.2.1/../../../../arm-none-eabi/lib/thumb/v7-m/crt0.o
LOAD src/ASF/common/services/usb/class/cdc/device/example/sam3s4c_sam3s_ek/ui.o
LOAD src/ASF/common/services/clock/sam3s/sysclk.o
LOAD src/ASF/common/services/sleepmgr/sam/sleepmgr.o
LOAD src/ASF/common/services/usb/class/cdc/device/udi_cdc.o
LOAD src/ASF/common/services/usb/class/cdc/device/udi_cdc_desc.o
LOAD src/ASF/common/services/usb/udc/udc.o
LOAD src/ASF/common/utils/interrupt/interrupt_sam_nvic.o
LOAD src/ASF/sam/boards/sam3s_ek/init.o
LOAD src/ASF/sam/boards/sam3s_ek/led.o
LOAD src/ASF/sam/drivers/matrix/matrix.o
LOAD src/ASF/sam/drivers/pio/pio.o
LOAD src/ASF/sam/drivers/pio/pio_handler.o
LOAD src/ASF/sam/drivers/pmc/pmc.o
LOAD src/ASF/sam/drivers/pmc/sleep.o
LOAD src/ASF/sam/drivers/udp/udp_device.o
LOAD src/ASF/sam/drivers/usart/usart.o
LOAD src/ASF/sam/utils/cmsis/sam3s/source/templates/exceptions.o
LOAD src/ASF/sam/utils/cmsis/sam3s/source/templates/gcc/startup_sam3s.o
LOAD src/ASF/sam/utils/cmsis/sam3s/source/templates/system_sam3s.o
LOAD src/ASF/sam/utils/syscalls/gcc/syscalls.o
LOAD src/main.o
LOAD src/uart_sam.o
START GROUP
LOAD ../src/ASF/thirdparty/CMSIS/Lib/GCC\libarm_cortexM3l_math.a
LOAD c:/program files (x86)/atmel/studio/7.0/toolchain/arm/arm-gnu-toolchain/bin/../lib/gcc/arm-none-eabi/6.2.1/../../../../arm-none-eabi/lib/thumb/v7-m\libm.a
END GROUP
START GROUP
LOAD c:/program files (x86)/atmel/studio/7.0/toolchain/arm/arm-gnu-toolchain/bin/../lib/gcc/arm-none-eabi/6.2.1/thumb/v7-m\libgcc.a
LOAD c:/program files (x86)/atmel/studio/7.0/toolchain/arm/arm-gnu-toolchain/bin/../lib/gcc/arm-none-eabi/6.2.1/../../../../arm-none-eabi/lib/thumb/v7-m\libc.a
END GROUP
LOAD c:/program files (x86)/atmel/studio/7.0/toolchain/arm/arm-gnu-toolchain/bin/../lib/gcc/arm-none-eabi/6.2.1/thumb/v7-m/crtend.o
LOAD c:/program files (x86)/atmel/studio/7.0/toolchain/arm/arm-gnu-toolchain/bin/../lib/gcc/arm-none-eabi/6.2.1/thumb/v7-m/crtn.o
                0x00002000                __stack_size__ = DEFINED (__stack_size__)?__stack_size__:0x2000
                0x2000bffc                __ram_end__ = ((ORIGIN (ram) + LENGTH (ram)) - 0x4)

.text           0x00400000     0x3938
                0x00400000                . = ALIGN (0x4)
                0x00400000                _sfixed = .
 *(.vectors .vectors.*)
 .vectors       0x00400000       0xd0 src/ASF/sam/utils/cmsis/sam3s/source/templates/gcc/startup_sam3s.o
                0x00400000                exception_table
 *(.text .text.* .gnu.linkonce.t.*)
 .text          0x004000d0       0x6c c:/program files (x86)/atmel/studio/7.0/toolchain/arm/arm-gnu-toolchain/bin/../lib/gcc/arm-none-eabi/6.2.1/thumb/v7-m/crtbegin.o
 .text.ui_init  0x0040013c       0x18 src/ASF/common/services/usb/class/cdc/device/example/sam3s4c_sam3s_ek/ui.o
                0x0040013c                ui_init
 .text.ui_powerdown
                0x00400154       0x14 src/ASF/common/services/usb/class/cdc/device/example/sam3s4c_sam3s_ek/ui.o
                0x00400154                ui_powerdown
 .text.ui_wakeup
                0x00400168       0x10 src/ASF/common/services/usb/class/cdc/device/example/sam3s4c_sam3s_ek/ui.o
                0x00400168                ui_wakeup
 .text.ui_com_open
                0x00400178       0x10 src/ASF/common/services/usb/class/cdc/device/example/sam3s4c_sam3s_ek/ui.o
                0x00400178                ui_com_open
 .text.ui_com_close
                0x00400188       0x10 src/ASF/common/services/usb/class/cdc/device/example/sam3s4c_sam3s_ek/ui.o
                0x00400188                ui_com_close
 .text.ui_com_rx_start
                0x00400198        0x2 src/ASF/common/services/usb/class/cdc/device/example/sam3s4c_sam3s_ek/ui.o
                0x00400198                ui_com_rx_start
 .text.ui_com_rx_stop
                0x0040019a        0x2 src/ASF/common/services/usb/class/cdc/device/example/sam3s4c_sam3s_ek/ui.o
                0x0040019a                ui_com_rx_stop
 .text.ui_com_tx_start
                0x0040019c        0x2 src/ASF/common/services/usb/class/cdc/device/example/sam3s4c_sam3s_ek/ui.o
                0x0040019c                ui_com_tx_start
 .text.ui_com_tx_stop
                0x0040019e        0x2 src/ASF/common/services/usb/class/cdc/device/example/sam3s4c_sam3s_ek/ui.o
                0x0040019e                ui_com_tx_stop
 .text.ui_com_error
                0x004001a0        0x2 src/ASF/common/services/usb/class/cdc/device/example/sam3s4c_sam3s_ek/ui.o
                0x004001a0                ui_com_error
 .text.ui_com_overflow
                0x004001a2        0x2 src/ASF/common/services/usb/class/cdc/device/example/sam3s4c_sam3s_ek/ui.o
                0x004001a2                ui_com_overflow
 .text.ui_process
                0x004001a4       0x24 src/ASF/common/services/usb/class/cdc/device/example/sam3s4c_sam3s_ek/ui.o
                0x004001a4                ui_process
 .text.sysclk_enable_usb
                0x004001c8       0x50 src/ASF/common/services/clock/sam3s/sysclk.o
                0x004001c8                sysclk_enable_usb
 .text.sysclk_init
                0x00400218       0x64 src/ASF/common/services/clock/sam3s/sysclk.o
                0x00400218                sysclk_init
 .text.udi_cdc_comm_disable
                0x0040027c       0x10 src/ASF/common/services/usb/class/cdc/device/udi_cdc.o
                0x0040027c                udi_cdc_comm_disable
 .text.udi_cdc_data_setup
                0x0040028c        0x4 src/ASF/common/services/usb/class/cdc/device/udi_cdc.o
                0x0040028c                udi_cdc_data_setup
 .text.udi_cdc_getsetting
                0x00400290        0x4 src/ASF/common/services/usb/class/cdc/device/udi_cdc.o
                0x00400290                udi_cdc_getsetting
 .text.udi_cdc_line_coding_received
                0x00400294       0x14 src/ASF/common/services/usb/class/cdc/device/udi_cdc.o
 .text.udi_cdc_comm_enable
                0x004002a8       0x68 src/ASF/common/services/usb/class/cdc/device/udi_cdc.o
                0x004002a8                udi_cdc_comm_enable
 .text.udi_cdc_tx_send
                0x00400310      0x148 src/ASF/common/services/usb/class/cdc/device/udi_cdc.o
 .text.udi_cdc_data_sent
                0x00400458       0x38 src/ASF/common/services/usb/class/cdc/device/udi_cdc.o
 .text.udi_cdc_data_sof_notify
                0x00400490       0x10 src/ASF/common/services/usb/class/cdc/device/udi_cdc.o
                0x00400490                udi_cdc_data_sof_notify
 .text.udi_cdc_ctrl_state_notify
                0x004004a0       0x4c src/ASF/common/services/usb/class/cdc/device/udi_cdc.o
 .text.udi_cdc_ctrl_state_change
                0x004004ec       0x60 src/ASF/common/services/usb/class/cdc/device/udi_cdc.o
 .text.udi_cdc_serial_state_msg_sent
                0x0040054c       0x38 src/ASF/common/services/usb/class/cdc/device/udi_cdc.o
 .text.udi_cdc_data_disable
                0x00400584       0x28 src/ASF/common/services/usb/class/cdc/device/udi_cdc.o
                0x00400584                udi_cdc_data_disable
 .text.udi_cdc_comm_setup
                0x004005ac       0x9c src/ASF/common/services/usb/class/cdc/device/udi_cdc.o
                0x004005ac                udi_cdc_comm_setup
 .text.udi_cdc_signal_framing_error
                0x00400648       0x14 src/ASF/common/services/usb/class/cdc/device/udi_cdc.o
                0x00400648                udi_cdc_signal_framing_error
 .text.udi_cdc_signal_overrun
                0x0040065c       0x14 src/ASF/common/services/usb/class/cdc/device/udi_cdc.o
                0x0040065c                udi_cdc_signal_overrun
 .text.udi_cdc_multi_get_nb_received_data
                0x00400670       0x54 src/ASF/common/services/usb/class/cdc/device/udi_cdc.o
                0x00400670                udi_cdc_multi_get_nb_received_data
 .text.udi_cdc_multi_is_rx_ready
                0x004006c4       0x14 src/ASF/common/services/usb/class/cdc/device/udi_cdc.o
                0x004006c4                udi_cdc_multi_is_rx_ready
 .text.udi_cdc_rx_start
                0x004006d8       0xc4 src/ASF/common/services/usb/class/cdc/device/udi_cdc.o
 .text.udi_cdc_data_enable
                0x0040079c       0x94 src/ASF/common/services/usb/class/cdc/device/udi_cdc.o
                0x0040079c                udi_cdc_data_enable
 .text.udi_cdc_data_received
                0x00400830       0x5c src/ASF/common/services/usb/class/cdc/device/udi_cdc.o
 .text.udi_cdc_is_rx_ready
                0x0040088c       0x10 src/ASF/common/services/usb/class/cdc/device/udi_cdc.o
                0x0040088c                udi_cdc_is_rx_ready
 .text.udi_cdc_multi_getc
                0x0040089c       0xbc src/ASF/common/services/usb/class/cdc/device/udi_cdc.o
                0x0040089c                udi_cdc_multi_getc
 .text.udi_cdc_getc
                0x00400958       0x10 src/ASF/common/services/usb/class/cdc/device/udi_cdc.o
                0x00400958                udi_cdc_getc
 .text.udi_cdc_multi_get_free_tx_buffer
                0x00400968       0x7c src/ASF/common/services/usb/class/cdc/device/udi_cdc.o
                0x00400968                udi_cdc_multi_get_free_tx_buffer
 .text.udi_cdc_multi_is_tx_ready
                0x004009e4       0x14 src/ASF/common/services/usb/class/cdc/device/udi_cdc.o
                0x004009e4                udi_cdc_multi_is_tx_ready
 .text.udi_cdc_is_tx_ready
                0x004009f8       0x10 src/ASF/common/services/usb/class/cdc/device/udi_cdc.o
                0x004009f8                udi_cdc_is_tx_ready
 .text.udi_cdc_multi_putc
                0x00400a08       0x9c src/ASF/common/services/usb/class/cdc/device/udi_cdc.o
                0x00400a08                udi_cdc_multi_putc
 .text.udi_cdc_putc
                0x00400aa4       0x10 src/ASF/common/services/usb/class/cdc/device/udi_cdc.o
                0x00400aa4                udi_cdc_putc
 .text.udc_next_desc_in_iface
                0x00400ab4       0x48 src/ASF/common/services/usb/udc/udc.o
 .text.udc_valid_address
                0x00400afc       0x18 src/ASF/common/services/usb/udc/udc.o
 .text.udc_update_iface_desc
                0x00400b14       0x74 src/ASF/common/services/usb/udc/udc.o
 .text.udc_iface_disable
                0x00400b88       0x6c src/ASF/common/services/usb/udc/udc.o
 .text.udc_iface_enable
                0x00400bf4       0x5c src/ASF/common/services/usb/udc/udc.o
 .text.udc_start
                0x00400c50        0xc src/ASF/common/services/usb/udc/udc.o
                0x00400c50                udc_start
 .text.udc_reset
                0x00400c5c       0x48 src/ASF/common/services/usb/udc/udc.o
                0x00400c5c                udc_reset
 .text.udc_sof_notify
                0x00400ca4       0x40 src/ASF/common/services/usb/udc/udc.o
                0x00400ca4                udc_sof_notify
 .text.udc_process_setup
                0x00400ce4      0x454 src/ASF/common/services/usb/udc/udc.o
                0x00400ce4                udc_process_setup
 .text.board_init
                0x00401138       0x64 src/ASF/sam/boards/sam3s_ek/init.o
                0x00401138                board_init
 .text.LED_Off  0x0040119c       0x3c src/ASF/sam/boards/sam3s_ek/led.o
                0x0040119c                LED_Off
 .text.LED_On   0x004011d8       0x3c src/ASF/sam/boards/sam3s_ek/led.o
                0x004011d8                LED_On
 .text.pio_set_peripheral
                0x00401214       0x90 src/ASF/sam/drivers/pio/pio.o
                0x00401214                pio_set_peripheral
 .text.pio_set_input
                0x004012a4       0x32 src/ASF/sam/drivers/pio/pio.o
                0x004012a4                pio_set_input
 .text.pio_set_output
                0x004012d6       0x26 src/ASF/sam/drivers/pio/pio.o
                0x004012d6                pio_set_output
 .text.pio_get_interrupt_status
                0x004012fc        0x4 src/ASF/sam/drivers/pio/pio.o
                0x004012fc                pio_get_interrupt_status
 .text.pio_get_interrupt_mask
                0x00401300        0x4 src/ASF/sam/drivers/pio/pio.o
                0x00401300                pio_get_interrupt_mask
 .text.pio_set_pin_high
                0x00401304       0x1a src/ASF/sam/drivers/pio/pio.o
                0x00401304                pio_set_pin_high
 .text.pio_set_pin_low
                0x0040131e       0x1a src/ASF/sam/drivers/pio/pio.o
                0x0040131e                pio_set_pin_low
 .text.pio_configure_pin
                0x00401338      0x120 src/ASF/sam/drivers/pio/pio.o
                0x00401338                pio_configure_pin
 .text.pio_configure_pin_group
                0x00401458       0xd8 src/ASF/sam/drivers/pio/pio.o
                0x00401458                pio_configure_pin_group
 .text.pio_handler_process
                0x00401530       0x68 src/ASF/sam/drivers/pio/pio_handler.o
                0x00401530                pio_handler_process
 .text.PIOA_Handler
                0x00401598       0x14 src/ASF/sam/drivers/pio/pio_handler.o
                0x00401598                PIOA_Handler
 .text.PIOB_Handler
                0x004015ac       0x14 src/ASF/sam/drivers/pio/pio_handler.o
                0x004015ac                PIOB_Handler
 .text.PIOC_Handler
                0x004015c0       0x14 src/ASF/sam/drivers/pio/pio_handler.o
                0x004015c0                PIOC_Handler
 .text.pmc_switch_mck_to_pllack
                0x004015d4       0x64 src/ASF/sam/drivers/pmc/pmc.o
                0x004015d4                pmc_switch_mck_to_pllack
 .text.pmc_switch_mainck_to_xtal
                0x00401638       0x54 src/ASF/sam/drivers/pmc/pmc.o
                0x00401638                pmc_switch_mainck_to_xtal
 .text.pmc_osc_is_ready_mainck
                0x0040168c       0x10 src/ASF/sam/drivers/pmc/pmc.o
                0x0040168c                pmc_osc_is_ready_mainck
 .text.pmc_disable_pllack
                0x0040169c       0x10 src/ASF/sam/drivers/pmc/pmc.o
                0x0040169c                pmc_disable_pllack
 .text.pmc_is_locked_pllack
                0x004016ac       0x10 src/ASF/sam/drivers/pmc/pmc.o
                0x004016ac                pmc_is_locked_pllack
 .text.pmc_disable_pllbck
                0x004016bc        0xc src/ASF/sam/drivers/pmc/pmc.o
                0x004016bc                pmc_disable_pllbck
 .text.pmc_is_locked_pllbck
                0x004016c8       0x10 src/ASF/sam/drivers/pmc/pmc.o
                0x004016c8                pmc_is_locked_pllbck
 .text.pmc_enable_periph_clk
                0x004016d8       0x54 src/ASF/sam/drivers/pmc/pmc.o
                0x004016d8                pmc_enable_periph_clk
 .text.pmc_disable_periph_clk
                0x0040172c       0x54 src/ASF/sam/drivers/pmc/pmc.o
                0x0040172c                pmc_disable_periph_clk
 .text.pmc_switch_udpck_to_pllbck
                0x00401780       0x14 src/ASF/sam/drivers/pmc/pmc.o
                0x00401780                pmc_switch_udpck_to_pllbck
 .text.pmc_enable_udpck
                0x00401794        0xc src/ASF/sam/drivers/pmc/pmc.o
                0x00401794                pmc_enable_udpck
 .text.pmc_set_fast_startup_input
                0x004017a0       0x14 src/ASF/sam/drivers/pmc/pmc.o
                0x004017a0                pmc_set_fast_startup_input
 .text.pmc_enable_waitmode
                0x004017b4       0x38 src/ASF/sam/drivers/pmc/pmc.o
                0x004017b4                pmc_enable_waitmode
 .text.pmc_sleep
                0x004017ec      0x298 src/ASF/sam/drivers/pmc/sleep.o
                0x004017ec                pmc_sleep
 .text.pmc_is_wakeup_clocks_restored
                0x00401a84       0x10 src/ASF/sam/drivers/pmc/sleep.o
                0x00401a84                pmc_is_wakeup_clocks_restored
 .text.udd_sleep_mode
                0x00401a94       0xa4 src/ASF/sam/drivers/udp/udp_device.o
 .text.udd_ctrl_init
                0x00401b38       0x18 src/ASF/sam/drivers/udp/udp_device.o
 .text.udd_ctrl_stall_data
                0x00401b50       0x38 src/ASF/sam/drivers/udp/udp_device.o
 .text.udd_ctrl_send_zlp_in
                0x00401b88       0x38 src/ASF/sam/drivers/udp/udp_device.o
 .text.udd_ctrl_endofrequest
                0x00401bc0       0x10 src/ASF/sam/drivers/udp/udp_device.o
 .text.udd_ctrl_in_sent
                0x00401bd0      0x1b8 src/ASF/sam/drivers/udp/udp_device.o
 .text.udd_ep_finish_job
                0x00401d88       0x40 src/ASF/sam/drivers/udp/udp_device.o
 .text.udd_ep_ack_out_received
                0x00401dc8       0xd4 src/ASF/sam/drivers/udp/udp_device.o
 .text.udd_ep_in_sent
                0x00401e9c      0x1b4 src/ASF/sam/drivers/udp/udp_device.o
 .text.UDP_Handler
                0x00402050      0x920 src/ASF/sam/drivers/udp/udp_device.o
                0x00402050                UDP_Handler
 .text.udd_attach
                0x00402970       0x7c src/ASF/sam/drivers/udp/udp_device.o
                0x00402970                udd_attach
 .text.udd_enable
                0x004029ec       0xdc src/ASF/sam/drivers/udp/udp_device.o
                0x004029ec                udd_enable
 .text.udd_is_high_speed
                0x00402ac8        0x4 src/ASF/sam/drivers/udp/udp_device.o
                0x00402ac8                udd_is_high_speed
 .text.udd_set_address
                0x00402acc       0x3c src/ASF/sam/drivers/udp/udp_device.o
                0x00402acc                udd_set_address
 .text.udd_getaddress
                0x00402b08       0x1c src/ASF/sam/drivers/udp/udp_device.o
                0x00402b08                udd_getaddress
 .text.udd_get_frame_number
                0x00402b24       0x10 src/ASF/sam/drivers/udp/udp_device.o
                0x00402b24                udd_get_frame_number
 .text.udd_get_micro_frame_number
                0x00402b34        0x4 src/ASF/sam/drivers/udp/udp_device.o
                0x00402b34                udd_get_micro_frame_number
 .text.udd_set_setup_payload
                0x00402b38        0xc src/ASF/sam/drivers/udp/udp_device.o
                0x00402b38                udd_set_setup_payload
 .text.udd_ep_alloc
                0x00402b44       0xf8 src/ASF/sam/drivers/udp/udp_device.o
                0x00402b44                udd_ep_alloc
 .text.udd_ep_free
                0x00402c3c       0x58 src/ASF/sam/drivers/udp/udp_device.o
                0x00402c3c                udd_ep_free
 .text.udd_ep_is_halted
                0x00402c94       0x40 src/ASF/sam/drivers/udp/udp_device.o
                0x00402c94                udd_ep_is_halted
 .text.udd_ep_set_halt
                0x00402cd4       0xe0 src/ASF/sam/drivers/udp/udp_device.o
                0x00402cd4                udd_ep_set_halt
 .text.udd_ep_clear_halt
                0x00402db4       0xd8 src/ASF/sam/drivers/udp/udp_device.o
                0x00402db4                udd_ep_clear_halt
 .text.udd_ep_run
                0x00402e8c      0x17c src/ASF/sam/drivers/udp/udp_device.o
                0x00402e8c                udd_ep_run
 .text.udd_ep_abort
                0x00403008      0x164 src/ASF/sam/drivers/udp/udp_device.o
                0x00403008                udd_ep_abort
 .text.usart_set_async_baudrate
                0x0040316c       0x58 src/ASF/sam/drivers/usart/usart.o
                0x0040316c                usart_set_async_baudrate
 .text.usart_reset
                0x004031c4       0x30 src/ASF/sam/drivers/usart/usart.o
                0x004031c4                usart_reset
 .text.usart_init_rs232
                0x004031f4       0x54 src/ASF/sam/drivers/usart/usart.o
                0x004031f4                usart_init_rs232
 .text.usart_enable_tx
                0x00403248        0x6 src/ASF/sam/drivers/usart/usart.o
                0x00403248                usart_enable_tx
 .text.usart_disable_tx
                0x0040324e        0x6 src/ASF/sam/drivers/usart/usart.o
                0x0040324e                usart_disable_tx
 .text.usart_enable_rx
                0x00403254        0x6 src/ASF/sam/drivers/usart/usart.o
                0x00403254                usart_enable_rx
 .text.usart_reset_rx
                0x0040325a        0x6 src/ASF/sam/drivers/usart/usart.o
                0x0040325a                usart_reset_rx
 .text.usart_enable_interrupt
                0x00403260        0x4 src/ASF/sam/drivers/usart/usart.o
                0x00403260                usart_enable_interrupt
 .text.usart_disable_interrupt
                0x00403264        0x4 src/ASF/sam/drivers/usart/usart.o
                0x00403264                usart_disable_interrupt
 .text.usart_get_interrupt_mask
                0x00403268        0x4 src/ASF/sam/drivers/usart/usart.o
                0x00403268                usart_get_interrupt_mask
 .text.usart_get_status
                0x0040326c        0x4 src/ASF/sam/drivers/usart/usart.o
                0x0040326c                usart_get_status
 .text.usart_write
                0x00403270       0x14 src/ASF/sam/drivers/usart/usart.o
                0x00403270                usart_write
 .text.usart_read
                0x00403284       0x18 src/ASF/sam/drivers/usart/usart.o
                0x00403284                usart_read
 .text.Dummy_Handler
                0x0040329c        0x2 src/ASF/sam/utils/cmsis/sam3s/source/templates/exceptions.o
                0x0040329c                DACC_Handler
                0x0040329c                DebugMon_Handler
                0x0040329c                HardFault_Handler
                0x0040329c                TC2_Handler
                0x0040329c                SPI_Handler
                0x0040329c                SysTick_Handler
                0x0040329c                TWI1_Handler
                0x0040329c                PendSV_Handler
                0x0040329c                NMI_Handler
                0x0040329c                ADC_Handler
                0x0040329c                SMC_Handler
                0x0040329c                CRCCU_Handler
                0x0040329c                USART0_Handler
                0x0040329c                RTT_Handler
                0x0040329c                RTC_Handler
                0x0040329c                UsageFault_Handler
                0x0040329c                WDT_Handler
                0x0040329c                TC4_Handler
                0x0040329c                TC1_Handler
                0x0040329c                HSMCI_Handler
                0x0040329c                UART1_Handler
                0x0040329c                TC3_Handler
                0x0040329c                Dummy_Handler
                0x0040329c                TWI0_Handler
                0x0040329c                USART1_Handler
                0x0040329c                SSC_Handler
                0x0040329c                ACC_Handler
                0x0040329c                PMC_Handler
                0x0040329c                PWM_Handler
                0x0040329c                MemManage_Handler
                0x0040329c                SUPC_Handler
                0x0040329c                SVC_Handler
                0x0040329c                EFC_Handler
                0x0040329c                BusFault_Handler
                0x0040329c                RSTC_Handler
                0x0040329c                TC0_Handler
                0x0040329c                TC5_Handler
 *fill*         0x0040329e        0x2 
 .text.Reset_Handler
                0x004032a0       0x98 src/ASF/sam/utils/cmsis/sam3s/source/templates/gcc/startup_sam3s.o
                0x004032a0                Reset_Handler
 .text.SystemCoreClockUpdate
                0x00403338      0x110 src/ASF/sam/utils/cmsis/sam3s/source/templates/system_sam3s.o
                0x00403338                SystemCoreClockUpdate
 .text.main     0x00403448       0x98 src/main.o
                0x00403448                main
 .text.main_suspend_action
                0x004034e0        0xc src/main.o
                0x004034e0                main_suspend_action
 .text.main_resume_action
                0x004034ec        0xc src/main.o
                0x004034ec                main_resume_action
 .text.main_sof_action
                0x004034f8       0x20 src/main.o
                0x004034f8                main_sof_action
 .text.main_cdc_enable
                0x00403518       0x18 src/main.o
                0x00403518                main_cdc_enable
 .text.main_cdc_disable
                0x00403530       0x18 src/main.o
                0x00403530                main_cdc_disable
 .text.main_cdc_set_dtr
                0x00403548       0x18 src/main.o
                0x00403548                main_cdc_set_dtr
 .text.UART0_Handler
                0x00403560       0xe4 src/uart_sam.o
                0x00403560                UART0_Handler
 .text.uart_rx_notify
                0x00403644       0x34 src/uart_sam.o
                0x00403644                uart_rx_notify
 .text.uart_config
                0x00403678       0xb8 src/uart_sam.o
                0x00403678                uart_config
 .text.uart_open
                0x00403730       0x60 src/uart_sam.o
                0x00403730                uart_open
 .text.uart_close
                0x00403790       0x18 src/uart_sam.o
                0x00403790                uart_close
 .text.__libc_init_array
                0x004037a8       0x50 c:/program files (x86)/atmel/studio/7.0/toolchain/arm/arm-gnu-toolchain/bin/../lib/gcc/arm-none-eabi/6.2.1/../../../../arm-none-eabi/lib/thumb/v7-m\libc.a(lib_a-init.o)
                0x004037a8                __libc_init_array
 .text.startup.register_fini
                0x004037f8       0x14 c:/program files (x86)/atmel/studio/7.0/toolchain/arm/arm-gnu-toolchain/bin/../lib/gcc/arm-none-eabi/6.2.1/../../../../arm-none-eabi/lib/thumb/v7-m\libc.a(lib_a-__call_atexit.o)
 .text.atexit   0x0040380c        0xc c:/program files (x86)/atmel/studio/7.0/toolchain/arm/arm-gnu-toolchain/bin/../lib/gcc/arm-none-eabi/6.2.1/../../../../arm-none-eabi/lib/thumb/v7-m\libc.a(lib_a-atexit.o)
                0x0040380c                atexit
 .text.__libc_fini_array
                0x00403818       0x34 c:/program files (x86)/atmel/studio/7.0/toolchain/arm/arm-gnu-toolchain/bin/../lib/gcc/arm-none-eabi/6.2.1/../../../../arm-none-eabi/lib/thumb/v7-m\libc.a(lib_a-fini.o)
                0x00403818                __libc_fini_array
 .text.__register_exitproc
                0x0040384c       0xac c:/program files (x86)/atmel/studio/7.0/toolchain/arm/arm-gnu-toolchain/bin/../lib/gcc/arm-none-eabi/6.2.1/../../../../arm-none-eabi/lib/thumb/v7-m\libc.a(lib_a-__atexit.o)
                0x0040384c                __register_exitproc
 *(.glue_7t)
 .glue_7t       0x004038f8        0x0 linker stubs
 *(.glue_7)
 .glue_7        0x004038f8        0x0 linker stubs
 *(.rodata .rodata* .gnu.linkonce.r.*)
 .rodata.LED_DESCRIPTOR
                0x004038f8       0x18 src/ASF/sam/boards/sam3s_ek/led.o
 .rodata._global_impure_ptr
                0x00403910        0x4 c:/program files (x86)/atmel/studio/7.0/toolchain/arm/arm-gnu-toolchain/bin/../lib/gcc/arm-none-eabi/6.2.1/../../../../arm-none-eabi/lib/thumb/v7-m\libc.a(lib_a-impure.o)
                0x00403910                _global_impure_ptr
 *(.ARM.extab* .gnu.linkonce.armextab.*)
                0x00403914                . = ALIGN (0x4)
 *(.init)
 .init          0x00403914        0x4 c:/program files (x86)/atmel/studio/7.0/toolchain/arm/arm-gnu-toolchain/bin/../lib/gcc/arm-none-eabi/6.2.1/thumb/v7-m/crti.o
                0x00403914                _init
 .init          0x00403918        0x8 c:/program files (x86)/atmel/studio/7.0/toolchain/arm/arm-gnu-toolchain/bin/../lib/gcc/arm-none-eabi/6.2.1/thumb/v7-m/crtn.o
                0x00403920                . = ALIGN (0x4)
                0x00403920                __preinit_array_start = .
 *(.preinit_array)
                0x00403920                __preinit_array_end = .
                0x00403920                . = ALIGN (0x4)
                0x00403920                __init_array_start = .
 *(SORT(.init_array.*))
 .init_array.00000
                0x00403920        0x4 c:/program files (x86)/atmel/studio/7.0/toolchain/arm/arm-gnu-toolchain/bin/../lib/gcc/arm-none-eabi/6.2.1/../../../../arm-none-eabi/lib/thumb/v7-m\libc.a(lib_a-__call_atexit.o)
 *(.init_array)
 .init_array    0x00403924        0x4 c:/program files (x86)/atmel/studio/7.0/toolchain/arm/arm-gnu-toolchain/bin/../lib/gcc/arm-none-eabi/6.2.1/thumb/v7-m/crtbegin.o
                0x00403928                __init_array_end = .
                0x00403928                . = ALIGN (0x4)
 *crtbegin.o(.ctors)
 *(EXCLUDE_FILE(*crtend.o) .ctors)
 *(SORT(.ctors.*))
 *crtend.o(.ctors)
                0x00403928                . = ALIGN (0x4)
 *(.fini)
 .fini          0x00403928        0x4 c:/program files (x86)/atmel/studio/7.0/toolchain/arm/arm-gnu-toolchain/bin/../lib/gcc/arm-none-eabi/6.2.1/thumb/v7-m/crti.o
                0x00403928                _fini
 .fini          0x0040392c        0x8 c:/program files (x86)/atmel/studio/7.0/toolchain/arm/arm-gnu-toolchain/bin/../lib/gcc/arm-none-eabi/6.2.1/thumb/v7-m/crtn.o
                0x00403934                . = ALIGN (0x4)
                0x00403934                __fini_array_start = .
 *(.fini_array)
 .fini_array    0x00403934        0x4 c:/program files (x86)/atmel/studio/7.0/toolchain/arm/arm-gnu-toolchain/bin/../lib/gcc/arm-none-eabi/6.2.1/thumb/v7-m/crtbegin.o
 *(SORT(.fini_array.*))
                0x00403938                __fini_array_end = .
 *crtbegin.o(.dtors)
 *(EXCLUDE_FILE(*crtend.o) .dtors)
 *(SORT(.dtors.*))
 *crtend.o(.dtors)
                0x00403938                . = ALIGN (0x4)
                0x00403938                _efixed = .
                [!provide]                PROVIDE (__exidx_start, .)

.vfp11_veneer   0x00403938        0x0
 .vfp11_veneer  0x00403938        0x0 linker stubs

.v4_bx          0x00403938        0x0
 .v4_bx         0x00403938        0x0 linker stubs

.iplt           0x00403938        0x0
 .iplt          0x00403938        0x0 c:/program files (x86)/atmel/studio/7.0/toolchain/arm/arm-gnu-toolchain/bin/../lib/gcc/arm-none-eabi/6.2.1/thumb/v7-m/crtbegin.o

.eh_frame       0x00403938        0x0
 .eh_frame      0x00403938        0x0 c:/program files (x86)/atmel/studio/7.0/toolchain/arm/arm-gnu-toolchain/bin/../lib/gcc/arm-none-eabi/6.2.1/thumb/v7-m/crtbegin.o

.rel.dyn        0x00403938        0x0
 .rel.iplt      0x00403938        0x0 c:/program files (x86)/atmel/studio/7.0/toolchain/arm/arm-gnu-toolchain/bin/../lib/gcc/arm-none-eabi/6.2.1/thumb/v7-m/crtbegin.o

.jcr            0x00403938        0x0
 .jcr           0x00403938        0x0 c:/program files (x86)/atmel/studio/7.0/toolchain/arm/arm-gnu-toolchain/bin/../lib/gcc/arm-none-eabi/6.2.1/thumb/v7-m/crtbegin.o

.igot.plt       0x00403938        0x0
 .igot.plt      0x00403938        0x0 c:/program files (x86)/atmel/studio/7.0/toolchain/arm/arm-gnu-toolchain/bin/../lib/gcc/arm-none-eabi/6.2.1/thumb/v7-m/crtbegin.o

.ARM.exidx
 *(.ARM.exidx* .gnu.linkonce.armexidx.*)
                [!provide]                PROVIDE (__exidx_end, .)
                0x00403938                . = ALIGN (0x4)
                0x00403938                _etext = .

.relocate       0x20000000      0x5f0 load address 0x00403938
                0x20000000                . = ALIGN (0x4)
                0x20000000                _srelocate = .
 *(.ramfunc .ramfunc.*)
 .ramfunc       0x20000000       0xe4 src/ASF/sam/utils/cmsis/sam3s/source/templates/system_sam3s.o
                0x20000000                SystemInit
                0x200000a0                system_init_flash
 *(.data .data.*)
 .data.udi_api_cdc_comm
                0x200000e4       0x14 src/ASF/common/services/usb/class/cdc/device/udi_cdc.o
                0x200000e4                udi_api_cdc_comm
 .data.udi_api_cdc_data
                0x200000f8       0x14 src/ASF/common/services/usb/class/cdc/device/udi_cdc.o
                0x200000f8                udi_api_cdc_data
 .data.udc_config
                0x2000010c        0xc src/ASF/common/services/usb/class/cdc/device/udi_cdc_desc.o
                0x2000010c                udc_config
 .data.udc_config_fs
                0x20000118        0x8 src/ASF/common/services/usb/class/cdc/device/udi_cdc_desc.o
                0x20000118                udc_config_fs
 .data.udc_desc_fs
                0x20000120       0x43 src/ASF/common/services/usb/class/cdc/device/udi_cdc_desc.o
                0x20000120                udc_desc_fs
 *fill*         0x20000163        0x1 
 .data.udc_device_desc
                0x20000164       0x12 src/ASF/common/services/usb/class/cdc/device/udi_cdc_desc.o
                0x20000164                udc_device_desc
 *fill*         0x20000176        0x2 
 .data.udi_apis
                0x20000178        0x8 src/ASF/common/services/usb/class/cdc/device/udi_cdc_desc.o
                0x20000178                udi_apis
 .data.udc_string_desc
                0x20000180       0x20 src/ASF/common/services/usb/udc/udc.o
 .data.udc_string_desc_languageid
                0x200001a0        0x4 src/ASF/common/services/usb/udc/udc.o
 .data.udc_string_manufacturer_name
                0x200001a4        0xa src/ASF/common/services/usb/udc/udc.o
 *fill*         0x200001ae        0x2 
 .data.udc_string_product_name
                0x200001b0       0x10 src/ASF/common/services/usb/udc/udc.o
 .data.g_interrupt_enabled
                0x200001c0        0x1 src/ASF/common/utils/interrupt/interrupt_sam_nvic.o
                0x200001c0                g_interrupt_enabled
 *fill*         0x200001c1        0x3 
 .data.SystemCoreClock
                0x200001c4        0x4 src/ASF/sam/utils/cmsis/sam3s/source/templates/system_sam3s.o
                0x200001c4                SystemCoreClock
 .data.impure_data
                0x200001c8      0x428 c:/program files (x86)/atmel/studio/7.0/toolchain/arm/arm-gnu-toolchain/bin/../lib/gcc/arm-none-eabi/6.2.1/../../../../arm-none-eabi/lib/thumb/v7-m\libc.a(lib_a-impure.o)
                0x200005f0                . = ALIGN (0x4)
                0x200005f0                _erelocate = .

.bss            0x200005f0      0x27c load address 0x00403f28
                0x200005f0                . = ALIGN (0x4)
                0x200005f0                _sbss = .
                0x200005f0                _szero = .
 *(.bss .bss.*)
 .bss           0x200005f0       0x1c c:/program files (x86)/atmel/studio/7.0/toolchain/arm/arm-gnu-toolchain/bin/../lib/gcc/arm-none-eabi/6.2.1/thumb/v7-m/crtbegin.o
 .bss.sof_zlp_counter.7738
                0x2000060c        0x2 src/ASF/common/services/usb/class/cdc/device/udi_cdc.o
 .bss.udi_cdc_data_running
                0x2000060e        0x1 src/ASF/common/services/usb/class/cdc/device/udi_cdc.o
 *fill*         0x2000060f        0x1 
 .bss.udi_cdc_line_coding
                0x20000610        0x7 src/ASF/common/services/usb/class/cdc/device/udi_cdc.o
 .bss.udi_cdc_nb_comm_enabled
                0x20000617        0x1 src/ASF/common/services/usb/class/cdc/device/udi_cdc.o
 .bss.udi_cdc_nb_data_enabled
                0x20000618        0x1 src/ASF/common/services/usb/class/cdc/device/udi_cdc.o
 *fill*         0x20000619        0x3 
 .bss.udi_cdc_rx_buf
                0x2000061c       0x80 src/ASF/common/services/usb/class/cdc/device/udi_cdc.o
 .bss.udi_cdc_rx_buf_nb
                0x2000069c        0x4 src/ASF/common/services/usb/class/cdc/device/udi_cdc.o
 .bss.udi_cdc_rx_buf_sel
                0x200006a0        0x1 src/ASF/common/services/usb/class/cdc/device/udi_cdc.o
 *fill*         0x200006a1        0x3 
 .bss.udi_cdc_rx_pos
                0x200006a4        0x2 src/ASF/common/services/usb/class/cdc/device/udi_cdc.o
 *fill*         0x200006a6        0x2 
 .bss.udi_cdc_rx_trans_ongoing
                0x200006a8        0x1 src/ASF/common/services/usb/class/cdc/device/udi_cdc.o
 *fill*         0x200006a9        0x3 
 .bss.udi_cdc_serial_state_msg_ongoing
                0x200006ac        0x1 src/ASF/common/services/usb/class/cdc/device/udi_cdc.o
 *fill*         0x200006ad        0x3 
 .bss.udi_cdc_state
                0x200006b0        0x2 src/ASF/common/services/usb/class/cdc/device/udi_cdc.o
 *fill*         0x200006b2        0x2 
 .bss.udi_cdc_tx_both_buf_to_send
                0x200006b4        0x1 src/ASF/common/services/usb/class/cdc/device/udi_cdc.o
 *fill*         0x200006b5        0x3 
 .bss.udi_cdc_tx_buf
                0x200006b8       0x80 src/ASF/common/services/usb/class/cdc/device/udi_cdc.o
 .bss.udi_cdc_tx_buf_nb
                0x20000738        0x4 src/ASF/common/services/usb/class/cdc/device/udi_cdc.o
 .bss.udi_cdc_tx_buf_sel
                0x2000073c        0x1 src/ASF/common/services/usb/class/cdc/device/udi_cdc.o
 *fill*         0x2000073d        0x3 
 .bss.udi_cdc_tx_sof_num
                0x20000740        0x2 src/ASF/common/services/usb/class/cdc/device/udi_cdc.o
 *fill*         0x20000742        0x2 
 .bss.udi_cdc_tx_trans_ongoing
                0x20000744        0x1 src/ASF/common/services/usb/class/cdc/device/udi_cdc.o
 *fill*         0x20000745        0x3 
 .bss.uid_cdc_state_msg
                0x20000748        0xa src/ASF/common/services/usb/class/cdc/device/udi_cdc.o
 .bss.udc_device_status
                0x20000752        0x2 src/ASF/common/services/usb/udc/udc.o
 .bss.udc_ep_status.7385
                0x20000754        0x2 src/ASF/common/services/usb/udc/udc.o
 *fill*         0x20000756        0x2 
 .bss.udc_iface_setting
                0x20000758        0x1 src/ASF/common/services/usb/udc/udc.o
 *fill*         0x20000759        0x3 
 .bss.udc_num_configuration
                0x2000075c        0x1 src/ASF/common/services/usb/udc/udc.o
 *fill*         0x2000075d        0x3 
 .bss.udc_ptr_conf
                0x20000760        0x4 src/ASF/common/services/usb/udc/udc.o
 .bss.udc_ptr_iface
                0x20000764        0x4 src/ASF/common/services/usb/udc/udc.o
 .bss.gs_interrupt_sources
                0x20000768       0x70 src/ASF/sam/drivers/pio/pio_handler.o
 .bss.pio_capture_handler
                0x200007d8        0x4 src/ASF/sam/drivers/pio/pio_handler.o
 .bss.b_is_sleep_clock_used
                0x200007dc        0x1 src/ASF/sam/drivers/pmc/sleep.o
 *fill*         0x200007dd        0x3 
 .bss.callback_clocks_restored
                0x200007e0        0x4 src/ASF/sam/drivers/pmc/sleep.o
 .bss.b_shortpacket.8441
                0x200007e4        0x1 src/ASF/sam/drivers/udp/udp_device.o
 .bss.udd_b_idle
                0x200007e5        0x1 src/ASF/sam/drivers/udp/udp_device.o
 .bss.udd_ctrl_payload_nb_trans
                0x200007e6        0x2 src/ASF/sam/drivers/udp/udp_device.o
 .bss.udd_ctrl_prev_payload_nb_trans
                0x200007e8        0x2 src/ASF/sam/drivers/udp/udp_device.o
 .bss.udd_ep_control_state
                0x200007ea        0x1 src/ASF/sam/drivers/udp/udp_device.o
 *fill*         0x200007eb        0x1 
 .bss.udd_ep_job
                0x200007ec       0x3c src/ASF/sam/drivers/udp/udp_device.o
 .bss.ul_reg_val.7151
                0x20000828        0x4 src/ASF/sam/drivers/usart/usart.o
 .bss.main_b_cdc_enable
                0x2000082c        0x1 src/main.o
 *fill*         0x2000082d        0x3 
 .bss.usart_options
                0x20000830       0x18 src/uart_sam.o
 *(COMMON)
 COMMON         0x20000848        0x6 src/ASF/common/services/sleepmgr/sam/sleepmgr.o
                0x20000848                sleepmgr_locks
 *fill*         0x2000084e        0x2 
 COMMON         0x20000850        0x4 src/ASF/sam/drivers/pio/pio.o
                0x20000850                pio_capture_enable_flag
 COMMON         0x20000854       0x18 src/ASF/sam/drivers/udp/udp_device.o
                0x20000854                udd_g_ctrlreq
                0x2000086c                . = ALIGN (0x4)
                0x2000086c                _ebss = .
                0x2000086c                _ezero = .

.stack          0x2000086c     0x2004 load address 0x004041a4
                0x20000870                . = ALIGN (0x8)
 *fill*         0x2000086c        0x4 
                0x20000870                _sstack = .
                0x20002870                . = (. + __stack_size__)
 *fill*         0x20000870     0x2000 
                0x20002870                . = ALIGN (0x8)
                0x20002870                _estack = .
                0x20002870                . = ALIGN (0x4)
                0x20002870                _end = .
OUTPUT(DEVICE_EXAMPLE1.elf elf32-littlearm)

.ARM.attributes
                0x00000000       0x29
 .ARM.attributes
                0x00000000       0x1d c:/program files (x86)/atmel/studio/7.0/toolchain/arm/arm-gnu-toolchain/bin/../lib/gcc/arm-none-eabi/6.2.1/thumb/v7-m/crti.o
 .ARM.attributes
                0x0000001d       0x2d c:/program files (x86)/atmel/studio/7.0/toolchain/arm/arm-gnu-toolchain/bin/../lib/gcc/arm-none-eabi/6.2.1/thumb/v7-m/crtbegin.o
 .ARM.attributes
                0x0000004a       0x33 src/ASF/common/services/usb/class/cdc/device/example/sam3s4c_sam3s_ek/ui.o
 .ARM.attributes
                0x0000007d       0x33 src/ASF/common/services/clock/sam3s/sysclk.o
 .ARM.attributes
                0x000000b0       0x33 src/ASF/common/services/sleepmgr/sam/sleepmgr.o
 .ARM.attributes
                0x000000e3       0x33 src/ASF/common/services/usb/class/cdc/device/udi_cdc.o
 .ARM.attributes
                0x00000116       0x33 src/ASF/common/services/usb/class/cdc/device/udi_cdc_desc.o
 .ARM.attributes
                0x00000149       0x33 src/ASF/common/services/usb/udc/udc.o
 .ARM.attributes
                0x0000017c       0x33 src/ASF/common/utils/interrupt/interrupt_sam_nvic.o
 .ARM.attributes
                0x000001af       0x33 src/ASF/sam/boards/sam3s_ek/init.o
 .ARM.attributes
                0x000001e2       0x33 src/ASF/sam/boards/sam3s_ek/led.o
 .ARM.attributes
                0x00000215       0x33 src/ASF/sam/drivers/pio/pio.o
 .ARM.attributes
                0x00000248       0x33 src/ASF/sam/drivers/pio/pio_handler.o
 .ARM.attributes
                0x0000027b       0x33 src/ASF/sam/drivers/pmc/pmc.o
 .ARM.attributes
                0x000002ae       0x33 src/ASF/sam/drivers/pmc/sleep.o
 .ARM.attributes
                0x000002e1       0x33 src/ASF/sam/drivers/udp/udp_device.o
 .ARM.attributes
                0x00000314       0x33 src/ASF/sam/drivers/usart/usart.o
 .ARM.attributes
                0x00000347       0x33 src/ASF/sam/utils/cmsis/sam3s/source/templates/exceptions.o
 .ARM.attributes
                0x0000037a       0x33 src/ASF/sam/utils/cmsis/sam3s/source/templates/gcc/startup_sam3s.o
 .ARM.attributes
                0x000003ad       0x33 src/ASF/sam/utils/cmsis/sam3s/source/templates/system_sam3s.o
 .ARM.attributes
                0x000003e0       0x33 src/main.o
 .ARM.attributes
                0x00000413       0x33 src/uart_sam.o
 .ARM.attributes
                0x00000446       0x2d c:/program files (x86)/atmel/studio/7.0/toolchain/arm/arm-gnu-toolchain/bin/../lib/gcc/arm-none-eabi/6.2.1/../../../../arm-none-eabi/lib/thumb/v7-m\libc.a(lib_a-impure.o)
 .ARM.attributes
                0x00000473       0x2d c:/program files (x86)/atmel/studio/7.0/toolchain/arm/arm-gnu-toolchain/bin/../lib/gcc/arm-none-eabi/6.2.1/../../../../arm-none-eabi/lib/thumb/v7-m\libc.a(lib_a-init.o)
 .ARM.attributes
                0x000004a0       0x2d c:/program files (x86)/atmel/studio/7.0/toolchain/arm/arm-gnu-toolchain/bin/../lib/gcc/arm-none-eabi/6.2.1/../../../../arm-none-eabi/lib/thumb/v7-m\libc.a(lib_a-__call_atexit.o)
 .ARM.attributes
                0x000004cd       0x2d c:/program files (x86)/atmel/studio/7.0/toolchain/arm/arm-gnu-toolchain/bin/../lib/gcc/arm-none-eabi/6.2.1/../../../../arm-none-eabi/lib/thumb/v7-m\libc.a(lib_a-atexit.o)
 .ARM.attributes
                0x000004fa       0x2d c:/program files (x86)/atmel/studio/7.0/toolchain/arm/arm-gnu-toolchain/bin/../lib/gcc/arm-none-eabi/6.2.1/../../../../arm-none-eabi/lib/thumb/v7-m\libc.a(lib_a-fini.o)
 .ARM.attributes
                0x00000527       0x2d c:/program files (x86)/atmel/studio/7.0/toolchain/arm/arm-gnu-toolchain/bin/../lib/gcc/arm-none-eabi/6.2.1/../../../../arm-none-eabi/lib/thumb/v7-m\libc.a(lib_a-__atexit.o)
 .ARM.attributes
                0x00000554       0x1d c:/program files (x86)/atmel/studio/7.0/toolchain/arm/arm-gnu-toolchain/bin/../lib/gcc/arm-none-eabi/6.2.1/thumb/v7-m/crtn.o

.comment        0x00000000       0x59
 .comment       0x00000000       0x59 src/ASF/common/services/usb/class/cdc/device/example/sam3s4c_sam3s_ek/ui.o
                                 0x5a (size before relaxing)
 .comment       0x00000059       0x5a src/ASF/common/services/clock/sam3s/sysclk.o
 .comment       0x00000059       0x5a src/ASF/common/services/sleepmgr/sam/sleepmgr.o
 .comment       0x00000059       0x5a src/ASF/common/services/usb/class/cdc/device/udi_cdc.o
 .comment       0x00000059       0x5a src/ASF/common/services/usb/class/cdc/device/udi_cdc_desc.o
 .comment       0x00000059       0x5a src/ASF/common/services/usb/udc/udc.o
 .comment       0x00000059       0x5a src/ASF/common/utils/interrupt/interrupt_sam_nvic.o
 .comment       0x00000059       0x5a src/ASF/sam/boards/sam3s_ek/init.o
 .comment       0x00000059       0x5a src/ASF/sam/boards/sam3s_ek/led.o
 .comment       0x00000059       0x5a src/ASF/sam/drivers/pio/pio.o
 .comment       0x00000059       0x5a src/ASF/sam/drivers/pio/pio_handler.o
 .comment       0x00000059       0x5a src/ASF/sam/drivers/pmc/pmc.o
 .comment       0x00000059       0x5a src/ASF/sam/drivers/pmc/sleep.o
 .comment       0x00000059       0x5a src/ASF/sam/drivers/udp/udp_device.o
 .comment       0x00000059       0x5a src/ASF/sam/drivers/usart/usart.o
 .comment       0x00000059       0x5a src/ASF/sam/utils/cmsis/sam3s/source/templates/exceptions.o
 .comment       0x00000059       0x5a src/ASF/sam/utils/cmsis/sam3s/source/templates/gcc/startup_sam3s.o
 .comment       0x00000059       0x5a src/ASF/sam/utils/cmsis/sam3s/source/templates/system_sam3s.o
 .comment       0x00000059       0x5a src/main.o
 .comment       0x00000059       0x5a src/uart_sam.o

.debug_info     0x00000000    0x1bfb8
 .debug_info    0x00000000     0x1023 src/ASF/common/services/usb/class/cdc/device/example/sam3s4c_sam3s_ek/ui.o
 .debug_info    0x00001023     0x12dc src/ASF/common/services/clock/sam3s/sysclk.o
 .debug_info    0x000022ff      0xa82 src/ASF/common/services/sleepmgr/sam/sleepmgr.o
 .debug_info    0x00002d81     0x29c4 src/ASF/common/services/usb/class/cdc/device/udi_cdc.o
 .debug_info    0x00005745     0x1240 src/ASF/common/services/usb/class/cdc/device/udi_cdc_desc.o
 .debug_info    0x00006985     0x1a69 src/ASF/common/services/usb/udc/udc.o
 .debug_info    0x000083ee      0xaf5 src/ASF/common/utils/interrupt/interrupt_sam_nvic.o
 .debug_info    0x00008ee3     0x117a src/ASF/sam/boards/sam3s_ek/init.o
 .debug_info    0x0000a05d      0xb35 src/ASF/sam/boards/sam3s_ek/led.o
 .debug_info    0x0000ab92     0x2232 src/ASF/sam/drivers/pio/pio.o
 .debug_info    0x0000cdc4     0x191b src/ASF/sam/drivers/pio/pio_handler.o
 .debug_info    0x0000e6df     0x1a33 src/ASF/sam/drivers/pmc/pmc.o
 .debug_info    0x00010112     0x1338 src/ASF/sam/drivers/pmc/sleep.o
 .debug_info    0x0001144a     0x363c src/ASF/sam/drivers/udp/udp_device.o
 .debug_info    0x00014a86     0x207a src/ASF/sam/drivers/usart/usart.o
 .debug_info    0x00016b00      0xa2d src/ASF/sam/utils/cmsis/sam3s/source/templates/exceptions.o
 .debug_info    0x0001752d      0xd0f src/ASF/sam/utils/cmsis/sam3s/source/templates/gcc/startup_sam3s.o
 .debug_info    0x0001823c      0xdca src/ASF/sam/utils/cmsis/sam3s/source/templates/system_sam3s.o
 .debug_info    0x00019006     0x121f src/main.o
 .debug_info    0x0001a225     0x1d93 src/uart_sam.o

.debug_abbrev   0x00000000     0x3acc
 .debug_abbrev  0x00000000      0x211 src/ASF/common/services/usb/class/cdc/device/example/sam3s4c_sam3s_ek/ui.o
 .debug_abbrev  0x00000211      0x333 src/ASF/common/services/clock/sam3s/sysclk.o
 .debug_abbrev  0x00000544      0x1b2 src/ASF/common/services/sleepmgr/sam/sleepmgr.o
 .debug_abbrev  0x000006f6      0x457 src/ASF/common/services/usb/class/cdc/device/udi_cdc.o
 .debug_abbrev  0x00000b4d      0x1d8 src/ASF/common/services/usb/class/cdc/device/udi_cdc_desc.o
 .debug_abbrev  0x00000d25      0x40f src/ASF/common/services/usb/udc/udc.o
 .debug_abbrev  0x00001134      0x212 src/ASF/common/utils/interrupt/interrupt_sam_nvic.o
 .debug_abbrev  0x00001346      0x26f src/ASF/sam/boards/sam3s_ek/init.o
 .debug_abbrev  0x000015b5      0x1f8 src/ASF/sam/boards/sam3s_ek/led.o
 .debug_abbrev  0x000017ad      0x3ff src/ASF/sam/drivers/pio/pio.o
 .debug_abbrev  0x00001bac      0x368 src/ASF/sam/drivers/pio/pio_handler.o
 .debug_abbrev  0x00001f14      0x306 src/ASF/sam/drivers/pmc/pmc.o
 .debug_abbrev  0x0000221a      0x305 src/ASF/sam/drivers/pmc/sleep.o
 .debug_abbrev  0x0000251f      0x5f4 src/ASF/sam/drivers/udp/udp_device.o
 .debug_abbrev  0x00002b13      0x406 src/ASF/sam/drivers/usart/usart.o
 .debug_abbrev  0x00002f19      0x1a4 src/ASF/sam/utils/cmsis/sam3s/source/templates/exceptions.o
 .debug_abbrev  0x000030bd      0x1f2 src/ASF/sam/utils/cmsis/sam3s/source/templates/gcc/startup_sam3s.o
 .debug_abbrev  0x000032af      0x1f4 src/ASF/sam/utils/cmsis/sam3s/source/templates/system_sam3s.o
 .debug_abbrev  0x000034a3      0x305 src/main.o
 .debug_abbrev  0x000037a8      0x324 src/uart_sam.o

.debug_loc      0x00000000     0x6dc5
 .debug_loc     0x00000000      0x155 src/ASF/common/services/usb/class/cdc/device/example/sam3s4c_sam3s_ek/ui.o
 .debug_loc     0x00000155      0x1d9 src/ASF/common/services/clock/sam3s/sysclk.o
 .debug_loc     0x0000032e     0x1259 src/ASF/common/services/usb/class/cdc/device/udi_cdc.o
 .debug_loc     0x00001587      0x529 src/ASF/common/services/usb/udc/udc.o
 .debug_loc     0x00001ab0       0x5c src/ASF/sam/boards/sam3s_ek/init.o
 .debug_loc     0x00001b0c       0xc0 src/ASF/sam/boards/sam3s_ek/led.o
 .debug_loc     0x00001bcc      0xdef src/ASF/sam/drivers/pio/pio.o
 .debug_loc     0x000029bb      0x549 src/ASF/sam/drivers/pio/pio_handler.o
 .debug_loc     0x00002f04      0xb7a src/ASF/sam/drivers/pmc/pmc.o
 .debug_loc     0x00003a7e      0x3c5 src/ASF/sam/drivers/pmc/sleep.o
 .debug_loc     0x00003e43     0x1b71 src/ASF/sam/drivers/udp/udp_device.o
 .debug_loc     0x000059b4      0xe59 src/ASF/sam/drivers/usart/usart.o
 .debug_loc     0x0000680d       0x6b src/ASF/sam/utils/cmsis/sam3s/source/templates/gcc/startup_sam3s.o
 .debug_loc     0x00006878      0x243 src/main.o
 .debug_loc     0x00006abb      0x30a src/uart_sam.o

.debug_aranges  0x00000000      0xb80
 .debug_aranges
                0x00000000       0x78 src/ASF/common/services/usb/class/cdc/device/example/sam3s4c_sam3s_ek/ui.o
 .debug_aranges
                0x00000078       0x40 src/ASF/common/services/clock/sam3s/sysclk.o
 .debug_aranges
                0x000000b8       0x18 src/ASF/common/services/sleepmgr/sam/sleepmgr.o
 .debug_aranges
                0x000000d0      0x170 src/ASF/common/services/usb/class/cdc/device/udi_cdc.o
 .debug_aranges
                0x00000240       0x18 src/ASF/common/services/usb/class/cdc/device/udi_cdc_desc.o
 .debug_aranges
                0x00000258       0x70 src/ASF/common/services/usb/udc/udc.o
 .debug_aranges
                0x000002c8       0x28 src/ASF/common/utils/interrupt/interrupt_sam_nvic.o
 .debug_aranges
                0x000002f0       0x20 src/ASF/sam/boards/sam3s_ek/init.o
 .debug_aranges
                0x00000310       0x28 src/ASF/sam/boards/sam3s_ek/led.o
 .debug_aranges
                0x00000338      0x1a8 src/ASF/sam/drivers/pio/pio.o
 .debug_aranges
                0x000004e0       0x58 src/ASF/sam/drivers/pio/pio_handler.o
 .debug_aranges
                0x00000538      0x200 src/ASF/sam/drivers/pmc/pmc.o
 .debug_aranges
                0x00000738       0x30 src/ASF/sam/drivers/pmc/sleep.o
 .debug_aranges
                0x00000768      0x108 src/ASF/sam/drivers/udp/udp_device.o
 .debug_aranges
                0x00000870      0x210 src/ASF/sam/drivers/usart/usart.o
 .debug_aranges
                0x00000a80       0x20 src/ASF/sam/utils/cmsis/sam3s/source/templates/exceptions.o
 .debug_aranges
                0x00000aa0       0x20 src/ASF/sam/utils/cmsis/sam3s/source/templates/gcc/startup_sam3s.o
 .debug_aranges
                0x00000ac0       0x30 src/ASF/sam/utils/cmsis/sam3s/source/templates/system_sam3s.o
 .debug_aranges
                0x00000af0       0x50 src/main.o
 .debug_aranges
                0x00000b40       0x40 src/uart_sam.o

.debug_ranges   0x00000000      0xbd0
 .debug_ranges  0x00000000       0x68 src/ASF/common/services/usb/class/cdc/device/example/sam3s4c_sam3s_ek/ui.o
 .debug_ranges  0x00000068       0x30 src/ASF/common/services/clock/sam3s/sysclk.o
 .debug_ranges  0x00000098      0x1a8 src/ASF/common/services/usb/class/cdc/device/udi_cdc.o
 .debug_ranges  0x00000240       0xc8 src/ASF/common/services/usb/udc/udc.o
 .debug_ranges  0x00000308       0x18 src/ASF/common/utils/interrupt/interrupt_sam_nvic.o
 .debug_ranges  0x00000320       0x10 src/ASF/sam/boards/sam3s_ek/init.o
 .debug_ranges  0x00000330       0x18 src/ASF/sam/boards/sam3s_ek/led.o
 .debug_ranges  0x00000348      0x1b0 src/ASF/sam/drivers/pio/pio.o
 .debug_ranges  0x000004f8       0x60 src/ASF/sam/drivers/pio/pio_handler.o
 .debug_ranges  0x00000558      0x1f0 src/ASF/sam/drivers/pmc/pmc.o
 .debug_ranges  0x00000748       0x50 src/ASF/sam/drivers/pmc/sleep.o
 .debug_ranges  0x00000798      0x158 src/ASF/sam/drivers/udp/udp_device.o
 .debug_ranges  0x000008f0      0x200 src/ASF/sam/drivers/usart/usart.o
 .debug_ranges  0x00000af0       0x10 src/ASF/sam/utils/cmsis/sam3s/source/templates/exceptions.o
 .debug_ranges  0x00000b00       0x10 src/ASF/sam/utils/cmsis/sam3s/source/templates/gcc/startup_sam3s.o
 .debug_ranges  0x00000b10       0x20 src/ASF/sam/utils/cmsis/sam3s/source/templates/system_sam3s.o
 .debug_ranges  0x00000b30       0x70 src/main.o
 .debug_ranges  0x00000ba0       0x30 src/uart_sam.o

.debug_macro    0x00000000    0x16d7e
 .debug_macro   0x00000000      0x6d0 src/ASF/common/services/usb/class/cdc/device/example/sam3s4c_sam3s_ek/ui.o
 .debug_macro   0x000006d0      0x8ce src/ASF/common/services/usb/class/cdc/device/example/sam3s4c_sam3s_ek/ui.o
 .debug_macro   0x00000f9e      0x16d src/ASF/common/services/usb/class/cdc/device/example/sam3s4c_sam3s_ek/ui.o
 .debug_macro   0x0000110b      0x64b src/ASF/common/services/usb/class/cdc/device/example/sam3s4c_sam3s_ek/ui.o
 .debug_macro   0x00001756       0x76 src/ASF/common/services/usb/class/cdc/device/example/sam3s4c_sam3s_ek/ui.o
 .debug_macro   0x000017cc       0x16 src/ASF/common/services/usb/class/cdc/device/example/sam3s4c_sam3s_ek/ui.o
 .debug_macro   0x000017e2      0x6e4 src/ASF/common/services/usb/class/cdc/device/example/sam3s4c_sam3s_ek/ui.o
 .debug_macro   0x00001ec6       0x22 src/ASF/common/services/usb/class/cdc/device/example/sam3s4c_sam3s_ek/ui.o
 .debug_macro   0x00001ee8       0x87 src/ASF/common/services/usb/class/cdc/device/example/sam3s4c_sam3s_ek/ui.o
 .debug_macro   0x00001f6f       0x51 src/ASF/common/services/usb/class/cdc/device/example/sam3s4c_sam3s_ek/ui.o
 .debug_macro   0x00001fc0       0xef src/ASF/common/services/usb/class/cdc/device/example/sam3s4c_sam3s_ek/ui.o
 .debug_macro   0x000020af       0x6a src/ASF/common/services/usb/class/cdc/device/example/sam3s4c_sam3s_ek/ui.o
 .debug_macro   0x00002119      0x1df src/ASF/common/services/usb/class/cdc/device/example/sam3s4c_sam3s_ek/ui.o
 .debug_macro   0x000022f8       0x20 src/ASF/common/services/usb/class/cdc/device/example/sam3s4c_sam3s_ek/ui.o
 .debug_macro   0x00002318       0x3a src/ASF/common/services/usb/class/cdc/device/example/sam3s4c_sam3s_ek/ui.o
 .debug_macro   0x00002352       0x2d src/ASF/common/services/usb/class/cdc/device/example/sam3s4c_sam3s_ek/ui.o
 .debug_macro   0x0000237f      0xbb1 src/ASF/common/services/usb/class/cdc/device/example/sam3s4c_sam3s_ek/ui.o
 .debug_macro   0x00002f30      0x159 src/ASF/common/services/usb/class/cdc/device/example/sam3s4c_sam3s_ek/ui.o
 .debug_macro   0x00003089      0xaa1 src/ASF/common/services/usb/class/cdc/device/example/sam3s4c_sam3s_ek/ui.o
 .debug_macro   0x00003b2a      0x2b5 src/ASF/common/services/usb/class/cdc/device/example/sam3s4c_sam3s_ek/ui.o
 .debug_macro   0x00003ddf       0xac src/ASF/common/services/usb/class/cdc/device/example/sam3s4c_sam3s_ek/ui.o
 .debug_macro   0x00003e8b      0x31a src/ASF/common/services/usb/class/cdc/device/example/sam3s4c_sam3s_ek/ui.o
 .debug_macro   0x000041a5       0x82 src/ASF/common/services/usb/class/cdc/device/example/sam3s4c_sam3s_ek/ui.o
 .debug_macro   0x00004227       0x1c src/ASF/common/services/usb/class/cdc/device/example/sam3s4c_sam3s_ek/ui.o
 .debug_macro   0x00004243      0x769 src/ASF/common/services/usb/class/cdc/device/example/sam3s4c_sam3s_ek/ui.o
 .debug_macro   0x000049ac      0x2d2 src/ASF/common/services/usb/class/cdc/device/example/sam3s4c_sam3s_ek/ui.o
 .debug_macro   0x00004c7e       0xbe src/ASF/common/services/usb/class/cdc/device/example/sam3s4c_sam3s_ek/ui.o
 .debug_macro   0x00004d3c     0x280b src/ASF/common/services/usb/class/cdc/device/example/sam3s4c_sam3s_ek/ui.o
 .debug_macro   0x00007547      0x793 src/ASF/common/services/usb/class/cdc/device/example/sam3s4c_sam3s_ek/ui.o
 .debug_macro   0x00007cda      0xa80 src/ASF/common/services/usb/class/cdc/device/example/sam3s4c_sam3s_ek/ui.o
 .debug_macro   0x0000875a       0x7c src/ASF/common/services/usb/class/cdc/device/example/sam3s4c_sam3s_ek/ui.o
 .debug_macro   0x000087d6      0x245 src/ASF/common/services/usb/class/cdc/device/example/sam3s4c_sam3s_ek/ui.o
 .debug_macro   0x00008a1b       0x58 src/ASF/common/services/usb/class/cdc/device/example/sam3s4c_sam3s_ek/ui.o
 .debug_macro   0x00008a73      0x1d0 src/ASF/common/services/usb/class/cdc/device/example/sam3s4c_sam3s_ek/ui.o
 .debug_macro   0x00008c43      0x394 src/ASF/common/services/usb/class/cdc/device/example/sam3s4c_sam3s_ek/ui.o
 .debug_macro   0x00008fd7      0x62b src/ASF/common/services/usb/class/cdc/device/example/sam3s4c_sam3s_ek/ui.o
 .debug_macro   0x00009602      0x64a src/ASF/common/services/usb/class/cdc/device/example/sam3s4c_sam3s_ek/ui.o
 .debug_macro   0x00009c4c      0x59f src/ASF/common/services/usb/class/cdc/device/example/sam3s4c_sam3s_ek/ui.o
 .debug_macro   0x0000a1eb      0x34d src/ASF/common/services/usb/class/cdc/device/example/sam3s4c_sam3s_ek/ui.o
 .debug_macro   0x0000a538      0x28c src/ASF/common/services/usb/class/cdc/device/example/sam3s4c_sam3s_ek/ui.o
 .debug_macro   0x0000a7c4      0x2d6 src/ASF/common/services/usb/class/cdc/device/example/sam3s4c_sam3s_ek/ui.o
 .debug_macro   0x0000aa9a      0x6d2 src/ASF/common/services/usb/class/cdc/device/example/sam3s4c_sam3s_ek/ui.o
 .debug_macro   0x0000b16c       0x76 src/ASF/common/services/usb/class/cdc/device/example/sam3s4c_sam3s_ek/ui.o
 .debug_macro   0x0000b1e2       0xb8 src/ASF/common/services/usb/class/cdc/device/example/sam3s4c_sam3s_ek/ui.o
 .debug_macro   0x0000b29a       0xb2 src/ASF/common/services/usb/class/cdc/device/example/sam3s4c_sam3s_ek/ui.o
 .debug_macro   0x0000b34c       0x88 src/ASF/common/services/usb/class/cdc/device/example/sam3s4c_sam3s_ek/ui.o
 .debug_macro   0x0000b3d4      0x105 src/ASF/common/services/usb/class/cdc/device/example/sam3s4c_sam3s_ek/ui.o
 .debug_macro   0x0000b4d9      0x105 src/ASF/common/services/usb/class/cdc/device/example/sam3s4c_sam3s_ek/ui.o
 .debug_macro   0x0000b5de       0x88 src/ASF/common/services/usb/class/cdc/device/example/sam3s4c_sam3s_ek/ui.o
 .debug_macro   0x0000b666       0x88 src/ASF/common/services/usb/class/cdc/device/example/sam3s4c_sam3s_ek/ui.o
 .debug_macro   0x0000b6ee      0x2cd src/ASF/common/services/usb/class/cdc/device/example/sam3s4c_sam3s_ek/ui.o
 .debug_macro   0x0000b9bb       0xb2 src/ASF/common/services/usb/class/cdc/device/example/sam3s4c_sam3s_ek/ui.o
 .debug_macro   0x0000ba6d       0xb2 src/ASF/common/services/usb/class/cdc/device/example/sam3s4c_sam3s_ek/ui.o
 .debug_macro   0x0000bb1f       0x52 src/ASF/common/services/usb/class/cdc/device/example/sam3s4c_sam3s_ek/ui.o
 .debug_macro   0x0000bb71       0xac src/ASF/common/services/usb/class/cdc/device/example/sam3s4c_sam3s_ek/ui.o
 .debug_macro   0x0000bc1d       0x7c src/ASF/common/services/usb/class/cdc/device/example/sam3s4c_sam3s_ek/ui.o
 .debug_macro   0x0000bc99       0x40 src/ASF/common/services/usb/class/cdc/device/example/sam3s4c_sam3s_ek/ui.o
 .debug_macro   0x0000bcd9       0x64 src/ASF/common/services/usb/class/cdc/device/example/sam3s4c_sam3s_ek/ui.o
 .debug_macro   0x0000bd3d       0xa0 src/ASF/common/services/usb/class/cdc/device/example/sam3s4c_sam3s_ek/ui.o
 .debug_macro   0x0000bddd       0x4c src/ASF/common/services/usb/class/cdc/device/example/sam3s4c_sam3s_ek/ui.o
 .debug_macro   0x0000be29       0xa6 src/ASF/common/services/usb/class/cdc/device/example/sam3s4c_sam3s_ek/ui.o
 .debug_macro   0x0000becf       0x7c src/ASF/common/services/usb/class/cdc/device/example/sam3s4c_sam3s_ek/ui.o
 .debug_macro   0x0000bf4b       0x16 src/ASF/common/services/usb/class/cdc/device/example/sam3s4c_sam3s_ek/ui.o
 .debug_macro   0x0000bf61       0x7c src/ASF/common/services/usb/class/cdc/device/example/sam3s4c_sam3s_ek/ui.o
 .debug_macro   0x0000bfdd       0x22 src/ASF/common/services/usb/class/cdc/device/example/sam3s4c_sam3s_ek/ui.o
 .debug_macro   0x0000bfff      0x195 src/ASF/common/services/usb/class/cdc/device/example/sam3s4c_sam3s_ek/ui.o
 .debug_macro   0x0000c194      0x165 src/ASF/common/services/usb/class/cdc/device/example/sam3s4c_sam3s_ek/ui.o
 .debug_macro   0x0000c2f9      0x165 src/ASF/common/services/usb/class/cdc/device/example/sam3s4c_sam3s_ek/ui.o
 .debug_macro   0x0000c45e       0x1c src/ASF/common/services/usb/class/cdc/device/example/sam3s4c_sam3s_ek/ui.o
 .debug_macro   0x0000c47a       0x2e src/ASF/common/services/usb/class/cdc/device/example/sam3s4c_sam3s_ek/ui.o
 .debug_macro   0x0000c4a8       0x22 src/ASF/common/services/usb/class/cdc/device/example/sam3s4c_sam3s_ek/ui.o
 .debug_macro   0x0000c4ca       0x1c src/ASF/common/services/usb/class/cdc/device/example/sam3s4c_sam3s_ek/ui.o
 .debug_macro   0x0000c4e6       0x52 src/ASF/common/services/usb/class/cdc/device/example/sam3s4c_sam3s_ek/ui.o
 .debug_macro   0x0000c538       0x10 src/ASF/common/services/usb/class/cdc/device/example/sam3s4c_sam3s_ek/ui.o
 .debug_macro   0x0000c548      0x218 src/ASF/common/services/usb/class/cdc/device/example/sam3s4c_sam3s_ek/ui.o
 .debug_macro   0x0000c760      0x91c src/ASF/common/services/usb/class/cdc/device/example/sam3s4c_sam3s_ek/ui.o
 .debug_macro   0x0000d07c       0xc1 src/ASF/common/services/usb/class/cdc/device/example/sam3s4c_sam3s_ek/ui.o
 .debug_macro   0x0000d13d       0x52 src/ASF/common/services/usb/class/cdc/device/example/sam3s4c_sam3s_ek/ui.o
 .debug_macro   0x0000d18f       0x35 src/ASF/common/services/usb/class/cdc/device/example/sam3s4c_sam3s_ek/ui.o
 .debug_macro   0x0000d1c4       0x9c src/ASF/common/services/usb/class/cdc/device/example/sam3s4c_sam3s_ek/ui.o
 .debug_macro   0x0000d260       0x16 src/ASF/common/services/usb/class/cdc/device/example/sam3s4c_sam3s_ek/ui.o
 .debug_macro   0x0000d276       0x35 src/ASF/common/services/usb/class/cdc/device/example/sam3s4c_sam3s_ek/ui.o
 .debug_macro   0x0000d2ab      0x330 src/ASF/common/services/usb/class/cdc/device/example/sam3s4c_sam3s_ek/ui.o
 .debug_macro   0x0000d5db       0x10 src/ASF/common/services/usb/class/cdc/device/example/sam3s4c_sam3s_ek/ui.o
 .debug_macro   0x0000d5eb       0x52 src/ASF/common/services/usb/class/cdc/device/example/sam3s4c_sam3s_ek/ui.o
 .debug_macro   0x0000d63d       0x1f src/ASF/common/services/usb/class/cdc/device/example/sam3s4c_sam3s_ek/ui.o
 .debug_macro   0x0000d65c       0x43 src/ASF/common/services/usb/class/cdc/device/example/sam3s4c_sam3s_ek/ui.o
 .debug_macro   0x0000d69f       0x20 src/ASF/common/services/usb/class/cdc/device/example/sam3s4c_sam3s_ek/ui.o
 .debug_macro   0x0000d6bf      0x187 src/ASF/common/services/usb/class/cdc/device/example/sam3s4c_sam3s_ek/ui.o
 .debug_macro   0x0000d846       0x10 src/ASF/common/services/usb/class/cdc/device/example/sam3s4c_sam3s_ek/ui.o
 .debug_macro   0x0000d856       0x1c src/ASF/common/services/usb/class/cdc/device/example/sam3s4c_sam3s_ek/ui.o
 .debug_macro   0x0000d872       0x52 src/ASF/common/services/usb/class/cdc/device/example/sam3s4c_sam3s_ek/ui.o
 .debug_macro   0x0000d8c4       0x40 src/ASF/common/services/usb/class/cdc/device/example/sam3s4c_sam3s_ek/ui.o
 .debug_macro   0x0000d904       0x10 src/ASF/common/services/usb/class/cdc/device/example/sam3s4c_sam3s_ek/ui.o
 .debug_macro   0x0000d914       0x40 src/ASF/common/services/usb/class/cdc/device/example/sam3s4c_sam3s_ek/ui.o
 .debug_macro   0x0000d954       0xd7 src/ASF/common/services/usb/class/cdc/device/example/sam3s4c_sam3s_ek/ui.o
 .debug_macro   0x0000da2b       0x16 src/ASF/common/services/usb/class/cdc/device/example/sam3s4c_sam3s_ek/ui.o
 .debug_macro   0x0000da41      0x18b src/ASF/common/services/usb/class/cdc/device/example/sam3s4c_sam3s_ek/ui.o
 .debug_macro   0x0000dbcc       0x22 src/ASF/common/services/usb/class/cdc/device/example/sam3s4c_sam3s_ek/ui.o
 .debug_macro   0x0000dbee       0x16 src/ASF/common/services/usb/class/cdc/device/example/sam3s4c_sam3s_ek/ui.o
 .debug_macro   0x0000dc04       0x16 src/ASF/common/services/usb/class/cdc/device/example/sam3s4c_sam3s_ek/ui.o
 .debug_macro   0x0000dc1a       0x29 src/ASF/common/services/usb/class/cdc/device/example/sam3s4c_sam3s_ek/ui.o
 .debug_macro   0x0000dc43       0x75 src/ASF/common/services/usb/class/cdc/device/example/sam3s4c_sam3s_ek/ui.o
 .debug_macro   0x0000dcb8       0x45 src/ASF/common/services/usb/class/cdc/device/example/sam3s4c_sam3s_ek/ui.o
 .debug_macro   0x0000dcfd      0x3ca src/ASF/common/services/usb/class/cdc/device/example/sam3s4c_sam3s_ek/ui.o
 .debug_macro   0x0000e0c7       0x94 src/ASF/common/services/usb/class/cdc/device/example/sam3s4c_sam3s_ek/ui.o
 .debug_macro   0x0000e15b       0x40 src/ASF/common/services/usb/class/cdc/device/example/sam3s4c_sam3s_ek/ui.o
 .debug_macro   0x0000e19b      0x2c6 src/ASF/common/services/usb/class/cdc/device/example/sam3s4c_sam3s_ek/ui.o
 .debug_macro   0x0000e461      0x9da src/ASF/common/services/usb/class/cdc/device/example/sam3s4c_sam3s_ek/ui.o
 .debug_macro   0x0000ee3b       0x46 src/ASF/common/services/usb/class/cdc/device/example/sam3s4c_sam3s_ek/ui.o
 .debug_macro   0x0000ee81       0x5e src/ASF/common/services/usb/class/cdc/device/example/sam3s4c_sam3s_ek/ui.o
 .debug_macro   0x0000eedf       0x64 src/ASF/common/services/usb/class/cdc/device/example/sam3s4c_sam3s_ek/ui.o
 .debug_macro   0x0000ef43       0x46 src/ASF/common/services/usb/class/cdc/device/example/sam3s4c_sam3s_ek/ui.o
 .debug_macro   0x0000ef89       0x90 src/ASF/common/services/usb/class/cdc/device/example/sam3s4c_sam3s_ek/ui.o
 .debug_macro   0x0000f019       0x82 src/ASF/common/services/usb/class/cdc/device/example/sam3s4c_sam3s_ek/ui.o
 .debug_macro   0x0000f09b       0x34 src/ASF/common/services/usb/class/cdc/device/example/sam3s4c_sam3s_ek/ui.o
 .debug_macro   0x0000f0cf       0x10 src/ASF/common/services/usb/class/cdc/device/example/sam3s4c_sam3s_ek/ui.o
 .debug_macro   0x0000f0df       0x10 src/ASF/common/services/usb/class/cdc/device/example/sam3s4c_sam3s_ek/ui.o
 .debug_macro   0x0000f0ef       0x2e src/ASF/common/services/usb/class/cdc/device/example/sam3s4c_sam3s_ek/ui.o
 .debug_macro   0x0000f11d      0x228 src/ASF/common/services/usb/class/cdc/device/example/sam3s4c_sam3s_ek/ui.o
 .debug_macro   0x0000f345       0xad src/ASF/common/services/usb/class/cdc/device/example/sam3s4c_sam3s_ek/ui.o
 .debug_macro   0x0000f3f2       0x9c src/ASF/common/services/usb/class/cdc/device/example/sam3s4c_sam3s_ek/ui.o
 .debug_macro   0x0000f48e      0x24b src/ASF/common/services/usb/class/cdc/device/example/sam3s4c_sam3s_ek/ui.o
 .debug_macro   0x0000f6d9      0x162 src/ASF/common/services/usb/class/cdc/device/example/sam3s4c_sam3s_ek/ui.o
 .debug_macro   0x0000f83b       0x16 src/ASF/common/services/usb/class/cdc/device/example/sam3s4c_sam3s_ek/ui.o
 .debug_macro   0x0000f851       0x1c src/ASF/common/services/usb/class/cdc/device/example/sam3s4c_sam3s_ek/ui.o
 .debug_macro   0x0000f86d      0x192 src/ASF/common/services/usb/class/cdc/device/example/sam3s4c_sam3s_ek/ui.o
 .debug_macro   0x0000f9ff      0x576 src/ASF/common/services/clock/sam3s/sysclk.o
 .debug_macro   0x0000ff75      0x2c0 src/ASF/common/services/clock/sam3s/sysclk.o
 .debug_macro   0x00010235      0x51c src/ASF/common/services/sleepmgr/sam/sleepmgr.o
 .debug_macro   0x00010751      0x664 src/ASF/common/services/usb/class/cdc/device/udi_cdc.o
 .debug_macro   0x00010db5       0xa7 src/ASF/common/services/usb/class/cdc/device/udi_cdc.o
 .debug_macro   0x00010e5c       0x16 src/ASF/common/services/usb/class/cdc/device/udi_cdc.o
 .debug_macro   0x00010e72      0x5cc src/ASF/common/services/usb/class/cdc/device/udi_cdc_desc.o
 .debug_macro   0x0001143e      0x5b8 src/ASF/common/services/usb/udc/udc.o
 .debug_macro   0x000119f6      0x500 src/ASF/common/utils/interrupt/interrupt_sam_nvic.o
 .debug_macro   0x00011ef6       0x3f src/ASF/common/utils/interrupt/interrupt_sam_nvic.o
 .debug_macro   0x00011f35      0x5b5 src/ASF/sam/boards/sam3s_ek/init.o
 .debug_macro   0x000124ea       0x10 src/ASF/sam/boards/sam3s_ek/init.o
 .debug_macro   0x000124fa      0x563 src/ASF/sam/boards/sam3s_ek/led.o
 .debug_macro   0x00012a5d      0x511 src/ASF/sam/drivers/pio/pio.o
 .debug_macro   0x00012f6e       0x8e src/ASF/sam/drivers/pio/pio.o
 .debug_macro   0x00012ffc      0x515 src/ASF/sam/drivers/pio/pio_handler.o
 .debug_macro   0x00013511      0x50b src/ASF/sam/drivers/pmc/pmc.o
 .debug_macro   0x00013a1c       0x58 src/ASF/sam/drivers/pmc/pmc.o
 .debug_macro   0x00013a74      0x531 src/ASF/sam/drivers/pmc/sleep.o
 .debug_macro   0x00013fa5      0x6a9 src/ASF/sam/drivers/udp/udp_device.o
 .debug_macro   0x0001464e       0x88 src/ASF/sam/drivers/udp/udp_device.o
 .debug_macro   0x000146d6      0x3f3 src/ASF/sam/drivers/udp/udp_device.o
 .debug_macro   0x00014ac9      0x541 src/ASF/sam/drivers/usart/usart.o
 .debug_macro   0x0001500a       0x28 src/ASF/sam/drivers/usart/usart.o
 .debug_macro   0x00015032      0x50a src/ASF/sam/utils/cmsis/sam3s/source/templates/exceptions.o
 .debug_macro   0x0001553c      0x518 src/ASF/sam/utils/cmsis/sam3s/source/templates/gcc/startup_sam3s.o
 .debug_macro   0x00015a54      0x512 src/ASF/sam/utils/cmsis/sam3s/source/templates/system_sam3s.o
 .debug_macro   0x00015f66       0x26 src/ASF/sam/utils/cmsis/sam3s/source/templates/system_sam3s.o
 .debug_macro   0x00015f8c      0x6d4 src/main.o
 .debug_macro   0x00016660      0x6ea src/uart_sam.o
 .debug_macro   0x00016d4a       0x34 src/uart_sam.o

.debug_line     0x00000000    0x11479
 .debug_line    0x00000000      0xfc0 src/ASF/common/services/usb/class/cdc/device/example/sam3s4c_sam3s_ek/ui.o
 .debug_line    0x00000fc0      0xc1a src/ASF/common/services/clock/sam3s/sysclk.o
 .debug_line    0x00001bda      0xafa src/ASF/common/services/sleepmgr/sam/sleepmgr.o
 .debug_line    0x000026d4     0x132d src/ASF/common/services/usb/class/cdc/device/udi_cdc.o
 .debug_line    0x00003a01      0xbf8 src/ASF/common/services/usb/class/cdc/device/udi_cdc_desc.o
 .debug_line    0x000045f9      0xe26 src/ASF/common/services/usb/udc/udc.o
 .debug_line    0x0000541f      0xaac src/ASF/common/utils/interrupt/interrupt_sam_nvic.o
 .debug_line    0x00005ecb      0xc87 src/ASF/sam/boards/sam3s_ek/init.o
 .debug_line    0x00006b52      0xb6f src/ASF/sam/boards/sam3s_ek/led.o
 .debug_line    0x000076c1      0xf41 src/ASF/sam/drivers/pio/pio.o
 .debug_line    0x00008602      0xb5c src/ASF/sam/drivers/pio/pio_handler.o
 .debug_line    0x0000915e     0x1011 src/ASF/sam/drivers/pmc/pmc.o
 .debug_line    0x0000a16f      0xc10 src/ASF/sam/drivers/pmc/sleep.o
 .debug_line    0x0000ad7f     0x17ca src/ASF/sam/drivers/udp/udp_device.o
 .debug_line    0x0000c549     0x100e src/ASF/sam/drivers/usart/usart.o
 .debug_line    0x0000d557      0xa6d src/ASF/sam/utils/cmsis/sam3s/source/templates/exceptions.o
 .debug_line    0x0000dfc4      0xab6 src/ASF/sam/utils/cmsis/sam3s/source/templates/gcc/startup_sam3s.o
 .debug_line    0x0000ea7a      0xadd src/ASF/sam/utils/cmsis/sam3s/source/templates/system_sam3s.o
 .debug_line    0x0000f557      0xfa6 src/main.o
 .debug_line    0x000104fd      0xf7c src/uart_sam.o

.debug_str      0x00000000    0x57c32
 .debug_str     0x00000000    0x506ba src/ASF/common/services/usb/class/cdc/device/example/sam3s4c_sam3s_ek/ui.o
                              0x50b05 (size before relaxing)
 .debug_str     0x000506ba      0x46a src/ASF/common/services/clock/sam3s/sysclk.o
                              0x4c7f9 (size before relaxing)
 .debug_str     0x00050b24       0x9a src/ASF/common/services/sleepmgr/sam/sleepmgr.o
                              0x47dd7 (size before relaxing)
 .debug_str     0x00050bbe      0xdde src/ASF/common/services/usb/class/cdc/device/udi_cdc.o
                              0x50423 (size before relaxing)
 .debug_str     0x0005199c      0x44c src/ASF/common/services/usb/class/cdc/device/udi_cdc_desc.o
                              0x4fa43 (size before relaxing)
 .debug_str     0x00051de8      0x7c1 src/ASF/common/services/usb/udc/udc.o
                              0x4eaf8 (size before relaxing)
 .debug_str     0x000525a9       0x65 src/ASF/common/utils/interrupt/interrupt_sam_nvic.o
                              0x47c9b (size before relaxing)
 .debug_str     0x0005260e      0x394 src/ASF/sam/boards/sam3s_ek/init.o
                              0x4d005 (size before relaxing)
 .debug_str     0x000529a2      0x104 src/ASF/sam/boards/sam3s_ek/led.o
                              0x4c13c (size before relaxing)
 .debug_str     0x00052aa6      0x5b7 src/ASF/sam/drivers/pio/pio.o
                              0x488a1 (size before relaxing)
 .debug_str     0x0005305d      0x3fb src/ASF/sam/drivers/pio/pio_handler.o
                              0x48789 (size before relaxing)
 .debug_str     0x00053458      0x58d src/ASF/sam/drivers/pmc/pmc.o
                              0x48684 (size before relaxing)
 .debug_str     0x000539e5      0x17e src/ASF/sam/drivers/pmc/sleep.o
                              0x4c09b (size before relaxing)
 .debug_str     0x00053b63     0x32a3 src/ASF/sam/drivers/udp/udp_device.o
                              0x52b34 (size before relaxing)
 .debug_str     0x00056e06      0x901 src/ASF/sam/drivers/usart/usart.o
                              0x48684 (size before relaxing)
 .debug_str     0x00057707       0x4d src/ASF/sam/utils/cmsis/sam3s/source/templates/exceptions.o
                              0x47c64 (size before relaxing)
 .debug_str     0x00057754       0xd4 src/ASF/sam/utils/cmsis/sam3s/source/templates/gcc/startup_sam3s.o
                              0x47d60 (size before relaxing)
 .debug_str     0x00057828      0x15c src/ASF/sam/utils/cmsis/sam3s/source/templates/system_sam3s.o
                              0x47f32 (size before relaxing)
 .debug_str     0x00057984       0x91 src/main.o
                              0x50c1d (size before relaxing)
 .debug_str     0x00057a15      0x21d src/uart_sam.o
                              0x513b7 (size before relaxing)

.debug_frame    0x00000000     0x1bb8
 .debug_frame   0x00000000      0x100 src/ASF/common/services/usb/class/cdc/device/example/sam3s4c_sam3s_ek/ui.o
 .debug_frame   0x00000100       0x88 src/ASF/common/services/clock/sam3s/sysclk.o
 .debug_frame   0x00000188      0x494 src/ASF/common/services/usb/class/cdc/device/udi_cdc.o
 .debug_frame   0x0000061c      0x13c src/ASF/common/services/usb/udc/udc.o
 .debug_frame   0x00000758       0x30 src/ASF/common/utils/interrupt/interrupt_sam_nvic.o
 .debug_frame   0x00000788       0x28 src/ASF/sam/boards/sam3s_ek/init.o
 .debug_frame   0x000007b0       0x50 src/ASF/sam/boards/sam3s_ek/led.o
 .debug_frame   0x00000800      0x384 src/ASF/sam/drivers/pio/pio.o
 .debug_frame   0x00000b84       0xf4 src/ASF/sam/drivers/pio/pio_handler.o
 .debug_frame   0x00000c78      0x3f8 src/ASF/sam/drivers/pmc/pmc.o
 .debug_frame   0x00001070       0x68 src/ASF/sam/drivers/pmc/sleep.o
 .debug_frame   0x000010d8      0x37c src/ASF/sam/drivers/udp/udp_device.o
 .debug_frame   0x00001454      0x48c src/ASF/sam/drivers/usart/usart.o
 .debug_frame   0x000018e0       0x20 src/ASF/sam/utils/cmsis/sam3s/source/templates/exceptions.o
 .debug_frame   0x00001900       0x28 src/ASF/sam/utils/cmsis/sam3s/source/templates/gcc/startup_sam3s.o
 .debug_frame   0x00001928       0x40 src/ASF/sam/utils/cmsis/sam3s/source/templates/system_sam3s.o
 .debug_frame   0x00001968       0xb8 src/main.o
 .debug_frame   0x00001a20       0x94 src/uart_sam.o
 .debug_frame   0x00001ab4       0x2c c:/program files (x86)/atmel/studio/7.0/toolchain/arm/arm-gnu-toolchain/bin/../lib/gcc/arm-none-eabi/6.2.1/../../../../arm-none-eabi/lib/thumb/v7-m\libc.a(lib_a-init.o)
 .debug_frame   0x00001ae0       0x50 c:/program files (x86)/atmel/studio/7.0/toolchain/arm/arm-gnu-toolchain/bin/../lib/gcc/arm-none-eabi/6.2.1/../../../../arm-none-eabi/lib/thumb/v7-m\libc.a(lib_a-__call_atexit.o)
 .debug_frame   0x00001b30       0x20 c:/program files (x86)/atmel/studio/7.0/toolchain/arm/arm-gnu-toolchain/bin/../lib/gcc/arm-none-eabi/6.2.1/../../../../arm-none-eabi/lib/thumb/v7-m\libc.a(lib_a-atexit.o)
 .debug_frame   0x00001b50       0x34 c:/program files (x86)/atmel/studio/7.0/toolchain/arm/arm-gnu-toolchain/bin/../lib/gcc/arm-none-eabi/6.2.1/../../../../arm-none-eabi/lib/thumb/v7-m\libc.a(lib_a-fini.o)
 .debug_frame   0x00001b84       0x34 c:/program files (x86)/atmel/studio/7.0/toolchain/arm/arm-gnu-toolchain/bin/../lib/gcc/arm-none-eabi/6.2.1/../../../../arm-none-eabi/lib/thumb/v7-m\libc.a(lib_a-__atexit.o)

Cross Reference Table

Symbol                                            File
ACC_Handler                                       src/ASF/sam/utils/cmsis/sam3s/source/templates/exceptions.o
                                                  src/ASF/sam/utils/cmsis/sam3s/source/templates/gcc/startup_sam3s.o
ADC_Handler                                       src/ASF/sam/utils/cmsis/sam3s/source/templates/exceptions.o
                                                  src/ASF/sam/utils/cmsis/sam3s/source/templates/gcc/startup_sam3s.o
BusFault_Handler                                  src/ASF/sam/utils/cmsis/sam3s/source/templates/exceptions.o
                                                  src/ASF/sam/utils/cmsis/sam3s/source/templates/gcc/startup_sam3s.o
CRCCU_Handler                                     src/ASF/sam/utils/cmsis/sam3s/source/templates/exceptions.o
                                                  src/ASF/sam/utils/cmsis/sam3s/source/templates/gcc/startup_sam3s.o
DACC_Handler                                      src/ASF/sam/utils/cmsis/sam3s/source/templates/exceptions.o
                                                  src/ASF/sam/utils/cmsis/sam3s/source/templates/gcc/startup_sam3s.o
DebugMon_Handler                                  src/ASF/sam/utils/cmsis/sam3s/source/templates/exceptions.o
                                                  src/ASF/sam/utils/cmsis/sam3s/source/templates/gcc/startup_sam3s.o
Dummy_Handler                                     src/ASF/sam/utils/cmsis/sam3s/source/templates/exceptions.o
                                                  src/ASF/sam/utils/cmsis/sam3s/source/templates/gcc/startup_sam3s.o
EFC_Handler                                       src/ASF/sam/utils/cmsis/sam3s/source/templates/exceptions.o
                                                  src/ASF/sam/utils/cmsis/sam3s/source/templates/gcc/startup_sam3s.o
HSMCI_Handler                                     src/ASF/sam/utils/cmsis/sam3s/source/templates/exceptions.o
                                                  src/ASF/sam/utils/cmsis/sam3s/source/templates/gcc/startup_sam3s.o
HardFault_Handler                                 src/ASF/sam/utils/cmsis/sam3s/source/templates/exceptions.o
                                                  src/ASF/sam/utils/cmsis/sam3s/source/templates/gcc/startup_sam3s.o
LED_Off                                           src/ASF/sam/boards/sam3s_ek/led.o
                                                  src/ASF/common/services/usb/class/cdc/device/example/sam3s4c_sam3s_ek/ui.o
LED_On                                            src/ASF/sam/boards/sam3s_ek/led.o
                                                  src/ASF/common/services/usb/class/cdc/device/example/sam3s4c_sam3s_ek/ui.o
MemManage_Handler                                 src/ASF/sam/utils/cmsis/sam3s/source/templates/exceptions.o
                                                  src/ASF/sam/utils/cmsis/sam3s/source/templates/gcc/startup_sam3s.o
NMI_Handler                                       src/ASF/sam/utils/cmsis/sam3s/source/templates/exceptions.o
                                                  src/ASF/sam/utils/cmsis/sam3s/source/templates/gcc/startup_sam3s.o
PIOA_Handler                                      src/ASF/sam/drivers/pio/pio_handler.o
                                                  src/ASF/sam/utils/cmsis/sam3s/source/templates/gcc/startup_sam3s.o
PIOB_Handler                                      src/ASF/sam/drivers/pio/pio_handler.o
                                                  src/ASF/sam/utils/cmsis/sam3s/source/templates/gcc/startup_sam3s.o
PIOC_Handler                                      src/ASF/sam/drivers/pio/pio_handler.o
                                                  src/ASF/sam/utils/cmsis/sam3s/source/templates/gcc/startup_sam3s.o
PMC_Handler                                       src/ASF/sam/utils/cmsis/sam3s/source/templates/exceptions.o
                                                  src/ASF/sam/utils/cmsis/sam3s/source/templates/gcc/startup_sam3s.o
PWM_Handler                                       src/ASF/sam/utils/cmsis/sam3s/source/templates/exceptions.o
                                                  src/ASF/sam/utils/cmsis/sam3s/source/templates/gcc/startup_sam3s.o
PendSV_Handler                                    src/ASF/sam/utils/cmsis/sam3s/source/templates/exceptions.o
                                                  src/ASF/sam/utils/cmsis/sam3s/source/templates/gcc/startup_sam3s.o
RSTC_Handler                                      src/ASF/sam/utils/cmsis/sam3s/source/templates/exceptions.o
                                                  src/ASF/sam/utils/cmsis/sam3s/source/templates/gcc/startup_sam3s.o
RTC_Handler                                       src/ASF/sam/utils/cmsis/sam3s/source/templates/exceptions.o
                                                  src/ASF/sam/utils/cmsis/sam3s/source/templates/gcc/startup_sam3s.o
RTT_Handler                                       src/ASF/sam/utils/cmsis/sam3s/source/templates/exceptions.o
                                                  src/ASF/sam/utils/cmsis/sam3s/source/templates/gcc/startup_sam3s.o
Reset_Handler                                     src/ASF/sam/utils/cmsis/sam3s/source/templates/gcc/startup_sam3s.o
                                                  src/ASF/sam/utils/cmsis/sam3s/source/templates/exceptions.o
SMC_Handler                                       src/ASF/sam/utils/cmsis/sam3s/source/templates/exceptions.o
                                                  src/ASF/sam/utils/cmsis/sam3s/source/templates/gcc/startup_sam3s.o
SPI_Handler                                       src/ASF/sam/utils/cmsis/sam3s/source/templates/exceptions.o
                                                  src/ASF/sam/utils/cmsis/sam3s/source/templates/gcc/startup_sam3s.o
SSC_Handler                                       src/ASF/sam/utils/cmsis/sam3s/source/templates/exceptions.o
                                                  src/ASF/sam/utils/cmsis/sam3s/source/templates/gcc/startup_sam3s.o
SUPC_Handler                                      src/ASF/sam/utils/cmsis/sam3s/source/templates/exceptions.o
                                                  src/ASF/sam/utils/cmsis/sam3s/source/templates/gcc/startup_sam3s.o
SVC_Handler                                       src/ASF/sam/utils/cmsis/sam3s/source/templates/exceptions.o
                                                  src/ASF/sam/utils/cmsis/sam3s/source/templates/gcc/startup_sam3s.o
SysTick_Handler                                   src/ASF/sam/utils/cmsis/sam3s/source/templates/exceptions.o
                                                  src/ASF/sam/utils/cmsis/sam3s/source/templates/gcc/startup_sam3s.o
SystemCoreClock                                   src/ASF/sam/utils/cmsis/sam3s/source/templates/system_sam3s.o
SystemCoreClockUpdate                             src/ASF/sam/utils/cmsis/sam3s/source/templates/system_sam3s.o
                                                  src/ASF/common/services/clock/sam3s/sysclk.o
SystemInit                                        src/ASF/sam/utils/cmsis/sam3s/source/templates/system_sam3s.o
TC0_Handler                                       src/ASF/sam/utils/cmsis/sam3s/source/templates/exceptions.o
                                                  src/ASF/sam/utils/cmsis/sam3s/source/templates/gcc/startup_sam3s.o
TC1_Handler                                       src/ASF/sam/utils/cmsis/sam3s/source/templates/exceptions.o
                                                  src/ASF/sam/utils/cmsis/sam3s/source/templates/gcc/startup_sam3s.o
TC2_Handler                                       src/ASF/sam/utils/cmsis/sam3s/source/templates/exceptions.o
                                                  src/ASF/sam/utils/cmsis/sam3s/source/templates/gcc/startup_sam3s.o
TC3_Handler                                       src/ASF/sam/utils/cmsis/sam3s/source/templates/exceptions.o
                                                  src/ASF/sam/utils/cmsis/sam3s/source/templates/gcc/startup_sam3s.o
TC4_Handler                                       src/ASF/sam/utils/cmsis/sam3s/source/templates/exceptions.o
                                                  src/ASF/sam/utils/cmsis/sam3s/source/templates/gcc/startup_sam3s.o
TC5_Handler                                       src/ASF/sam/utils/cmsis/sam3s/source/templates/exceptions.o
                                                  src/ASF/sam/utils/cmsis/sam3s/source/templates/gcc/startup_sam3s.o
TWI0_Handler                                      src/ASF/sam/utils/cmsis/sam3s/source/templates/exceptions.o
                                                  src/ASF/sam/utils/cmsis/sam3s/source/templates/gcc/startup_sam3s.o
TWI1_Handler                                      src/ASF/sam/utils/cmsis/sam3s/source/templates/exceptions.o
                                                  src/ASF/sam/utils/cmsis/sam3s/source/templates/gcc/startup_sam3s.o
UART0_Handler                                     src/uart_sam.o
                                                  src/ASF/sam/utils/cmsis/sam3s/source/templates/exceptions.o
                                                  src/ASF/sam/utils/cmsis/sam3s/source/templates/gcc/startup_sam3s.o
UART1_Handler                                     src/ASF/sam/utils/cmsis/sam3s/source/templates/exceptions.o
                                                  src/ASF/sam/utils/cmsis/sam3s/source/templates/gcc/startup_sam3s.o
UDP_Handler                                       src/ASF/sam/drivers/udp/udp_device.o
                                                  src/ASF/sam/utils/cmsis/sam3s/source/templates/gcc/startup_sam3s.o
USART0_Handler                                    src/ASF/sam/utils/cmsis/sam3s/source/templates/exceptions.o
                                                  src/ASF/sam/utils/cmsis/sam3s/source/templates/gcc/startup_sam3s.o
USART1_Handler                                    src/ASF/sam/utils/cmsis/sam3s/source/templates/exceptions.o
                                                  src/ASF/sam/utils/cmsis/sam3s/source/templates/gcc/startup_sam3s.o
UsageFault_Handler                                src/ASF/sam/utils/cmsis/sam3s/source/templates/exceptions.o
                                                  src/ASF/sam/utils/cmsis/sam3s/source/templates/gcc/startup_sam3s.o
WDT_Handler                                       src/ASF/sam/utils/cmsis/sam3s/source/templates/exceptions.o
                                                  src/ASF/sam/utils/cmsis/sam3s/source/templates/gcc/startup_sam3s.o
_Jv_RegisterClasses                               c:/program files (x86)/atmel/studio/7.0/toolchain/arm/arm-gnu-toolchain/bin/../lib/gcc/arm-none-eabi/6.2.1/thumb/v7-m/crtbegin.o
__bss_end__                                       c:/program files (x86)/atmel/studio/7.0/toolchain/arm/arm-gnu-toolchain/bin/../lib/gcc/arm-none-eabi/6.2.1/../../../../arm-none-eabi/lib/thumb/v7-m/crt0.o
__bss_start__                                     c:/program files (x86)/atmel/studio/7.0/toolchain/arm/arm-gnu-toolchain/bin/../lib/gcc/arm-none-eabi/6.2.1/../../../../arm-none-eabi/lib/thumb/v7-m/crt0.o
__call_exitprocs                                  c:/program files (x86)/atmel/studio/7.0/toolchain/arm/arm-gnu-toolchain/bin/../lib/gcc/arm-none-eabi/6.2.1/../../../../arm-none-eabi/lib/thumb/v7-m\libc.a(lib_a-__call_atexit.o)
                                                  c:/program files (x86)/atmel/studio/7.0/toolchain/arm/arm-gnu-toolchain/bin/../lib/gcc/arm-none-eabi/6.2.1/../../../../arm-none-eabi/lib/thumb/v7-m\libc.a(lib_a-exit.o)
__deregister_frame_info                           c:/program files (x86)/atmel/studio/7.0/toolchain/arm/arm-gnu-toolchain/bin/../lib/gcc/arm-none-eabi/6.2.1/thumb/v7-m/crtbegin.o
__dso_handle                                      c:/program files (x86)/atmel/studio/7.0/toolchain/arm/arm-gnu-toolchain/bin/../lib/gcc/arm-none-eabi/6.2.1/thumb/v7-m/crtbegin.o
__fini_array_end                                  c:/program files (x86)/atmel/studio/7.0/toolchain/arm/arm-gnu-toolchain/bin/../lib/gcc/arm-none-eabi/6.2.1/../../../../arm-none-eabi/lib/thumb/v7-m\libc.a(lib_a-fini.o)
__fini_array_start                                c:/program files (x86)/atmel/studio/7.0/toolchain/arm/arm-gnu-toolchain/bin/../lib/gcc/arm-none-eabi/6.2.1/../../../../arm-none-eabi/lib/thumb/v7-m\libc.a(lib_a-fini.o)
__init_array_end                                  c:/program files (x86)/atmel/studio/7.0/toolchain/arm/arm-gnu-toolchain/bin/../lib/gcc/arm-none-eabi/6.2.1/../../../../arm-none-eabi/lib/thumb/v7-m\libc.a(lib_a-init.o)
__init_array_start                                c:/program files (x86)/atmel/studio/7.0/toolchain/arm/arm-gnu-toolchain/bin/../lib/gcc/arm-none-eabi/6.2.1/../../../../arm-none-eabi/lib/thumb/v7-m\libc.a(lib_a-init.o)
__libc_fini                                       c:/program files (x86)/atmel/studio/7.0/toolchain/arm/arm-gnu-toolchain/bin/../lib/gcc/arm-none-eabi/6.2.1/../../../../arm-none-eabi/lib/thumb/v7-m\libc.a(lib_a-__call_atexit.o)
__libc_fini_array                                 c:/program files (x86)/atmel/studio/7.0/toolchain/arm/arm-gnu-toolchain/bin/../lib/gcc/arm-none-eabi/6.2.1/../../../../arm-none-eabi/lib/thumb/v7-m\libc.a(lib_a-fini.o)
                                                  c:/program files (x86)/atmel/studio/7.0/toolchain/arm/arm-gnu-toolchain/bin/../lib/gcc/arm-none-eabi/6.2.1/../../../../arm-none-eabi/lib/thumb/v7-m\libc.a(lib_a-__call_atexit.o)
                                                  c:/program files (x86)/atmel/studio/7.0/toolchain/arm/arm-gnu-toolchain/bin/../lib/gcc/arm-none-eabi/6.2.1/../../../../arm-none-eabi/lib/thumb/v7-m/crt0.o
__libc_init_array                                 c:/program files (x86)/atmel/studio/7.0/toolchain/arm/arm-gnu-toolchain/bin/../lib/gcc/arm-none-eabi/6.2.1/../../../../arm-none-eabi/lib/thumb/v7-m\libc.a(lib_a-init.o)
                                                  src/ASF/sam/utils/cmsis/sam3s/source/templates/gcc/startup_sam3s.o
                                                  c:/program files (x86)/atmel/studio/7.0/toolchain/arm/arm-gnu-toolchain/bin/../lib/gcc/arm-none-eabi/6.2.1/../../../../arm-none-eabi/lib/thumb/v7-m/crt0.o
__preinit_array_end                               c:/program files (x86)/atmel/studio/7.0/toolchain/arm/arm-gnu-toolchain/bin/../lib/gcc/arm-none-eabi/6.2.1/../../../../arm-none-eabi/lib/thumb/v7-m\libc.a(lib_a-init.o)
__preinit_array_start                             c:/program files (x86)/atmel/studio/7.0/toolchain/arm/arm-gnu-toolchain/bin/../lib/gcc/arm-none-eabi/6.2.1/../../../../arm-none-eabi/lib/thumb/v7-m\libc.a(lib_a-init.o)